Archive member included to satisfy reference by file (symbol)

/home/sebas/Repositories/GitHub/sgaviriav_Robotica/PeripheralsDrivers/Debug/libPeripheralsDrivers.a(gpio_driver_hal.o)
                              ./Src/pll_test.o (gpio_Config)
/home/sebas/Repositories/GitHub/sgaviriav_Robotica/PeripheralsDrivers/Debug/libPeripheralsDrivers.a(pll_driver_hal.o)
                              ./Src/pll_test.o (systemClock_100MHz)
/opt/st/stm32cubeide_1.10.1/plugins/com.st.stm32cube.ide.mcu.externaltools.gnu-tools-for-stm32.10.3-2021.10.linux64_1.0.0.202111181127/tools/bin/../lib/gcc/arm-none-eabi/10.3.1/../../../../arm-none-eabi/lib/thumb/v7e-m+fp/hard/libc_nano.a(lib_a-errno.o)
                              ./Src/syscalls.o (__errno)
/opt/st/stm32cubeide_1.10.1/plugins/com.st.stm32cube.ide.mcu.externaltools.gnu-tools-for-stm32.10.3-2021.10.linux64_1.0.0.202111181127/tools/bin/../lib/gcc/arm-none-eabi/10.3.1/../../../../arm-none-eabi/lib/thumb/v7e-m+fp/hard/libc_nano.a(lib_a-exit.o)
                              /opt/st/stm32cubeide_1.10.1/plugins/com.st.stm32cube.ide.mcu.externaltools.gnu-tools-for-stm32.10.3-2021.10.linux64_1.0.0.202111181127/tools/bin/../lib/gcc/arm-none-eabi/10.3.1/../../../../arm-none-eabi/lib/thumb/v7e-m+fp/hard/crt0.o (exit)
/opt/st/stm32cubeide_1.10.1/plugins/com.st.stm32cube.ide.mcu.externaltools.gnu-tools-for-stm32.10.3-2021.10.linux64_1.0.0.202111181127/tools/bin/../lib/gcc/arm-none-eabi/10.3.1/../../../../arm-none-eabi/lib/thumb/v7e-m+fp/hard/libc_nano.a(lib_a-impure.o)
                              /opt/st/stm32cubeide_1.10.1/plugins/com.st.stm32cube.ide.mcu.externaltools.gnu-tools-for-stm32.10.3-2021.10.linux64_1.0.0.202111181127/tools/bin/../lib/gcc/arm-none-eabi/10.3.1/../../../../arm-none-eabi/lib/thumb/v7e-m+fp/hard/libc_nano.a(lib_a-exit.o) (_global_impure_ptr)
/opt/st/stm32cubeide_1.10.1/plugins/com.st.stm32cube.ide.mcu.externaltools.gnu-tools-for-stm32.10.3-2021.10.linux64_1.0.0.202111181127/tools/bin/../lib/gcc/arm-none-eabi/10.3.1/../../../../arm-none-eabi/lib/thumb/v7e-m+fp/hard/libc_nano.a(lib_a-init.o)
                              /opt/st/stm32cubeide_1.10.1/plugins/com.st.stm32cube.ide.mcu.externaltools.gnu-tools-for-stm32.10.3-2021.10.linux64_1.0.0.202111181127/tools/bin/../lib/gcc/arm-none-eabi/10.3.1/../../../../arm-none-eabi/lib/thumb/v7e-m+fp/hard/crt0.o (__libc_init_array)
/opt/st/stm32cubeide_1.10.1/plugins/com.st.stm32cube.ide.mcu.externaltools.gnu-tools-for-stm32.10.3-2021.10.linux64_1.0.0.202111181127/tools/bin/../lib/gcc/arm-none-eabi/10.3.1/../../../../arm-none-eabi/lib/thumb/v7e-m+fp/hard/libc_nano.a(lib_a-memcmp.o)
                              ./ThirdParty/SEGGER/OS/SEGGER_SYSVIEW_FreeRTOS.o (memcmp)
/opt/st/stm32cubeide_1.10.1/plugins/com.st.stm32cube.ide.mcu.externaltools.gnu-tools-for-stm32.10.3-2021.10.linux64_1.0.0.202111181127/tools/bin/../lib/gcc/arm-none-eabi/10.3.1/../../../../arm-none-eabi/lib/thumb/v7e-m+fp/hard/libc_nano.a(lib_a-memcpy-stub.o)
                              ./ThirdParty/FreeRTOS/queue.o (memcpy)
/opt/st/stm32cubeide_1.10.1/plugins/com.st.stm32cube.ide.mcu.externaltools.gnu-tools-for-stm32.10.3-2021.10.linux64_1.0.0.202111181127/tools/bin/../lib/gcc/arm-none-eabi/10.3.1/../../../../arm-none-eabi/lib/thumb/v7e-m+fp/hard/libc_nano.a(lib_a-memset.o)
                              /opt/st/stm32cubeide_1.10.1/plugins/com.st.stm32cube.ide.mcu.externaltools.gnu-tools-for-stm32.10.3-2021.10.linux64_1.0.0.202111181127/tools/bin/../lib/gcc/arm-none-eabi/10.3.1/../../../../arm-none-eabi/lib/thumb/v7e-m+fp/hard/crt0.o (memset)
/opt/st/stm32cubeide_1.10.1/plugins/com.st.stm32cube.ide.mcu.externaltools.gnu-tools-for-stm32.10.3-2021.10.linux64_1.0.0.202111181127/tools/bin/../lib/gcc/arm-none-eabi/10.3.1/../../../../arm-none-eabi/lib/thumb/v7e-m+fp/hard/libc_nano.a(lib_a-strlen.o)
                              ./ThirdParty/SEGGER/SEGGER/SEGGER_RTT.o (strlen)

Discarded input sections

 .text          0x0000000000000000        0x0 /opt/st/stm32cubeide_1.10.1/plugins/com.st.stm32cube.ide.mcu.externaltools.gnu-tools-for-stm32.10.3-2021.10.linux64_1.0.0.202111181127/tools/bin/../lib/gcc/arm-none-eabi/10.3.1/thumb/v7e-m+fp/hard/crti.o
 .data          0x0000000000000000        0x0 /opt/st/stm32cubeide_1.10.1/plugins/com.st.stm32cube.ide.mcu.externaltools.gnu-tools-for-stm32.10.3-2021.10.linux64_1.0.0.202111181127/tools/bin/../lib/gcc/arm-none-eabi/10.3.1/thumb/v7e-m+fp/hard/crti.o
 .bss           0x0000000000000000        0x0 /opt/st/stm32cubeide_1.10.1/plugins/com.st.stm32cube.ide.mcu.externaltools.gnu-tools-for-stm32.10.3-2021.10.linux64_1.0.0.202111181127/tools/bin/../lib/gcc/arm-none-eabi/10.3.1/thumb/v7e-m+fp/hard/crti.o
 .data          0x0000000000000000        0x4 /opt/st/stm32cubeide_1.10.1/plugins/com.st.stm32cube.ide.mcu.externaltools.gnu-tools-for-stm32.10.3-2021.10.linux64_1.0.0.202111181127/tools/bin/../lib/gcc/arm-none-eabi/10.3.1/thumb/v7e-m+fp/hard/crtbegin.o
[...]
Memory Configuration

Name             Origin             Length             Attributes
RAM              0x0000000020000000 0x0000000000020000 xrw
FLASH            0x0000000008000000 0x0000000000080000 xr
*default*        0x0000000000000000 0xffffffffffffffff

Linker script and memory map

LOAD /opt/st/stm32cubeide_1.10.1/plugins/com.st.stm32cube.ide.mcu.externaltools.gnu-tools-for-stm32.10.3-2021.10.linux64_1.0.0.202111181127/tools/bin/../lib/gcc/arm-none-eabi/10.3.1/thumb/v7e-m+fp/hard/crti.o
LOAD /opt/st/stm32cubeide_1.10.1/plugins/com.st.stm32cube.ide.mcu.externaltools.gnu-tools-for-stm32.10.3-2021.10.linux64_1.0.0.202111181127/tools/bin/../lib/gcc/arm-none-eabi/10.3.1/thumb/v7e-m+fp/hard/crtbegin.o
LOAD /opt/st/stm32cubeide_1.10.1/plugins/com.st.stm32cube.ide.mcu.externaltools.gnu-tools-for-stm32.10.3-2021.10.linux64_1.0.0.202111181127/tools/bin/../lib/gcc/arm-none-eabi/10.3.1/../../../../arm-none-eabi/lib/thumb/v7e-m+fp/hard/crt0.o
LOAD ./Src/pll_test.o
LOAD ./Src/syscalls.o
LOAD ./Startup/startup_stm32f411retx.o
LOAD ./ThirdParty/FreeRTOS/croutine.o
LOAD ./ThirdParty/FreeRTOS/event_groups.o
LOAD ./ThirdParty/FreeRTOS/list.o
LOAD ./ThirdParty/FreeRTOS/queue.o
LOAD ./ThirdParty/FreeRTOS/stream_buffer.o
LOAD ./ThirdParty/FreeRTOS/tasks.o
LOAD ./ThirdParty/FreeRTOS/timers.o
LOAD ./ThirdParty/FreeRTOS/portable/GCC/ARM_CM4F/port.o
LOAD ./ThirdParty/FreeRTOS/portable/MemMang/heap_4.o
LOAD ./ThirdParty/SEGGER/Config/SEGGER_SYSVIEW_Config_FreeRTOS.o
LOAD ./ThirdParty/SEGGER/OS/SEGGER_SYSVIEW_FreeRTOS.o
LOAD ./ThirdParty/SEGGER/Rec/segger_uart.o
LOAD ./ThirdParty/SEGGER/SEGGER/SEGGER_RTT.o
LOAD ./ThirdParty/SEGGER/SEGGER/SEGGER_RTT_ASM_ARMv7M.o
LOAD ./ThirdParty/SEGGER/SEGGER/SEGGER_RTT_printf.o
LOAD ./ThirdParty/SEGGER/SEGGER/SEGGER_SYSVIEW.o
LOAD ./ThirdParty/SEGGER/SEGGER/Syscalls/SEGGER_RTT_Syscalls_GCC.o
LOAD /home/sebas/Repositories/GitHub/sgaviriav_Robotica/PeripheralsDrivers/Debug/libPeripheralsDrivers.a
START GROUP
LOAD /opt/st/stm32cubeide_1.10.1/plugins/com.st.stm32cube.ide.mcu.externaltools.gnu-tools-for-stm32.10.3-2021.10.linux64_1.0.0.202111181127/tools/bin/../lib/gcc/arm-none-eabi/10.3.1/../../../../arm-none-eabi/lib/thumb/v7e-m+fp/hard/libc_nano.a
LOAD /opt/st/stm32cubeide_1.10.1/plugins/com.st.stm32cube.ide.mcu.externaltools.gnu-tools-for-stm32.10.3-2021.10.linux64_1.0.0.202111181127/tools/bin/../lib/gcc/arm-none-eabi/10.3.1/../../../../arm-none-eabi/lib/thumb/v7e-m+fp/hard/libm.a
END GROUP
START GROUP
LOAD /opt/st/stm32cubeide_1.10.1/plugins/com.st.stm32cube.ide.mcu.externaltools.gnu-tools-for-stm32.10.3-2021.10.linux64_1.0.0.202111181127/tools/bin/../lib/gcc/arm-none-eabi/10.3.1/thumb/v7e-m+fp/hard/libgcc.a
LOAD /opt/st/stm32cubeide_1.10.1/plugins/com.st.stm32cube.ide.mcu.externaltools.gnu-tools-for-stm32.10.3-2021.10.linux64_1.0.0.202111181127/tools/bin/../lib/gcc/arm-none-eabi/10.3.1/../../../../arm-none-eabi/lib/thumb/v7e-m+fp/hard/libc_nano.a
END GROUP
START GROUP
LOAD /opt/st/stm32cubeide_1.10.1/plugins/com.st.stm32cube.ide.mcu.externaltools.gnu-tools-for-stm32.10.3-2021.10.linux64_1.0.0.202111181127/tools/bin/../lib/gcc/arm-none-eabi/10.3.1/thumb/v7e-m+fp/hard/libgcc.a
LOAD /opt/st/stm32cubeide_1.10.1/plugins/com.st.stm32cube.ide.mcu.externaltools.gnu-tools-for-stm32.10.3-2021.10.linux64_1.0.0.202111181127/tools/bin/../lib/gcc/arm-none-eabi/10.3.1/../../../../arm-none-eabi/lib/thumb/v7e-m+fp/hard/libc_nano.a
LOAD /opt/st/stm32cubeide_1.10.1/plugins/com.st.stm32cube.ide.mcu.externaltools.gnu-tools-for-stm32.10.3-2021.10.linux64_1.0.0.202111181127/tools/bin/../lib/gcc/arm-none-eabi/10.3.1/../../../../arm-none-eabi/lib/thumb/v7e-m+fp/hard/libnosys.a
END GROUP
START GROUP
LOAD /opt/st/stm32cubeide_1.10.1/plugins/com.st.stm32cube.ide.mcu.externaltools.gnu-tools-for-stm32.10.3-2021.10.linux64_1.0.0.202111181127/tools/bin/../lib/gcc/arm-none-eabi/10.3.1/thumb/v7e-m+fp/hard/libgcc.a
LOAD /opt/st/stm32cubeide_1.10.1/plugins/com.st.stm32cube.ide.mcu.externaltools.gnu-tools-for-stm32.10.3-2021.10.linux64_1.0.0.202111181127/tools/bin/../lib/gcc/arm-none-eabi/10.3.1/../../../../arm-none-eabi/lib/thumb/v7e-m+fp/hard/libc_nano.a
LOAD /opt/st/stm32cubeide_1.10.1/plugins/com.st.stm32cube.ide.mcu.externaltools.gnu-tools-for-stm32.10.3-2021.10.linux64_1.0.0.202111181127/tools/bin/../lib/gcc/arm-none-eabi/10.3.1/../../../../arm-none-eabi/lib/thumb/v7e-m+fp/hard/libnosys.a
END GROUP
LOAD /opt/st/stm32cubeide_1.10.1/plugins/com.st.stm32cube.ide.mcu.externaltools.gnu-tools-for-stm32.10.3-2021.10.linux64_1.0.0.202111181127/tools/bin/../lib/gcc/arm-none-eabi/10.3.1/thumb/v7e-m+fp/hard/crtend.o
LOAD /opt/st/stm32cubeide_1.10.1/plugins/com.st.stm32cube.ide.mcu.externaltools.gnu-tools-for-stm32.10.3-2021.10.linux64_1.0.0.202111181127/tools/bin/../lib/gcc/arm-none-eabi/10.3.1/thumb/v7e-m+fp/hard/crtn.o
                0x0000000020020000                _estack = (ORIGIN (RAM) + LENGTH (RAM))
                0x0000000000000200                _Min_Heap_Size = 0x200
                0x0000000000000400                _Min_Stack_Size = 0x400

.isr_vector     0x0000000008000000      0x198
                0x0000000008000000                . = ALIGN (0x4)
 *(.isr_vector)
 .isr_vector    0x0000000008000000      0x198 ./Startup/startup_stm32f411retx.o
                0x0000000008000000                g_pfnVectors
                0x0000000008000198                . = ALIGN (0x4)

.text           0x00000000080001a0     0x5860
                0x00000000080001a0                . = ALIGN (0x4)
 *(.text)
 .text          0x00000000080001a0       0x40 /opt/st/stm32cubeide_1.10.1/plugins/com.st.stm32cube.ide.mcu.externaltools.gnu-tools-for-stm32.10.3-2021.10.linux64_1.0.0.202111181127/tools/bin/../lib/gcc/arm-none-eabi/10.3.1/thumb/v7e-m+fp/hard/crtbegin.o
 .text          0x00000000080001e0       0x94 ./ThirdParty/SEGGER/SEGGER/SEGGER_RTT_ASM_ARMv7M.o
                0x00000000080001e0                SEGGER_RTT_ASM_WriteSkipNoLock
 *(.text*)
 .text.main     0x0000000008000274      0x100 ./Src/pll_test.o
                0x0000000008000274                main
 .text.vTask_Blink_Led
                0x0000000008000374       0x54 ./Src/pll_test.o
                0x0000000008000374                vTask_Blink_Led
 .text.vTaskTwo
                0x00000000080003c8       0x4c ./Src/pll_test.o
                0x00000000080003c8                vTaskTwo
 .text.initSystem
                0x0000000008000414       0x68 ./Src/pll_test.o
                0x0000000008000414                initSystem
 .text.Reset_Handler
                0x000000000800047c       0x50 ./Startup/startup_stm32f411retx.o
                0x000000000800047c                Reset_Handler
 .text.Default_Handler
                0x00000000080004cc        0x2 ./Startup/startup_stm32f411retx.o
                0x00000000080004cc                RTC_Alarm_IRQHandler
                0x00000000080004cc                EXTI2_IRQHandler
                0x00000000080004cc                DebugMon_Handler
                0x00000000080004cc                SPI4_IRQHandler
                0x00000000080004cc                TIM1_CC_IRQHandler
                0x00000000080004cc                DMA2_Stream5_IRQHandler
                0x00000000080004cc                HardFault_Handler
                0x00000000080004cc                DMA1_Stream5_IRQHandler
                0x00000000080004cc                PVD_IRQHandler
                0x00000000080004cc                SDIO_IRQHandler
                0x00000000080004cc                TAMP_STAMP_IRQHandler
                0x00000000080004cc                NMI_Handler
                0x00000000080004cc                EXTI3_IRQHandler
                0x00000000080004cc                TIM1_UP_TIM10_IRQHandler
                0x00000000080004cc                I2C3_ER_IRQHandler
                0x00000000080004cc                EXTI0_IRQHandler
                0x00000000080004cc                I2C2_EV_IRQHandler
                0x00000000080004cc                DMA1_Stream2_IRQHandler
                0x00000000080004cc                FPU_IRQHandler
                0x00000000080004cc                UsageFault_Handler
                0x00000000080004cc                DMA2_Stream2_IRQHandler
                0x00000000080004cc                SPI1_IRQHandler
                0x00000000080004cc                TIM1_BRK_TIM9_IRQHandler
                0x00000000080004cc                DMA2_Stream3_IRQHandler
                0x00000000080004cc                USART6_IRQHandler
                0x00000000080004cc                DMA2_Stream0_IRQHandler
                0x00000000080004cc                TIM4_IRQHandler
                0x00000000080004cc                I2C1_EV_IRQHandler
                0x00000000080004cc                DMA1_Stream6_IRQHandler
                0x00000000080004cc                DMA1_Stream1_IRQHandler
                0x00000000080004cc                TIM3_IRQHandler
                0x00000000080004cc                RCC_IRQHandler
                0x00000000080004cc                Default_Handler
                0x00000000080004cc                EXTI15_10_IRQHandler
                0x00000000080004cc                ADC_IRQHandler
                0x00000000080004cc                DMA1_Stream7_IRQHandler
                0x00000000080004cc                SPI5_IRQHandler
                0x00000000080004cc                TIM5_IRQHandler
                0x00000000080004cc                DMA2_Stream7_IRQHandler
                0x00000000080004cc                I2C3_EV_IRQHandler
                0x00000000080004cc                EXTI9_5_IRQHandler
                0x00000000080004cc                RTC_WKUP_IRQHandler
                0x00000000080004cc                SPI2_IRQHandler
                0x00000000080004cc                MemManage_Handler
                0x00000000080004cc                DMA1_Stream0_IRQHandler
                0x00000000080004cc                EXTI4_IRQHandler
                0x00000000080004cc                WWDG_IRQHandler
                0x00000000080004cc                TIM2_IRQHandler
                0x00000000080004cc                OTG_FS_WKUP_IRQHandler
                0x00000000080004cc                TIM1_TRG_COM_TIM11_IRQHandler
                0x00000000080004cc                EXTI1_IRQHandler
                0x00000000080004cc                I2C2_ER_IRQHandler
                0x00000000080004cc                DMA2_Stream1_IRQHandler
                0x00000000080004cc                FLASH_IRQHandler
                0x00000000080004cc                DMA2_Stream4_IRQHandler
                0x00000000080004cc                BusFault_Handler
                0x00000000080004cc                USART1_IRQHandler
                0x00000000080004cc                OTG_FS_IRQHandler
                0x00000000080004cc                SPI3_IRQHandler
                0x00000000080004cc                DMA1_Stream4_IRQHandler
                0x00000000080004cc                I2C1_ER_IRQHandler
                0x00000000080004cc                DMA2_Stream6_IRQHandler
                0x00000000080004cc                DMA1_Stream3_IRQHandler
 .text.vListInitialise
                0x00000000080004ce       0x40 ./ThirdParty/FreeRTOS/list.o
                0x00000000080004ce                vListInitialise
 .text.vListInitialiseItem
                0x000000000800050e       0x1a ./ThirdParty/FreeRTOS/list.o
                0x000000000800050e                vListInitialiseItem
 .text.vListInsertEnd
                0x0000000008000528       0x48 ./ThirdParty/FreeRTOS/list.o
                0x0000000008000528                vListInsertEnd
 .text.vListInsert
                0x0000000008000570       0x72 ./ThirdParty/FreeRTOS/list.o
                0x0000000008000570                vListInsert
 .text.uxListRemove
                0x00000000080005e2       0x54 ./ThirdParty/FreeRTOS/list.o
                0x00000000080005e2                uxListRemove
 *fill*         0x0000000008000636        0x2 
 .text.xQueueGenericReset
                0x0000000008000638       0xd0 ./ThirdParty/FreeRTOS/queue.o
                0x0000000008000638                xQueueGenericReset
 .text.xQueueGenericCreate
                0x0000000008000708       0xbe ./ThirdParty/FreeRTOS/queue.o
                0x0000000008000708                xQueueGenericCreate
 .text.prvInitialiseNewQueue
                0x00000000080007c6       0x52 ./ThirdParty/FreeRTOS/queue.o
 .text.xQueueGenericSend
                0x0000000008000818      0x24c ./ThirdParty/FreeRTOS/queue.o
                0x0000000008000818                xQueueGenericSend
 .text.xQueueGenericSendFromISR
                0x0000000008000a64      0x17c ./ThirdParty/FreeRTOS/queue.o
                0x0000000008000a64                xQueueGenericSendFromISR
 .text.xQueueReceive
                0x0000000008000be0      0x220 ./ThirdParty/FreeRTOS/queue.o
                0x0000000008000be0                xQueueReceive
 .text.prvCopyDataToQueue
                0x0000000008000e00       0xd4 ./ThirdParty/FreeRTOS/queue.o
 .text.prvCopyDataFromQueue
                0x0000000008000ed4       0x4c ./ThirdParty/FreeRTOS/queue.o
 .text.prvUnlockQueue
                0x0000000008000f20       0xa4 ./ThirdParty/FreeRTOS/queue.o
 .text.prvIsQueueEmpty
                0x0000000008000fc4       0x2c ./ThirdParty/FreeRTOS/queue.o
 .text.prvIsQueueFull
                0x0000000008000ff0       0x30 ./ThirdParty/FreeRTOS/queue.o
 .text.vQueueAddToRegistry
                0x0000000008001020       0x64 ./ThirdParty/FreeRTOS/queue.o
                0x0000000008001020                vQueueAddToRegistry
 .text.vQueueWaitForMessageRestricted
                0x0000000008001084       0x68 ./ThirdParty/FreeRTOS/queue.o
                0x0000000008001084                vQueueWaitForMessageRestricted
 .text.xTaskCreate
                0x00000000080010ec       0x82 ./ThirdParty/FreeRTOS/tasks.o
                0x00000000080010ec                xTaskCreate
 .text.prvInitialiseNewTask
                0x000000000800116e      0x12c ./ThirdParty/FreeRTOS/tasks.o
 *fill*         0x000000000800129a        0x2 
 .text.prvAddNewTaskToReadyList
                0x000000000800129c      0x118 ./ThirdParty/FreeRTOS/tasks.o
 .text.vTaskDelay
                0x00000000080013b4       0x70 ./ThirdParty/FreeRTOS/tasks.o
                0x00000000080013b4                vTaskDelay
 .text.vTaskStartScheduler
                0x0000000008001424       0xc4 ./ThirdParty/FreeRTOS/tasks.o
                0x0000000008001424                vTaskStartScheduler
 .text.vTaskSuspendAll
                0x00000000080014e8       0x1c ./ThirdParty/FreeRTOS/tasks.o
                0x00000000080014e8                vTaskSuspendAll
 .text.xTaskResumeAll
                0x0000000008001504      0x140 ./ThirdParty/FreeRTOS/tasks.o
                0x0000000008001504                xTaskResumeAll
 .text.xTaskGetTickCount
                0x0000000008001644       0x20 ./ThirdParty/FreeRTOS/tasks.o
                0x0000000008001644                xTaskGetTickCount
 .text.xTaskGetTickCountFromISR
                0x0000000008001664       0x24 ./ThirdParty/FreeRTOS/tasks.o
                0x0000000008001664                xTaskGetTickCountFromISR
 .text.xTaskIncrementTick
                0x0000000008001688      0x178 ./ThirdParty/FreeRTOS/tasks.o
                0x0000000008001688                xTaskIncrementTick
 .text.vTaskSwitchContext
                0x0000000008001800       0xd4 ./ThirdParty/FreeRTOS/tasks.o
                0x0000000008001800                vTaskSwitchContext
 .text.vTaskPlaceOnEventList
                0x00000000080018d4       0x48 ./ThirdParty/FreeRTOS/tasks.o
                0x00000000080018d4                vTaskPlaceOnEventList
 .text.vTaskPlaceOnEventListRestricted
                0x000000000800191c       0x5c ./ThirdParty/FreeRTOS/tasks.o
                0x000000000800191c                vTaskPlaceOnEventListRestricted
 .text.xTaskRemoveFromEventList
                0x0000000008001978       0xcc ./ThirdParty/FreeRTOS/tasks.o
                0x0000000008001978                xTaskRemoveFromEventList
 .text.vTaskInternalSetTimeOutState
                0x0000000008001a44       0x2c ./ThirdParty/FreeRTOS/tasks.o
                0x0000000008001a44                vTaskInternalSetTimeOutState
 .text.xTaskCheckForTimeOut
                0x0000000008001a70       0xcc ./ThirdParty/FreeRTOS/tasks.o
                0x0000000008001a70                xTaskCheckForTimeOut
 .text.vTaskMissedYield
                0x0000000008001b3c       0x18 ./ThirdParty/FreeRTOS/tasks.o
                0x0000000008001b3c                vTaskMissedYield
 .text.prvIdleTask
                0x0000000008001b54       0x30 ./ThirdParty/FreeRTOS/tasks.o
 .text.prvInitialiseTaskLists
                0x0000000008001b84       0x80 ./ThirdParty/FreeRTOS/tasks.o
 .text.prvCheckTasksWaitingTermination
                0x0000000008001c04       0x5c ./ThirdParty/FreeRTOS/tasks.o
 .text.prvDeleteTCB
                0x0000000008001c60       0x20 ./ThirdParty/FreeRTOS/tasks.o
 .text.prvResetNextTaskUnblockTime
                0x0000000008001c80       0x38 ./ThirdParty/FreeRTOS/tasks.o
 .text.xTaskGetSchedulerState
                0x0000000008001cb8       0x3c ./ThirdParty/FreeRTOS/tasks.o
                0x0000000008001cb8                xTaskGetSchedulerState
 .text.xTaskPriorityDisinherit
                0x0000000008001cf4      0x100 ./ThirdParty/FreeRTOS/tasks.o
                0x0000000008001cf4                xTaskPriorityDisinherit
 .text.xTaskGenericNotifyWait
                0x0000000008001df4      0x110 ./ThirdParty/FreeRTOS/tasks.o
                0x0000000008001df4                xTaskGenericNotifyWait
 .text.xTaskGenericNotify
                0x0000000008001f04      0x1e4 ./ThirdParty/FreeRTOS/tasks.o
                0x0000000008001f04                xTaskGenericNotify
 .text.prvAddCurrentTaskToDelayedList
                0x00000000080020e8       0xf0 ./ThirdParty/FreeRTOS/tasks.o
 .text.xTimerCreateTimerTask
                0x00000000080021d8       0x64 ./ThirdParty/FreeRTOS/timers.o
                0x00000000080021d8                xTimerCreateTimerTask
 .text.xTimerGenericCommand
                0x000000000800223c       0x9c ./ThirdParty/FreeRTOS/timers.o
                0x000000000800223c                xTimerGenericCommand
 .text.prvProcessExpiredTimer
                0x00000000080022d8       0x98 ./ThirdParty/FreeRTOS/timers.o
 .text.prvTimerTask
                0x0000000008002370       0x24 ./ThirdParty/FreeRTOS/timers.o
 .text.prvProcessTimerOrBlockTask
                0x0000000008002394       0x9c ./ThirdParty/FreeRTOS/timers.o
 .text.prvGetNextExpireTime
                0x0000000008002430       0x48 ./ThirdParty/FreeRTOS/timers.o
 .text.prvSampleTimeNow
                0x0000000008002478       0x40 ./ThirdParty/FreeRTOS/timers.o
 .text.prvInsertTimerInActiveList
                0x00000000080024b8       0x84 ./ThirdParty/FreeRTOS/timers.o
 .text.prvProcessReceivedCommands
                0x000000000800253c      0x18c ./ThirdParty/FreeRTOS/timers.o
 .text.prvSwitchTimerLists
                0x00000000080026c8       0xc8 ./ThirdParty/FreeRTOS/timers.o
 .text.prvCheckForValidListAndQueue
                0x0000000008002790       0x6c ./ThirdParty/FreeRTOS/timers.o
 .text.pxPortInitialiseStack
                0x00000000080027fc       0x68 ./ThirdParty/FreeRTOS/portable/GCC/ARM_CM4F/port.o
                0x00000000080027fc                pxPortInitialiseStack
 .text.prvTaskExitError
                0x0000000008002864       0x58 ./ThirdParty/FreeRTOS/portable/GCC/ARM_CM4F/port.o
 *fill*         0x00000000080028bc        0x4 
 .text.SVC_Handler
                0x00000000080028c0       0x28 ./ThirdParty/FreeRTOS/portable/GCC/ARM_CM4F/port.o
                0x00000000080028c0                SVC_Handler
 .text.prvPortStartFirstTask
                0x00000000080028e8       0x2c ./ThirdParty/FreeRTOS/portable/GCC/ARM_CM4F/port.o
 .text.xPortStartScheduler
                0x0000000008002914      0x144 ./ThirdParty/FreeRTOS/portable/GCC/ARM_CM4F/port.o
                0x0000000008002914                xPortStartScheduler
 .text.vPortEnterCritical
                0x0000000008002a58       0x60 ./ThirdParty/FreeRTOS/portable/GCC/ARM_CM4F/port.o
                0x0000000008002a58                vPortEnterCritical
 .text.vPortExitCritical
                0x0000000008002ab8       0x54 ./ThirdParty/FreeRTOS/portable/GCC/ARM_CM4F/port.o
                0x0000000008002ab8                vPortExitCritical
 *fill*         0x0000000008002b0c        0x4 
 .text.PendSV_Handler
                0x0000000008002b10       0x68 ./ThirdParty/FreeRTOS/portable/GCC/ARM_CM4F/port.o
                0x0000000008002b10                PendSV_Handler
 .text.SysTick_Handler
                0x0000000008002b78       0x54 ./ThirdParty/FreeRTOS/portable/GCC/ARM_CM4F/port.o
                0x0000000008002b78                SysTick_Handler
 .text.vPortSetupTimerInterrupt
                0x0000000008002bcc       0x48 ./ThirdParty/FreeRTOS/portable/GCC/ARM_CM4F/port.o
                0x0000000008002bcc                vPortSetupTimerInterrupt
 .text.vPortEnableVFP
                0x0000000008002c14       0x18 ./ThirdParty/FreeRTOS/portable/GCC/ARM_CM4F/port.o
 .text.vPortValidateInterruptPriority
                0x0000000008002c2c       0x80 ./ThirdParty/FreeRTOS/portable/GCC/ARM_CM4F/port.o
                0x0000000008002c2c                vPortValidateInterruptPriority
 .text.pvPortMalloc
                0x0000000008002cac      0x1c0 ./ThirdParty/FreeRTOS/portable/MemMang/heap_4.o
                0x0000000008002cac                pvPortMalloc
 .text.vPortFree
                0x0000000008002e6c       0xc4 ./ThirdParty/FreeRTOS/portable/MemMang/heap_4.o
                0x0000000008002e6c                vPortFree
 .text.prvHeapInit
                0x0000000008002f30       0xc4 ./ThirdParty/FreeRTOS/portable/MemMang/heap_4.o
 .text.prvInsertBlockIntoFreeList
                0x0000000008002ff4       0xb4 ./ThirdParty/FreeRTOS/portable/MemMang/heap_4.o
 .text._cbSendSystemDesc
                0x00000000080030a8       0x1c ./ThirdParty/SEGGER/Config/SEGGER_SYSVIEW_Config_FreeRTOS.o
 .text.SEGGER_SYSVIEW_Conf
                0x00000000080030c4       0x2c ./ThirdParty/SEGGER/Config/SEGGER_SYSVIEW_Config_FreeRTOS.o
                0x00000000080030c4                SEGGER_SYSVIEW_Conf
 .text._cbSendTaskList
                0x00000000080030f0       0x90 ./ThirdParty/SEGGER/OS/SEGGER_SYSVIEW_FreeRTOS.o
 .text._cbGetTime
                0x0000000008003180       0x86 ./ThirdParty/SEGGER/OS/SEGGER_SYSVIEW_FreeRTOS.o
 *fill*         0x0000000008003206        0x2 
 .text.SYSVIEW_AddTask
                0x0000000008003208       0xd0 ./ThirdParty/SEGGER/OS/SEGGER_SYSVIEW_FreeRTOS.o
                0x0000000008003208                SYSVIEW_AddTask
 .text.SYSVIEW_SendTaskInfo
                0x00000000080032d8       0x42 ./ThirdParty/SEGGER/OS/SEGGER_SYSVIEW_FreeRTOS.o
                0x00000000080032d8                SYSVIEW_SendTaskInfo
 *fill*         0x000000000800331a        0x2 
 .text.__NVIC_EnableIRQ
                0x000000000800331c       0x3c ./ThirdParty/SEGGER/Rec/segger_uart.o
 .text.__NVIC_SetPriority
                0x0000000008003358       0x54 ./ThirdParty/SEGGER/Rec/segger_uart.o
 .text._StartSysView
                0x00000000080033ac       0x1e ./ThirdParty/SEGGER/Rec/segger_uart.o
 *fill*         0x00000000080033ca        0x2 
 .text._cbOnUARTRx
                0x00000000080033cc       0x40 ./ThirdParty/SEGGER/Rec/segger_uart.o
 .text._cbOnUARTTx
                0x000000000800340c       0x64 ./ThirdParty/SEGGER/Rec/segger_uart.o
 .text.SEGGER_UART_init
                0x0000000008003470       0x24 ./ThirdParty/SEGGER/Rec/segger_uart.o
                0x0000000008003470                SEGGER_UART_init
 .text.USART2_IRQHandler
                0x0000000008003494       0x94 ./ThirdParty/SEGGER/Rec/segger_uart.o
                0x0000000008003494                USART2_IRQHandler
 .text.HIF_UART_EnableTXEInterrupt
                0x0000000008003528       0x20 ./ThirdParty/SEGGER/Rec/segger_uart.o
                0x0000000008003528                HIF_UART_EnableTXEInterrupt
 .text.HIF_UART_Init
                0x0000000008003548       0xf4 ./ThirdParty/SEGGER/Rec/segger_uart.o
                0x0000000008003548                HIF_UART_Init
 .text._DoInit  0x000000000800363c       0xb0 ./ThirdParty/SEGGER/SEGGER/SEGGER_RTT.o
 .text._WriteBlocking
                0x00000000080036ec       0xba ./ThirdParty/SEGGER/SEGGER/SEGGER_RTT.o
 .text._WriteNoCheck
                0x00000000080037a6       0x90 ./ThirdParty/SEGGER/SEGGER/SEGGER_RTT.o
 .text._GetAvailWriteSpace
                0x0000000008003836       0x46 ./ThirdParty/SEGGER/SEGGER/SEGGER_RTT.o
 .text.SEGGER_RTT_ReadUpBufferNoLock
                0x000000000800387c      0x10c ./ThirdParty/SEGGER/SEGGER/SEGGER_RTT.o
                0x000000000800387c                SEGGER_RTT_ReadUpBufferNoLock
 .text.SEGGER_RTT_ReadNoLock
                0x0000000008003988      0x10c ./ThirdParty/SEGGER/SEGGER/SEGGER_RTT.o
                0x0000000008003988                SEGGER_RTT_ReadNoLock
 .text.SEGGER_RTT_WriteDownBufferNoLock
                0x0000000008003a94       0xa0 ./ThirdParty/SEGGER/SEGGER/SEGGER_RTT.o
                0x0000000008003a94                SEGGER_RTT_WriteDownBufferNoLock
 .text.SEGGER_RTT_WriteDownBuffer
                0x0000000008003b34       0x4c ./ThirdParty/SEGGER/SEGGER/SEGGER_RTT.o
                0x0000000008003b34                SEGGER_RTT_WriteDownBuffer
 .text.SEGGER_RTT_AllocUpBuffer
                0x0000000008003b80      0x108 ./ThirdParty/SEGGER/SEGGER/SEGGER_RTT.o
                0x0000000008003b80                SEGGER_RTT_AllocUpBuffer
 .text.SEGGER_RTT_ConfigDownBuffer
                0x0000000008003c88       0xe0 ./ThirdParty/SEGGER/SEGGER/SEGGER_RTT.o
                0x0000000008003c88                SEGGER_RTT_ConfigDownBuffer
 .text._EncodeStr
                0x0000000008003d68       0x9a ./ThirdParty/SEGGER/SEGGER/SEGGER_SYSVIEW.o
 .text._PreparePacket
                0x0000000008003e02       0x18 ./ThirdParty/SEGGER/SEGGER/SEGGER_SYSVIEW.o
 *fill*         0x0000000008003e1a        0x2 
 .text._HandleIncomingPacket
                0x0000000008003e1c       0xe4 ./ThirdParty/SEGGER/SEGGER/SEGGER_SYSVIEW.o
 .text._TrySendOverflowPacket
                0x0000000008003f00       0xe8 ./ThirdParty/SEGGER/SEGGER/SEGGER_SYSVIEW.o
 .text._SendPacket
                0x0000000008003fe8      0x1d0 ./ThirdParty/SEGGER/SEGGER/SEGGER_SYSVIEW.o
 .text.SEGGER_SYSVIEW_Init
                0x00000000080041b8       0x88 ./ThirdParty/SEGGER/SEGGER/SEGGER_SYSVIEW.o
                0x00000000080041b8                SEGGER_SYSVIEW_Init
 .text.SEGGER_SYSVIEW_SetRAMBase
                0x0000000008004240       0x20 ./ThirdParty/SEGGER/SEGGER/SEGGER_SYSVIEW.o
                0x0000000008004240                SEGGER_SYSVIEW_SetRAMBase
 .text.SEGGER_SYSVIEW_RecordVoid
                0x0000000008004260       0x3c ./ThirdParty/SEGGER/SEGGER/SEGGER_SYSVIEW.o
                0x0000000008004260                SEGGER_SYSVIEW_RecordVoid
 .text.SEGGER_SYSVIEW_RecordU32
                0x000000000800429c       0x78 ./ThirdParty/SEGGER/SEGGER/SEGGER_SYSVIEW.o
                0x000000000800429c                SEGGER_SYSVIEW_RecordU32
 .text.SEGGER_SYSVIEW_RecordU32x2
                0x0000000008004314       0xb4 ./ThirdParty/SEGGER/SEGGER/SEGGER_SYSVIEW.o
                0x0000000008004314                SEGGER_SYSVIEW_RecordU32x2
 .text.SEGGER_SYSVIEW_RecordU32x3
                0x00000000080043c8       0xec ./ThirdParty/SEGGER/SEGGER/SEGGER_SYSVIEW.o
                0x00000000080043c8                SEGGER_SYSVIEW_RecordU32x3
 .text.SEGGER_SYSVIEW_RecordU32x4
                0x00000000080044b4      0x124 ./ThirdParty/SEGGER/SEGGER/SEGGER_SYSVIEW.o
                0x00000000080044b4                SEGGER_SYSVIEW_RecordU32x4
 .text.SEGGER_SYSVIEW_Start
                0x00000000080045d8      0x178 ./ThirdParty/SEGGER/SEGGER/SEGGER_SYSVIEW.o
                0x00000000080045d8                SEGGER_SYSVIEW_Start
 .text.SEGGER_SYSVIEW_Stop
                0x0000000008004750       0x4c ./ThirdParty/SEGGER/SEGGER/SEGGER_SYSVIEW.o
                0x0000000008004750                SEGGER_SYSVIEW_Stop
 .text.SEGGER_SYSVIEW_GetSysDesc
                0x000000000800479c      0x134 ./ThirdParty/SEGGER/SEGGER/SEGGER_SYSVIEW.o
                0x000000000800479c                SEGGER_SYSVIEW_GetSysDesc
 .text.SEGGER_SYSVIEW_SendTaskInfo
                0x00000000080048d0      0x1c8 ./ThirdParty/SEGGER/SEGGER/SEGGER_SYSVIEW.o
                0x00000000080048d0                SEGGER_SYSVIEW_SendTaskInfo
 .text.SEGGER_SYSVIEW_SendTaskList
                0x0000000008004a98       0x28 ./ThirdParty/SEGGER/SEGGER/SEGGER_SYSVIEW.o
                0x0000000008004a98                SEGGER_SYSVIEW_SendTaskList
 .text.SEGGER_SYSVIEW_SendSysDesc
                0x0000000008004ac0       0x48 ./ThirdParty/SEGGER/SEGGER/SEGGER_SYSVIEW.o
                0x0000000008004ac0                SEGGER_SYSVIEW_SendSysDesc
 .text.SEGGER_SYSVIEW_RecordSystime
                0x0000000008004b08       0x64 ./ThirdParty/SEGGER/SEGGER/SEGGER_SYSVIEW.o
                0x0000000008004b08                SEGGER_SYSVIEW_RecordSystime
 .text.SEGGER_SYSVIEW_RecordEnterISR
                0x0000000008004b6c       0x84 ./ThirdParty/SEGGER/SEGGER/SEGGER_SYSVIEW.o
                0x0000000008004b6c                SEGGER_SYSVIEW_RecordEnterISR
 .text.SEGGER_SYSVIEW_RecordExitISR
                0x0000000008004bf0       0x38 ./ThirdParty/SEGGER/SEGGER/SEGGER_SYSVIEW.o
                0x0000000008004bf0                SEGGER_SYSVIEW_RecordExitISR
 .text.SEGGER_SYSVIEW_RecordExitISRToScheduler
                0x0000000008004c28       0x38 ./ThirdParty/SEGGER/SEGGER/SEGGER_SYSVIEW.o
                0x0000000008004c28                SEGGER_SYSVIEW_RecordExitISRToScheduler
 .text.SEGGER_SYSVIEW_OnIdle
                0x0000000008004c60       0x38 ./ThirdParty/SEGGER/SEGGER/SEGGER_SYSVIEW.o
                0x0000000008004c60                SEGGER_SYSVIEW_OnIdle
 .text.SEGGER_SYSVIEW_OnTaskCreate
                0x0000000008004c98       0x84 ./ThirdParty/SEGGER/SEGGER/SEGGER_SYSVIEW.o
                0x0000000008004c98                SEGGER_SYSVIEW_OnTaskCreate
 .text.SEGGER_SYSVIEW_OnTaskStartExec
                0x0000000008004d1c       0x84 ./ThirdParty/SEGGER/SEGGER/SEGGER_SYSVIEW.o
                0x0000000008004d1c                SEGGER_SYSVIEW_OnTaskStartExec
 .text.SEGGER_SYSVIEW_OnTaskStartReady
                0x0000000008004da0       0x84 ./ThirdParty/SEGGER/SEGGER/SEGGER_SYSVIEW.o
                0x0000000008004da0                SEGGER_SYSVIEW_OnTaskStartReady
 .text.SEGGER_SYSVIEW_OnTaskStopReady
                0x0000000008004e24       0xc0 ./ThirdParty/SEGGER/SEGGER/SEGGER_SYSVIEW.o
                0x0000000008004e24                SEGGER_SYSVIEW_OnTaskStopReady
 .text.SEGGER_SYSVIEW_ShrinkId
                0x0000000008004ee4       0x20 ./ThirdParty/SEGGER/SEGGER/SEGGER_SYSVIEW.o
                0x0000000008004ee4                SEGGER_SYSVIEW_ShrinkId
 .text.SEGGER_SYSVIEW_SendModule
                0x0000000008004f04      0x100 ./ThirdParty/SEGGER/SEGGER/SEGGER_SYSVIEW.o
                0x0000000008004f04                SEGGER_SYSVIEW_SendModule
 .text.SEGGER_SYSVIEW_SendModuleDescription
                0x0000000008005004       0x3c ./ThirdParty/SEGGER/SEGGER/SEGGER_SYSVIEW.o
                0x0000000008005004                SEGGER_SYSVIEW_SendModuleDescription
 .text.SEGGER_SYSVIEW_SendNumModules
                0x0000000008005040       0x7c ./ThirdParty/SEGGER/SEGGER/SEGGER_SYSVIEW.o
                0x0000000008005040                SEGGER_SYSVIEW_SendNumModules
 .text.SEGGER_SYSVIEW_Warn
                0x00000000080050bc       0xb8 ./ThirdParty/SEGGER/SEGGER/SEGGER_SYSVIEW.o
                0x00000000080050bc                SEGGER_SYSVIEW_Warn
 .text.SEGGER_SYSVIEW_IsStarted
                0x0000000008005174       0x5c ./ThirdParty/SEGGER/SEGGER/SEGGER_SYSVIEW.o
                0x0000000008005174                SEGGER_SYSVIEW_IsStarted
 .text.gpio_Config
                0x00000000080051d0       0x34 /home/sebas/Repositories/GitHub/sgaviriav_Robotica/PeripheralsDrivers/Debug/libPeripheralsDrivers.a(gpio_driver_hal.o)
                0x00000000080051d0                gpio_Config
 .text.gpio_enable_clock_peripheral
                0x0000000008005204       0xc0 /home/sebas/Repositories/GitHub/sgaviriav_Robotica/PeripheralsDrivers/Debug/libPeripheralsDrivers.a(gpio_driver_hal.o)
 .text.gpio_config_mode
                0x00000000080052c4       0x58 /home/sebas/Repositories/GitHub/sgaviriav_Robotica/PeripheralsDrivers/Debug/libPeripheralsDrivers.a(gpio_driver_hal.o)
 .text.gpio_config_output_type
                0x000000000800531c       0x54 /home/sebas/Repositories/GitHub/sgaviriav_Robotica/PeripheralsDrivers/Debug/libPeripheralsDrivers.a(gpio_driver_hal.o)
 .text.gpio_config_output_speed
                0x0000000008005370       0x58 /home/sebas/Repositories/GitHub/sgaviriav_Robotica/PeripheralsDrivers/Debug/libPeripheralsDrivers.a(gpio_driver_hal.o)
 .text.gpio_config_pullup_pulldown
                0x00000000080053c8       0x58 /home/sebas/Repositories/GitHub/sgaviriav_Robotica/PeripheralsDrivers/Debug/libPeripheralsDrivers.a(gpio_driver_hal.o)
 .text.gpio_config_alternate_function
                0x0000000008005420       0xa8 /home/sebas/Repositories/GitHub/sgaviriav_Robotica/PeripheralsDrivers/Debug/libPeripheralsDrivers.a(gpio_driver_hal.o)
 .text.gpio_WritePin
                0x00000000080054c8       0x56 /home/sebas/Repositories/GitHub/sgaviriav_Robotica/PeripheralsDrivers/Debug/libPeripheralsDrivers.a(gpio_driver_hal.o)
                0x00000000080054c8                gpio_WritePin
 .text.gpio_ReadPin
                0x000000000800551e       0x48 /home/sebas/Repositories/GitHub/sgaviriav_Robotica/PeripheralsDrivers/Debug/libPeripheralsDrivers.a(gpio_driver_hal.o)
                0x000000000800551e                gpio_ReadPin
 .text.gpio_TooglePin
                0x0000000008005566       0x32 /home/sebas/Repositories/GitHub/sgaviriav_Robotica/PeripheralsDrivers/Debug/libPeripheralsDrivers.a(gpio_driver_hal.o)
                0x0000000008005566                gpio_TooglePin
 .text.PLL_config
                0x0000000008005598       0x4c /home/sebas/Repositories/GitHub/sgaviriav_Robotica/PeripheralsDrivers/Debug/libPeripheralsDrivers.a(pll_driver_hal.o)
                0x0000000008005598                PLL_config
 .text.PLL_DriverOnOff
                0x00000000080055e4       0x3c /home/sebas/Repositories/GitHub/sgaviriav_Robotica/PeripheralsDrivers/Debug/libPeripheralsDrivers.a(pll_driver_hal.o)
                0x00000000080055e4                PLL_DriverOnOff
 .text.PLL_chooseClock
                0x0000000008005620       0x38 /home/sebas/Repositories/GitHub/sgaviriav_Robotica/PeripheralsDrivers/Debug/libPeripheralsDrivers.a(pll_driver_hal.o)
                0x0000000008005620                PLL_chooseClock
 .text.PLL_reFactorM
                0x0000000008005658       0x60 /home/sebas/Repositories/GitHub/sgaviriav_Robotica/PeripheralsDrivers/Debug/libPeripheralsDrivers.a(pll_driver_hal.o)
                0x0000000008005658                PLL_reFactorM
 .text.PLL_reFactorN
                0x00000000080056b8       0x60 /home/sebas/Repositories/GitHub/sgaviriav_Robotica/PeripheralsDrivers/Debug/libPeripheralsDrivers.a(pll_driver_hal.o)
                0x00000000080056b8                PLL_reFactorN
 .text.PLL_reFactorP
                0x0000000008005718       0x38 /home/sebas/Repositories/GitHub/sgaviriav_Robotica/PeripheralsDrivers/Debug/libPeripheralsDrivers.a(pll_driver_hal.o)
                0x0000000008005718                PLL_reFactorP
 .text.restartBits
                0x0000000008005750       0x8c /home/sebas/Repositories/GitHub/sgaviriav_Robotica/PeripheralsDrivers/Debug/libPeripheralsDrivers.a(pll_driver_hal.o)
                0x0000000008005750                restartBits
 .text.PLL_ON_forSystem
                0x00000000080057dc       0xf0 /home/sebas/Repositories/GitHub/sgaviriav_Robotica/PeripheralsDrivers/Debug/libPeripheralsDrivers.a(pll_driver_hal.o)
                0x00000000080057dc                PLL_ON_forSystem
 .text.systemClock_100MHz
                0x00000000080058cc       0x34 /home/sebas/Repositories/GitHub/sgaviriav_Robotica/PeripheralsDrivers/Debug/libPeripheralsDrivers.a(pll_driver_hal.o)
                0x00000000080058cc                systemClock_100MHz
 .text.systemClock_Output
                0x0000000008005900       0x54 /home/sebas/Repositories/GitHub/sgaviriav_Robotica/PeripheralsDrivers/Debug/libPeripheralsDrivers.a(pll_driver_hal.o)
                0x0000000008005900                systemClock_Output
 .text.__libc_init_array
                0x0000000008005954       0x48 /opt/st/stm32cubeide_1.10.1/plugins/com.st.stm32cube.ide.mcu.externaltools.gnu-tools-for-stm32.10.3-2021.10.linux64_1.0.0.202111181127/tools/bin/../lib/gcc/arm-none-eabi/10.3.1/../../../../arm-none-eabi/lib/thumb/v7e-m+fp/hard/libc_nano.a(lib_a-init.o)
                0x0000000008005954                __libc_init_array
 .text.memcmp   0x000000000800599c       0x20 /opt/st/stm32cubeide_1.10.1/plugins/com.st.stm32cube.ide.mcu.externaltools.gnu-tools-for-stm32.10.3-2021.10.linux64_1.0.0.202111181127/tools/bin/../lib/gcc/arm-none-eabi/10.3.1/../../../../arm-none-eabi/lib/thumb/v7e-m+fp/hard/libc_nano.a(lib_a-memcmp.o)
                0x000000000800599c                memcmp
 .text.memcpy   0x00000000080059bc       0x1c /opt/st/stm32cubeide_1.10.1/plugins/com.st.stm32cube.ide.mcu.externaltools.gnu-tools-for-stm32.10.3-2021.10.linux64_1.0.0.202111181127/tools/bin/../lib/gcc/arm-none-eabi/10.3.1/../../../../arm-none-eabi/lib/thumb/v7e-m+fp/hard/libc_nano.a(lib_a-memcpy-stub.o)
                0x00000000080059bc                memcpy
 .text.memset   0x00000000080059d8       0x10 /opt/st/stm32cubeide_1.10.1/plugins/com.st.stm32cube.ide.mcu.externaltools.gnu-tools-for-stm32.10.3-2021.10.linux64_1.0.0.202111181127/tools/bin/../lib/gcc/arm-none-eabi/10.3.1/../../../../arm-none-eabi/lib/thumb/v7e-m+fp/hard/libc_nano.a(lib_a-memset.o)
                0x00000000080059d8                memset
 *(.glue_7)
 .glue_7        0x00000000080059e8        0x0 linker stubs
 *(.glue_7t)
 .glue_7t       0x00000000080059e8        0x0 linker stubs
 *(.eh_frame)
 .eh_frame      0x00000000080059e8        0x0 /opt/st/stm32cubeide_1.10.1/plugins/com.st.stm32cube.ide.mcu.externaltools.gnu-tools-for-stm32.10.3-2021.10.linux64_1.0.0.202111181127/tools/bin/../lib/gcc/arm-none-eabi/10.3.1/thumb/v7e-m+fp/hard/crtbegin.o
 *(.init)
 .init          0x00000000080059e8        0x4 /opt/st/stm32cubeide_1.10.1/plugins/com.st.stm32cube.ide.mcu.externaltools.gnu-tools-for-stm32.10.3-2021.10.linux64_1.0.0.202111181127/tools/bin/../lib/gcc/arm-none-eabi/10.3.1/thumb/v7e-m+fp/hard/crti.o
                0x00000000080059e8                _init
 .init          0x00000000080059ec        0x8 /opt/st/stm32cubeide_1.10.1/plugins/com.st.stm32cube.ide.mcu.externaltools.gnu-tools-for-stm32.10.3-2021.10.linux64_1.0.0.202111181127/tools/bin/../lib/gcc/arm-none-eabi/10.3.1/thumb/v7e-m+fp/hard/crtn.o
 *(.fini)
 .fini          0x00000000080059f4        0x4 /opt/st/stm32cubeide_1.10.1/plugins/com.st.stm32cube.ide.mcu.externaltools.gnu-tools-for-stm32.10.3-2021.10.linux64_1.0.0.202111181127/tools/bin/../lib/gcc/arm-none-eabi/10.3.1/thumb/v7e-m+fp/hard/crti.o
                0x00000000080059f4                _fini
 .fini          0x00000000080059f8        0x8 /opt/st/stm32cubeide_1.10.1/plugins/com.st.stm32cube.ide.mcu.externaltools.gnu-tools-for-stm32.10.3-2021.10.linux64_1.0.0.202111181127/tools/bin/../lib/gcc/arm-none-eabi/10.3.1/thumb/v7e-m+fp/hard/crtn.o
                0x0000000008005a00                . = ALIGN (0x4)
                0x0000000008005a00                _etext = .

.vfp11_veneer   0x0000000008005a00        0x0
 .vfp11_veneer  0x0000000008005a00        0x0 linker stubs

.v4_bx          0x0000000008005a00        0x0
 .v4_bx         0x0000000008005a00        0x0 linker stubs

.iplt           0x0000000008005a00        0x0
 .iplt          0x0000000008005a00        0x0 /opt/st/stm32cubeide_1.10.1/plugins/com.st.stm32cube.ide.mcu.externaltools.gnu-tools-for-stm32.10.3-2021.10.linux64_1.0.0.202111181127/tools/bin/../lib/gcc/arm-none-eabi/10.3.1/thumb/v7e-m+fp/hard/crtbegin.o

.rodata         0x0000000008005a00      0x120
                0x0000000008005a00                . = ALIGN (0x4)
 *(.rodata)
 .rodata        0x0000000008005a00       0x3f ./Src/pll_test.o
 *fill*         0x0000000008005a3f        0x1 
 .rodata        0x0000000008005a40        0x5 ./ThirdParty/FreeRTOS/tasks.o
 *fill*         0x0000000008005a45        0x3 
 .rodata        0x0000000008005a48        0xd ./ThirdParty/FreeRTOS/timers.o
 *fill*         0x0000000008005a55        0x3 
 .rodata        0x0000000008005a58       0x35 ./ThirdParty/SEGGER/Config/SEGGER_SYSVIEW_Config_FreeRTOS.o
 *fill*         0x0000000008005a8d        0x3 
 .rodata        0x0000000008005a90       0x58 ./ThirdParty/SEGGER/OS/SEGGER_SYSVIEW_FreeRTOS.o
 .rodata        0x0000000008005ae8       0x17 ./ThirdParty/SEGGER/SEGGER/SEGGER_RTT.o
 *fill*         0x0000000008005aff        0x1 
 .rodata        0x0000000008005b00        0x8 ./ThirdParty/SEGGER/SEGGER/SEGGER_SYSVIEW.o
 *(.rodata*)
 .rodata.SYSVIEW_X_OS_TraceAPI
                0x0000000008005b08        0x8 ./ThirdParty/SEGGER/OS/SEGGER_SYSVIEW_FreeRTOS.o
                0x0000000008005b08                SYSVIEW_X_OS_TraceAPI
 .rodata._abHelloMsg
                0x0000000008005b10        0x4 ./ThirdParty/SEGGER/Rec/segger_uart.o
 .rodata._abSync
                0x0000000008005b14        0xa ./ThirdParty/SEGGER/SEGGER/SEGGER_SYSVIEW.o
                0x0000000008005b20                . = ALIGN (0x4)
 *fill*         0x0000000008005b1e        0x2 

.rel.dyn        0x0000000008005b20        0x0
 .rel.iplt      0x0000000008005b20        0x0 /opt/st/stm32cubeide_1.10.1/plugins/com.st.stm32cube.ide.mcu.externaltools.gnu-tools-for-stm32.10.3-2021.10.linux64_1.0.0.202111181127/tools/bin/../lib/gcc/arm-none-eabi/10.3.1/thumb/v7e-m+fp/hard/crtbegin.o

.ARM.extab      0x0000000008005b20        0x0
                0x0000000008005b20                . = ALIGN (0x4)
 *(.ARM.extab* .gnu.linkonce.armextab.*)
                0x0000000008005b20                . = ALIGN (0x4)

.ARM            0x0000000008005b20        0x0
                0x0000000008005b20                . = ALIGN (0x4)
                0x0000000008005b20                __exidx_start = .
 *(.ARM.exidx*)
                0x0000000008005b20                __exidx_end = .
                0x0000000008005b20                . = ALIGN (0x4)

.preinit_array  0x0000000008005b20        0x0
                0x0000000008005b20                . = ALIGN (0x4)
                0x0000000008005b20                PROVIDE (__preinit_array_start = .)
 *(.preinit_array*)
                0x0000000008005b20                PROVIDE (__preinit_array_end = .)
                0x0000000008005b20                . = ALIGN (0x4)

.init_array     0x0000000008005b20        0x4
                0x0000000008005b20                . = ALIGN (0x4)
                0x0000000008005b20                PROVIDE (__init_array_start = .)
 *(SORT_BY_NAME(.init_array.*))
 *(.init_array*)
 .init_array    0x0000000008005b20        0x4 /opt/st/stm32cubeide_1.10.1/plugins/com.st.stm32cube.ide.mcu.externaltools.gnu-tools-for-stm32.10.3-2021.10.linux64_1.0.0.202111181127/tools/bin/../lib/gcc/arm-none-eabi/10.3.1/thumb/v7e-m+fp/hard/crtbegin.o
                0x0000000008005b24                PROVIDE (__init_array_end = .)
                0x0000000008005b24                . = ALIGN (0x4)

.fini_array     0x0000000008005b24        0x4
                0x0000000008005b24                . = ALIGN (0x4)
                [!provide]                        PROVIDE (__fini_array_start = .)
 *(SORT_BY_NAME(.fini_array.*))
 *(.fini_array*)
 .fini_array    0x0000000008005b24        0x4 /opt/st/stm32cubeide_1.10.1/plugins/com.st.stm32cube.ide.mcu.externaltools.gnu-tools-for-stm32.10.3-2021.10.linux64_1.0.0.202111181127/tools/bin/../lib/gcc/arm-none-eabi/10.3.1/thumb/v7e-m+fp/hard/crtbegin.o
                [!provide]                        PROVIDE (__fini_array_end = .)
                0x0000000008005b28                . = ALIGN (0x4)
                0x0000000008005b28                _sidata = LOADADDR (.data)

.data           0x0000000020000000       0x14 load address 0x0000000008005b28
                0x0000000020000000                . = ALIGN (0x4)
                0x0000000020000000                _sdata = .
 *(.data)
 *(.data*)
 .data.SystemCoreClock
                0x0000000020000000        0x4 ./Src/pll_test.o
                0x0000000020000000                SystemCoreClock
 .data.uxTopUsedPriority
                0x0000000020000004        0x4 ./ThirdParty/FreeRTOS/tasks.o
                0x0000000020000004                uxTopUsedPriority
 .data.uxCriticalNesting
                0x0000000020000008        0x4 ./ThirdParty/FreeRTOS/portable/GCC/ARM_CM4F/port.o
 .data._SVInfo  0x000000002000000c        0x8 ./ThirdParty/SEGGER/Rec/segger_uart.o
 *(.RamFunc)
 *(.RamFunc*)
                0x0000000020000014                . = ALIGN (0x4)
                0x0000000020000014                _edata = .

.igot.plt       0x0000000020000014        0x0 load address 0x0000000008005b3c
 .igot.plt      0x0000000020000014        0x0 /opt/st/stm32cubeide_1.10.1/plugins/com.st.stm32cube.ide.mcu.externaltools.gnu-tools-for-stm32.10.3-2021.10.linux64_1.0.0.202111181127/tools/bin/../lib/gcc/arm-none-eabi/10.3.1/thumb/v7e-m+fp/hard/crtbegin.o
                0x0000000020000014                . = ALIGN (0x4)

.bss            0x0000000020000014    0x14470 load address 0x0000000008005b3c
                0x0000000020000014                _sbss = .
                0x0000000020000014                __bss_start__ = _sbss
 *(.bss)
 .bss           0x0000000020000014       0x1c /opt/st/stm32cubeide_1.10.1/plugins/com.st.stm32cube.ide.mcu.externaltools.gnu-tools-for-stm32.10.3-2021.10.linux64_1.0.0.202111181127/tools/bin/../lib/gcc/arm-none-eabi/10.3.1/thumb/v7e-m+fp/hard/crtbegin.o
 *(.bss*)
 .bss.led_state
                0x0000000020000030        0xc ./Src/pll_test.o
                0x0000000020000030                led_state
 .bss.user_button
                0x000000002000003c        0xc ./Src/pll_test.o
                0x000000002000003c                user_button
 .bss.pllHandler
                0x0000000020000048        0x8 ./Src/pll_test.o
                0x0000000020000048                pllHandler
 .bss.xReturned
                0x0000000020000050        0x4 ./Src/pll_test.o
                0x0000000020000050                xReturned
 .bss.xHandlerTask_Blinky_Led
                0x0000000020000054        0x4 ./Src/pll_test.o
                0x0000000020000054                xHandlerTask_Blinky_Led
 .bss.xHandlerTask2
                0x0000000020000058        0x4 ./Src/pll_test.o
                0x0000000020000058                xHandlerTask2
 .bss.xQueueRegistry
                0x000000002000005c       0x40 ./ThirdParty/FreeRTOS/queue.o
                0x000000002000005c                xQueueRegistry
 .bss.pxCurrentTCB
                0x000000002000009c        0x4 ./ThirdParty/FreeRTOS/tasks.o
                0x000000002000009c                pxCurrentTCB
 .bss.pxReadyTasksLists
                0x00000000200000a0       0x64 ./ThirdParty/FreeRTOS/tasks.o
 .bss.xDelayedTaskList1
                0x0000000020000104       0x14 ./ThirdParty/FreeRTOS/tasks.o
 .bss.xDelayedTaskList2
                0x0000000020000118       0x14 ./ThirdParty/FreeRTOS/tasks.o
 .bss.pxDelayedTaskList
                0x000000002000012c        0x4 ./ThirdParty/FreeRTOS/tasks.o
 .bss.pxOverflowDelayedTaskList
                0x0000000020000130        0x4 ./ThirdParty/FreeRTOS/tasks.o
 .bss.xPendingReadyList
                0x0000000020000134       0x14 ./ThirdParty/FreeRTOS/tasks.o
 .bss.xTasksWaitingTermination
                0x0000000020000148       0x14 ./ThirdParty/FreeRTOS/tasks.o
 .bss.uxDeletedTasksWaitingCleanUp
                0x000000002000015c        0x4 ./ThirdParty/FreeRTOS/tasks.o
 .bss.xSuspendedTaskList
                0x0000000020000160       0x14 ./ThirdParty/FreeRTOS/tasks.o
 .bss.uxCurrentNumberOfTasks
                0x0000000020000174        0x4 ./ThirdParty/FreeRTOS/tasks.o
 .bss.xTickCount
                0x0000000020000178        0x4 ./ThirdParty/FreeRTOS/tasks.o
 .bss.uxTopReadyPriority
                0x000000002000017c        0x4 ./ThirdParty/FreeRTOS/tasks.o
 .bss.xSchedulerRunning
                0x0000000020000180        0x4 ./ThirdParty/FreeRTOS/tasks.o
 .bss.xPendedTicks
                0x0000000020000184        0x4 ./ThirdParty/FreeRTOS/tasks.o
 .bss.xYieldPending
                0x0000000020000188        0x4 ./ThirdParty/FreeRTOS/tasks.o
 .bss.xNumOfOverflows
                0x000000002000018c        0x4 ./ThirdParty/FreeRTOS/tasks.o
 .bss.uxTaskNumber
                0x0000000020000190        0x4 ./ThirdParty/FreeRTOS/tasks.o
 .bss.xNextTaskUnblockTime
                0x0000000020000194        0x4 ./ThirdParty/FreeRTOS/tasks.o
 .bss.xIdleTaskHandle
                0x0000000020000198        0x4 ./ThirdParty/FreeRTOS/tasks.o
 .bss.uxSchedulerSuspended
                0x000000002000019c        0x4 ./ThirdParty/FreeRTOS/tasks.o
 .bss.xActiveTimerList1
                0x00000000200001a0       0x14 ./ThirdParty/FreeRTOS/timers.o
 .bss.xActiveTimerList2
                0x00000000200001b4       0x14 ./ThirdParty/FreeRTOS/timers.o
 .bss.pxCurrentTimerList
                0x00000000200001c8        0x4 ./ThirdParty/FreeRTOS/timers.o
 .bss.pxOverflowTimerList
                0x00000000200001cc        0x4 ./ThirdParty/FreeRTOS/timers.o
 .bss.xTimerQueue
                0x00000000200001d0        0x4 ./ThirdParty/FreeRTOS/timers.o
 .bss.xTimerTaskHandle
                0x00000000200001d4        0x4 ./ThirdParty/FreeRTOS/timers.o
 .bss.xLastTime.0
                0x00000000200001d8        0x4 ./ThirdParty/FreeRTOS/timers.o
 .bss.ucMaxSysCallPriority
                0x00000000200001dc        0x1 ./ThirdParty/FreeRTOS/portable/GCC/ARM_CM4F/port.o
 *fill*         0x00000000200001dd        0x3 
 .bss.ulMaxPRIGROUPValue
                0x00000000200001e0        0x4 ./ThirdParty/FreeRTOS/portable/GCC/ARM_CM4F/port.o
 .bss.ucHeap    0x00000000200001e4    0x12c00 ./ThirdParty/FreeRTOS/portable/MemMang/heap_4.o
 .bss.xStart    0x0000000020012de4        0x8 ./ThirdParty/FreeRTOS/portable/MemMang/heap_4.o
 .bss.pxEnd     0x0000000020012dec        0x4 ./ThirdParty/FreeRTOS/portable/MemMang/heap_4.o
 .bss.xFreeBytesRemaining
                0x0000000020012df0        0x4 ./ThirdParty/FreeRTOS/portable/MemMang/heap_4.o
 .bss.xMinimumEverFreeBytesRemaining
                0x0000000020012df4        0x4 ./ThirdParty/FreeRTOS/portable/MemMang/heap_4.o
 .bss.xNumberOfSuccessfulAllocations
                0x0000000020012df8        0x4 ./ThirdParty/FreeRTOS/portable/MemMang/heap_4.o
 .bss.xNumberOfSuccessfulFrees
                0x0000000020012dfc        0x4 ./ThirdParty/FreeRTOS/portable/MemMang/heap_4.o
 .bss.xBlockAllocatedBit
                0x0000000020012e00        0x4 ./ThirdParty/FreeRTOS/portable/MemMang/heap_4.o
 .bss._aTasks   0x0000000020012e04       0xa0 ./ThirdParty/SEGGER/OS/SEGGER_SYSVIEW_FreeRTOS.o
 .bss._NumTasks
                0x0000000020012ea4        0x4 ./ThirdParty/SEGGER/OS/SEGGER_SYSVIEW_FreeRTOS.o
 .bss._cbOnRx   0x0000000020012ea8        0x4 ./ThirdParty/SEGGER/Rec/segger_uart.o
 .bss._cbOnTx   0x0000000020012eac        0x4 ./ThirdParty/SEGGER/Rec/segger_uart.o
 .bss._SEGGER_RTT
                0x0000000020012eb0       0xa8 ./ThirdParty/SEGGER/SEGGER/SEGGER_RTT.o
                0x0000000020012eb0                _SEGGER_RTT
 .bss._acUpBuffer
                0x0000000020012f58      0x400 ./ThirdParty/SEGGER/SEGGER/SEGGER_RTT.o
 .bss._acDownBuffer
                0x0000000020013358       0x10 ./ThirdParty/SEGGER/SEGGER/SEGGER_RTT.o
 .bss._UpBuffer
                0x0000000020013368     0x1000 ./ThirdParty/SEGGER/SEGGER/SEGGER_SYSVIEW.o
 .bss._DownBuffer
                0x0000000020014368        0x8 ./ThirdParty/SEGGER/SEGGER/SEGGER_SYSVIEW.o
 .bss._SYSVIEW_Globals
                0x0000000020014370       0x28 ./ThirdParty/SEGGER/SEGGER/SEGGER_SYSVIEW.o
 .bss._pFirstModule
                0x0000000020014398        0x4 ./ThirdParty/SEGGER/SEGGER/SEGGER_SYSVIEW.o
 .bss._NumModules
                0x000000002001439c        0x1 ./ThirdParty/SEGGER/SEGGER/SEGGER_SYSVIEW.o
 *fill*         0x000000002001439d        0x3 
 .bss._aPacket  0x00000000200143a0       0xe3 ./ThirdParty/SEGGER/SEGGER/SEGGER_SYSVIEW.o
 .bss.actual_Frequency
                0x0000000020014483        0x1 /home/sebas/Repositories/GitHub/sgaviriav_Robotica/PeripheralsDrivers/Debug/libPeripheralsDrivers.a(pll_driver_hal.o)
                0x0000000020014483                actual_Frequency
 *(COMMON)
                0x0000000020014484                . = ALIGN (0x4)
                0x0000000020014484                _ebss = .
                0x0000000020014484                __bss_end__ = _ebss

._user_heap_stack
                0x0000000020014484      0x604 load address 0x0000000008005b3c
                0x0000000020014488                . = ALIGN (0x8)
 *fill*         0x0000000020014484        0x4 
                [!provide]                        PROVIDE (end = .)
                [!provide]                        PROVIDE (_end = .)
                0x0000000020014688                . = (. + _Min_Heap_Size)
 *fill*         0x0000000020014488      0x200 
                0x0000000020014a88                . = (. + _Min_Stack_Size)
 *fill*         0x0000000020014688      0x400 
                0x0000000020014a88                . = ALIGN (0x8)

/DISCARD/
 libc.a(*)
 libm.a(*)
 libgcc.a(*)

.ARM.attributes
                0x0000000000000000       0x30
 *(.ARM.attributes)
 .ARM.attributes
                0x0000000000000000       0x1e /opt/st/stm32cubeide_1.10.1/plugins/com.st.stm32cube.ide.mcu.externaltools.gnu-tools-for-stm32.10.3-2021.10.linux64_1.0.0.202111181127/tools/bin/../lib/gcc/arm-none-eabi/10.3.1/thumb/v7e-m+fp/hard/crti.o
 .ARM.attributes
                0x000000000000001e       0x34 /opt/st/stm32cubeide_1.10.1/plugins/com.st.stm32cube.ide.mcu.externaltools.gnu-tools-for-stm32.10.3-2021.10.linux64_1.0.0.202111181127/tools/bin/../lib/gcc/arm-none-eabi/10.3.1/thumb/v7e-m+fp/hard/crtbegin.o
 .ARM.attributes
                0x0000000000000052       0x34 ./Src/pll_test.o
 .ARM.attributes
                0x0000000000000086       0x21 ./Startup/startup_stm32f411retx.o
 .ARM.attributes
                0x00000000000000a7       0x34 ./ThirdParty/FreeRTOS/list.o
 .ARM.attributes
                0x00000000000000db       0x34 ./ThirdParty/FreeRTOS/queue.o
 .ARM.attributes
                0x000000000000010f       0x34 ./ThirdParty/FreeRTOS/tasks.o
 .ARM.attributes
                0x0000000000000143       0x34 ./ThirdParty/FreeRTOS/timers.o
 .ARM.attributes
                0x0000000000000177       0x34 ./ThirdParty/FreeRTOS/portable/GCC/ARM_CM4F/port.o
 .ARM.attributes
                0x00000000000001ab       0x34 ./ThirdParty/FreeRTOS/portable/MemMang/heap_4.o
 .ARM.attributes
                0x00000000000001df       0x34 ./ThirdParty/SEGGER/Config/SEGGER_SYSVIEW_Config_FreeRTOS.o
 .ARM.attributes
                0x0000000000000213       0x34 ./ThirdParty/SEGGER/OS/SEGGER_SYSVIEW_FreeRTOS.o
 .ARM.attributes
                0x0000000000000247       0x34 ./ThirdParty/SEGGER/Rec/segger_uart.o
 .ARM.attributes
                0x000000000000027b       0x34 ./ThirdParty/SEGGER/SEGGER/SEGGER_RTT.o
 .ARM.attributes
                0x00000000000002af       0x20 ./ThirdParty/SEGGER/SEGGER/SEGGER_RTT_ASM_ARMv7M.o
 .ARM.attributes
                0x00000000000002cf       0x34 ./ThirdParty/SEGGER/SEGGER/SEGGER_SYSVIEW.o
 .ARM.attributes
                0x0000000000000303       0x34 /home/sebas/Repositories/GitHub/sgaviriav_Robotica/PeripheralsDrivers/Debug/libPeripheralsDrivers.a(gpio_driver_hal.o)
 .ARM.attributes
                0x0000000000000337       0x34 /home/sebas/Repositories/GitHub/sgaviriav_Robotica/PeripheralsDrivers/Debug/libPeripheralsDrivers.a(pll_driver_hal.o)
 .ARM.attributes
                0x000000000000036b       0x34 /opt/st/stm32cubeide_1.10.1/plugins/com.st.stm32cube.ide.mcu.externaltools.gnu-tools-for-stm32.10.3-2021.10.linux64_1.0.0.202111181127/tools/bin/../lib/gcc/arm-none-eabi/10.3.1/../../../../arm-none-eabi/lib/thumb/v7e-m+fp/hard/libc_nano.a(lib_a-init.o)
 .ARM.attributes
                0x000000000000039f       0x34 /opt/st/stm32cubeide_1.10.1/plugins/com.st.stm32cube.ide.mcu.externaltools.gnu-tools-for-stm32.10.3-2021.10.linux64_1.0.0.202111181127/tools/bin/../lib/gcc/arm-none-eabi/10.3.1/../../../../arm-none-eabi/lib/thumb/v7e-m+fp/hard/libc_nano.a(lib_a-memcmp.o)
 .ARM.attributes
                0x00000000000003d3       0x34 /opt/st/stm32cubeide_1.10.1/plugins/com.st.stm32cube.ide.mcu.externaltools.gnu-tools-for-stm32.10.3-2021.10.linux64_1.0.0.202111181127/tools/bin/../lib/gcc/arm-none-eabi/10.3.1/../../../../arm-none-eabi/lib/thumb/v7e-m+fp/hard/libc_nano.a(lib_a-memcpy-stub.o)
 .ARM.attributes
                0x0000000000000407       0x34 /opt/st/stm32cubeide_1.10.1/plugins/com.st.stm32cube.ide.mcu.externaltools.gnu-tools-for-stm32.10.3-2021.10.linux64_1.0.0.202111181127/tools/bin/../lib/gcc/arm-none-eabi/10.3.1/../../../../arm-none-eabi/lib/thumb/v7e-m+fp/hard/libc_nano.a(lib_a-memset.o)
 .ARM.attributes
                0x000000000000043b       0x1e /opt/st/stm32cubeide_1.10.1/plugins/com.st.stm32cube.ide.mcu.externaltools.gnu-tools-for-stm32.10.3-2021.10.linux64_1.0.0.202111181127/tools/bin/../lib/gcc/arm-none-eabi/10.3.1/thumb/v7e-m+fp/hard/crtn.o
OUTPUT(EjemploLed_FreeRTOS.elf elf32-littlearm)
LOAD linker stubs
LOAD /opt/st/stm32cubeide_1.10.1/plugins/com.st.stm32cube.ide.mcu.externaltools.gnu-tools-for-stm32.10.3-2021.10.linux64_1.0.0.202111181127/tools/bin/../lib/gcc/arm-none-eabi/10.3.1/../../../../arm-none-eabi/lib/thumb/v7e-m+fp/hard/libc.a
LOAD /opt/st/stm32cubeide_1.10.1/plugins/com.st.stm32cube.ide.mcu.externaltools.gnu-tools-for-stm32.10.3-2021.10.linux64_1.0.0.202111181127/tools/bin/../lib/gcc/arm-none-eabi/10.3.1/../../../../arm-none-eabi/lib/thumb/v7e-m+fp/hard/libm.a
LOAD /opt/st/stm32cubeide_1.10.1/plugins/com.st.stm32cube.ide.mcu.externaltools.gnu-tools-for-stm32.10.3-2021.10.linux64_1.0.0.202111181127/tools/bin/../lib/gcc/arm-none-eabi/10.3.1/thumb/v7e-m+fp/hard/libgcc.a

.debug_info     0x0000000000000000     0xd197
 .debug_info    0x0000000000000000      0xc2a ./Src/pll_test.o
 .debug_info    0x0000000000000c2a       0x22 ./Startup/startup_stm32f411retx.o
 .debug_info    0x0000000000000c4c      0x2d1 ./ThirdParty/FreeRTOS/list.o
 .debug_info    0x0000000000000f1d     0x1988 ./ThirdParty/FreeRTOS/queue.o
 .debug_info    0x00000000000028a5     0x23e7 ./ThirdParty/FreeRTOS/tasks.o
 .debug_info    0x0000000000004c8c      0xedd ./ThirdParty/FreeRTOS/timers.o
 .debug_info    0x0000000000005b69      0x5ca ./ThirdParty/FreeRTOS/portable/GCC/ARM_CM4F/port.o
 .debug_info    0x0000000000006133      0x50d ./ThirdParty/FreeRTOS/portable/MemMang/heap_4.o
 .debug_info    0x0000000000006640      0x181 ./ThirdParty/SEGGER/Config/SEGGER_SYSVIEW_Config_FreeRTOS.o
 .debug_info    0x00000000000067c1      0x43d ./ThirdParty/SEGGER/OS/SEGGER_SYSVIEW_FreeRTOS.o
 .debug_info    0x0000000000006bfe      0x88c ./ThirdParty/SEGGER/Rec/segger_uart.o
 .debug_info    0x000000000000748a     0x14ff ./ThirdParty/SEGGER/SEGGER/SEGGER_RTT.o
 .debug_info    0x0000000000008989       0x26 ./ThirdParty/SEGGER/SEGGER/SEGGER_RTT_ASM_ARMv7M.o
 .debug_info    0x00000000000089af     0x3812 ./ThirdParty/SEGGER/SEGGER/SEGGER_SYSVIEW.o
 .debug_info    0x000000000000c1c1      0x6bb /home/sebas/Repositories/GitHub/sgaviriav_Robotica/PeripheralsDrivers/Debug/libPeripheralsDrivers.a(gpio_driver_hal.o)
 .debug_info    0x000000000000c87c      0x91b /home/sebas/Repositories/GitHub/sgaviriav_Robotica/PeripheralsDrivers/Debug/libPeripheralsDrivers.a(pll_driver_hal.o)

.debug_abbrev   0x0000000000000000     0x1fc9
 .debug_abbrev  0x0000000000000000      0x280 ./Src/pll_test.o
 .debug_abbrev  0x0000000000000280       0x12 ./Startup/startup_stm32f411retx.o
 .debug_abbrev  0x0000000000000292       0xf2 ./ThirdParty/FreeRTOS/list.o
 .debug_abbrev  0x0000000000000384      0x312 ./ThirdParty/FreeRTOS/queue.o
 .debug_abbrev  0x0000000000000696      0x39f ./ThirdParty/FreeRTOS/tasks.o
 .debug_abbrev  0x0000000000000a35      0x2d8 ./ThirdParty/FreeRTOS/timers.o
 .debug_abbrev  0x0000000000000d0d      0x259 ./ThirdParty/FreeRTOS/portable/GCC/ARM_CM4F/port.o
 .debug_abbrev  0x0000000000000f66      0x212 ./ThirdParty/FreeRTOS/portable/MemMang/heap_4.o
 .debug_abbrev  0x0000000000001178       0xdd ./ThirdParty/SEGGER/Config/SEGGER_SYSVIEW_Config_FreeRTOS.o
 .debug_abbrev  0x0000000000001255      0x19e ./ThirdParty/SEGGER/OS/SEGGER_SYSVIEW_FreeRTOS.o
 .debug_abbrev  0x00000000000013f3      0x27b ./ThirdParty/SEGGER/Rec/segger_uart.o
 .debug_abbrev  0x000000000000166e      0x24e ./ThirdParty/SEGGER/SEGGER/SEGGER_RTT.o
 .debug_abbrev  0x00000000000018bc       0x14 ./ThirdParty/SEGGER/SEGGER/SEGGER_RTT_ASM_ARMv7M.o
 .debug_abbrev  0x00000000000018d0      0x339 ./ThirdParty/SEGGER/SEGGER/SEGGER_SYSVIEW.o
 .debug_abbrev  0x0000000000001c09      0x1c2 /home/sebas/Repositories/GitHub/sgaviriav_Robotica/PeripheralsDrivers/Debug/libPeripheralsDrivers.a(gpio_driver_hal.o)
 .debug_abbrev  0x0000000000001dcb      0x1fe /home/sebas/Repositories/GitHub/sgaviriav_Robotica/PeripheralsDrivers/Debug/libPeripheralsDrivers.a(pll_driver_hal.o)

.debug_aranges  0x0000000000000000      0xb40
 .debug_aranges
                0x0000000000000000       0x38 ./Src/pll_test.o
 .debug_aranges
                0x0000000000000038       0x28 ./Startup/startup_stm32f411retx.o
 .debug_aranges
                0x0000000000000060       0x40 ./ThirdParty/FreeRTOS/list.o
 .debug_aranges
                0x00000000000000a0      0x130 ./ThirdParty/FreeRTOS/queue.o
 .debug_aranges
                0x00000000000001d0      0x208 ./ThirdParty/FreeRTOS/tasks.o
 .debug_aranges
                0x00000000000003d8       0xd8 ./ThirdParty/FreeRTOS/timers.o
 .debug_aranges
                0x00000000000004b0       0x88 ./ThirdParty/FreeRTOS/portable/GCC/ARM_CM4F/port.o
 .debug_aranges
                0x0000000000000538       0x58 ./ThirdParty/FreeRTOS/portable/MemMang/heap_4.o
 .debug_aranges
                0x0000000000000590       0x28 ./ThirdParty/SEGGER/Config/SEGGER_SYSVIEW_Config_FreeRTOS.o
 .debug_aranges
                0x00000000000005b8       0x48 ./ThirdParty/SEGGER/OS/SEGGER_SYSVIEW_FreeRTOS.o
 .debug_aranges
                0x0000000000000600       0x68 ./ThirdParty/SEGGER/Rec/segger_uart.o
 .debug_aranges
                0x0000000000000668      0x138 ./ThirdParty/SEGGER/SEGGER/SEGGER_RTT.o
 .debug_aranges
                0x00000000000007a0       0x20 ./ThirdParty/SEGGER/SEGGER/SEGGER_RTT_ASM_ARMv7M.o
 .debug_aranges
                0x00000000000007c0      0x280 ./ThirdParty/SEGGER/SEGGER/SEGGER_SYSVIEW.o
 .debug_aranges
                0x0000000000000a40       0x70 /home/sebas/Repositories/GitHub/sgaviriav_Robotica/PeripheralsDrivers/Debug/libPeripheralsDrivers.a(gpio_driver_hal.o)
 .debug_aranges
                0x0000000000000ab0       0x90 /home/sebas/Repositories/GitHub/sgaviriav_Robotica/PeripheralsDrivers/Debug/libPeripheralsDrivers.a(pll_driver_hal.o)

.debug_ranges   0x0000000000000000      0xa38
 .debug_ranges  0x0000000000000000       0x28 ./Src/pll_test.o
 .debug_ranges  0x0000000000000028       0x20 ./Startup/startup_stm32f411retx.o
 .debug_ranges  0x0000000000000048       0x30 ./ThirdParty/FreeRTOS/list.o
 .debug_ranges  0x0000000000000078      0x120 ./ThirdParty/FreeRTOS/queue.o
 .debug_ranges  0x0000000000000198      0x1f8 ./ThirdParty/FreeRTOS/tasks.o
 .debug_ranges  0x0000000000000390       0xc8 ./ThirdParty/FreeRTOS/timers.o
 .debug_ranges  0x0000000000000458       0x78 ./ThirdParty/FreeRTOS/portable/GCC/ARM_CM4F/port.o
 .debug_ranges  0x00000000000004d0       0x48 ./ThirdParty/FreeRTOS/portable/MemMang/heap_4.o
 .debug_ranges  0x0000000000000518       0x18 ./ThirdParty/SEGGER/Config/SEGGER_SYSVIEW_Config_FreeRTOS.o
 .debug_ranges  0x0000000000000530       0x38 ./ThirdParty/SEGGER/OS/SEGGER_SYSVIEW_FreeRTOS.o
 .debug_ranges  0x0000000000000568       0x58 ./ThirdParty/SEGGER/Rec/segger_uart.o
 .debug_ranges  0x00000000000005c0      0x128 ./ThirdParty/SEGGER/SEGGER/SEGGER_RTT.o
 .debug_ranges  0x00000000000006e8      0x270 ./ThirdParty/SEGGER/SEGGER/SEGGER_SYSVIEW.o
 .debug_ranges  0x0000000000000958       0x60 /home/sebas/Repositories/GitHub/sgaviriav_Robotica/PeripheralsDrivers/Debug/libPeripheralsDrivers.a(gpio_driver_hal.o)
 .debug_ranges  0x00000000000009b8       0x80 /home/sebas/Repositories/GitHub/sgaviriav_Robotica/PeripheralsDrivers/Debug/libPeripheralsDrivers.a(pll_driver_hal.o)

.debug_macro    0x0000000000000000    0x11d6a
 .debug_macro   0x0000000000000000      0x30b ./Src/pll_test.o
 .debug_macro   0x000000000000030b      0xa84 ./Src/pll_test.o
 .debug_macro   0x0000000000000d8f      0x174 ./Src/pll_test.o
 .debug_macro   0x0000000000000f03       0x22 ./Src/pll_test.o
 .debug_macro   0x0000000000000f25       0x8e ./Src/pll_test.o
 .debug_macro   0x0000000000000fb3       0x51 ./Src/pll_test.o
 .debug_macro   0x0000000000001004      0x103 ./Src/pll_test.o
 .debug_macro   0x0000000000001107       0x6a ./Src/pll_test.o
 .debug_macro   0x0000000000001171      0x1df ./Src/pll_test.o
 .debug_macro   0x0000000000001350      0x119 ./Src/pll_test.o
 .debug_macro   0x0000000000001469       0x58 ./Src/pll_test.o
 .debug_macro   0x00000000000014c1       0x46 ./Src/pll_test.o
 .debug_macro   0x0000000000001507       0x64 ./Src/pll_test.o
 .debug_macro   0x000000000000156b       0x16 ./Src/pll_test.o
 .debug_macro   0x0000000000001581       0x49 ./Src/pll_test.o
 .debug_macro   0x00000000000015ca       0xbc ./Src/pll_test.o
 .debug_macro   0x0000000000001686      0x204 ./Src/pll_test.o
 .debug_macro   0x000000000000188a      0x450 ./Src/pll_test.o
 .debug_macro   0x0000000000001cda      0x15a ./Src/pll_test.o
 .debug_macro   0x0000000000001e34       0xea ./Src/pll_test.o
 .debug_macro   0x0000000000001f1e       0x1c ./Src/pll_test.o
 .debug_macro   0x0000000000001f3a       0x26 ./Src/pll_test.o
 .debug_macro   0x0000000000001f60      0x3c9 ./Src/pll_test.o
 .debug_macro   0x0000000000002329       0xb5 ./Src/pll_test.o
 .debug_macro   0x00000000000023de      0x120 ./Src/pll_test.o
 .debug_macro   0x00000000000024fe       0x52 ./Src/pll_test.o
 .debug_macro   0x0000000000002550       0x1e ./Src/pll_test.o
 .debug_macro   0x000000000000256e       0x3c ./Src/pll_test.o
 .debug_macro   0x00000000000025aa       0x34 ./Src/pll_test.o
 .debug_macro   0x00000000000025de       0x16 ./Src/pll_test.o
 .debug_macro   0x00000000000025f4       0x35 ./Src/pll_test.o
 .debug_macro   0x0000000000002629      0x341 ./Src/pll_test.o
 .debug_macro   0x000000000000296a       0x16 ./Src/pll_test.o
 .debug_macro   0x0000000000002980       0x43 ./Src/pll_test.o
 .debug_macro   0x00000000000029c3       0x34 ./Src/pll_test.o
 .debug_macro   0x00000000000029f7       0x10 ./Src/pll_test.o
 .debug_macro   0x0000000000002a07       0x58 ./Src/pll_test.o
 .debug_macro   0x0000000000002a5f       0x71 ./Src/pll_test.o
 .debug_macro   0x0000000000002ad0       0x1c ./Src/pll_test.o
 .debug_macro   0x0000000000002aec      0x12a ./Src/pll_test.o
 .debug_macro   0x0000000000002c16       0x10 ./Src/pll_test.o
 .debug_macro   0x0000000000002c26       0x1c ./Src/pll_test.o
 .debug_macro   0x0000000000002c42       0x52 ./Src/pll_test.o
 .debug_macro   0x0000000000002c94       0x22 ./Src/pll_test.o
 .debug_macro   0x0000000000002cb6       0x10 ./Src/pll_test.o
 .debug_macro   0x0000000000002cc6       0x52 ./Src/pll_test.o
 .debug_macro   0x0000000000002d18       0xd5 ./Src/pll_test.o
 .debug_macro   0x0000000000002ded       0x1c ./Src/pll_test.o
 .debug_macro   0x0000000000002e09       0x3d ./Src/pll_test.o
 .debug_macro   0x0000000000002e46       0x16 ./Src/pll_test.o
 .debug_macro   0x0000000000002e5c      0x145 ./Src/pll_test.o
 .debug_macro   0x0000000000002fa1       0x28 ./Src/pll_test.o
 .debug_macro   0x0000000000002fc9       0x28 ./Src/pll_test.o
 .debug_macro   0x0000000000002ff1       0x1c ./Src/pll_test.o
 .debug_macro   0x000000000000300d       0x22 ./Src/pll_test.o
 .debug_macro   0x000000000000302f       0xd9 ./Src/pll_test.o
 .debug_macro   0x0000000000003108     0x102d ./Src/pll_test.o
 .debug_macro   0x0000000000004135      0x11f ./Src/pll_test.o
 .debug_macro   0x0000000000004254     0xb953 ./Src/pll_test.o
 .debug_macro   0x000000000000fba7       0x6d ./Src/pll_test.o
 .debug_macro   0x000000000000fc14       0x34 ./Src/pll_test.o
 .debug_macro   0x000000000000fc48      0x1f4 ./ThirdParty/FreeRTOS/list.o
 .debug_macro   0x000000000000fe3c      0x27d ./ThirdParty/FreeRTOS/queue.o
 .debug_macro   0x00000000000100b9       0x16 ./ThirdParty/FreeRTOS/queue.o
 .debug_macro   0x00000000000100cf       0x20 ./ThirdParty/FreeRTOS/queue.o
 .debug_macro   0x00000000000100ef       0x80 ./ThirdParty/FreeRTOS/queue.o
 .debug_macro   0x000000000001016f      0x2e1 ./ThirdParty/FreeRTOS/tasks.o
 .debug_macro   0x0000000000010450       0x10 ./ThirdParty/FreeRTOS/tasks.o
 .debug_macro   0x0000000000010460      0x23d ./ThirdParty/FreeRTOS/timers.o
 .debug_macro   0x000000000001069d       0x97 ./ThirdParty/FreeRTOS/timers.o
 .debug_macro   0x0000000000010734      0x1f7 ./ThirdParty/FreeRTOS/portable/GCC/ARM_CM4F/port.o
 .debug_macro   0x000000000001092b      0x20f ./ThirdParty/FreeRTOS/portable/MemMang/heap_4.o
 .debug_macro   0x0000000000010b3a      0x137 ./ThirdParty/SEGGER/Config/SEGGER_SYSVIEW_Config_FreeRTOS.o
 .debug_macro   0x0000000000010c71      0x203 ./ThirdParty/SEGGER/OS/SEGGER_SYSVIEW_FreeRTOS.o
 .debug_macro   0x0000000000010e74      0x32b ./ThirdParty/SEGGER/Rec/segger_uart.o
 .debug_macro   0x000000000001119f       0x3a ./ThirdParty/SEGGER/Rec/segger_uart.o
 .debug_macro   0x00000000000111d9      0x138 ./ThirdParty/SEGGER/Rec/segger_uart.o
 .debug_macro   0x0000000000011311      0x1bd ./ThirdParty/SEGGER/SEGGER/SEGGER_RTT.o
 .debug_macro   0x00000000000114ce       0x34 ./ThirdParty/SEGGER/SEGGER/SEGGER_RTT.o
 .debug_macro   0x0000000000011502      0x212 ./ThirdParty/SEGGER/SEGGER/SEGGER_SYSVIEW.o
 .debug_macro   0x0000000000011714      0x204 ./ThirdParty/SEGGER/SEGGER/SEGGER_SYSVIEW.o
 .debug_macro   0x0000000000011918      0x16e ./ThirdParty/SEGGER/SEGGER/SEGGER_SYSVIEW.o
 .debug_macro   0x0000000000011a86       0xe6 /home/sebas/Repositories/GitHub/sgaviriav_Robotica/PeripheralsDrivers/Debug/libPeripheralsDrivers.a(gpio_driver_hal.o)
 .debug_macro   0x0000000000011b6c       0x10 /home/sebas/Repositories/GitHub/sgaviriav_Robotica/PeripheralsDrivers/Debug/libPeripheralsDrivers.a(gpio_driver_hal.o)
 .debug_macro   0x0000000000011b7c      0x1b4 /home/sebas/Repositories/GitHub/sgaviriav_Robotica/PeripheralsDrivers/Debug/libPeripheralsDrivers.a(pll_driver_hal.o)
 .debug_macro   0x0000000000011d30       0x3a /home/sebas/Repositories/GitHub/sgaviriav_Robotica/PeripheralsDrivers/Debug/libPeripheralsDrivers.a(pll_driver_hal.o)

.debug_line     0x0000000000000000     0xcae6
 .debug_line    0x0000000000000000      0xb0d ./Src/pll_test.o
 .debug_line    0x0000000000000b0d       0x84 ./Startup/startup_stm32f411retx.o
 .debug_line    0x0000000000000b91      0x8db ./ThirdParty/FreeRTOS/list.o
 .debug_line    0x000000000000146c     0x17b4 ./ThirdParty/FreeRTOS/queue.o
 .debug_line    0x0000000000002c20     0x1f00 ./ThirdParty/FreeRTOS/tasks.o
 .debug_line    0x0000000000004b20      0xe3a ./ThirdParty/FreeRTOS/timers.o
 .debug_line    0x000000000000595a      0xa65 ./ThirdParty/FreeRTOS/portable/GCC/ARM_CM4F/port.o
 .debug_line    0x00000000000063bf      0xb26 ./ThirdParty/FreeRTOS/portable/MemMang/heap_4.o
 .debug_line    0x0000000000006ee5      0x6c1 ./ThirdParty/SEGGER/Config/SEGGER_SYSVIEW_Config_FreeRTOS.o
 .debug_line    0x00000000000075a6      0x9c5 ./ThirdParty/SEGGER/OS/SEGGER_SYSVIEW_FreeRTOS.o
 .debug_line    0x0000000000007f6b      0x9a5 ./ThirdParty/SEGGER/Rec/segger_uart.o
 .debug_line    0x0000000000008910      0xe77 ./ThirdParty/SEGGER/SEGGER/SEGGER_RTT.o
 .debug_line    0x0000000000009787       0xa0 ./ThirdParty/SEGGER/SEGGER/SEGGER_RTT_ASM_ARMv7M.o
 .debug_line    0x0000000000009827     0x1f5e ./ThirdParty/SEGGER/SEGGER/SEGGER_SYSVIEW.o
 .debug_line    0x000000000000b785      0x8c8 /home/sebas/Repositories/GitHub/sgaviriav_Robotica/PeripheralsDrivers/Debug/libPeripheralsDrivers.a(gpio_driver_hal.o)
 .debug_line    0x000000000000c04d      0xa99 /home/sebas/Repositories/GitHub/sgaviriav_Robotica/PeripheralsDrivers/Debug/libPeripheralsDrivers.a(pll_driver_hal.o)

.debug_str      0x0000000000000000    0x63c88
 .debug_str     0x0000000000000000    0x5cc79 ./Src/pll_test.o
                                      0x5cf09 (size before relaxing)
 .debug_str     0x000000000005cc79       0x31 ./Startup/startup_stm32f411retx.o
                                         0x7e (size before relaxing)
 .debug_str     0x000000000005ccaa      0x253 ./ThirdParty/FreeRTOS/list.o
                                       0xe818 (size before relaxing)
 .debug_str     0x000000000005cefd     0x1273 ./ThirdParty/FreeRTOS/queue.o
                                      0x10d25 (size before relaxing)
 .debug_str     0x000000000005e170     0x1c57 ./ThirdParty/FreeRTOS/tasks.o
                                      0x11b92 (size before relaxing)
 .debug_str     0x000000000005fdc7      0x507 ./ThirdParty/FreeRTOS/timers.o
                                      0x11037 (size before relaxing)
 .debug_str     0x00000000000602ce      0x7de ./ThirdParty/FreeRTOS/portable/GCC/ARM_CM4F/port.o
                                       0xd37b (size before relaxing)
 .debug_str     0x0000000000060aac      0x310 ./ThirdParty/FreeRTOS/portable/MemMang/heap_4.o
                                       0xfce1 (size before relaxing)
 .debug_str     0x0000000000060dbc      0x1ac ./ThirdParty/SEGGER/Config/SEGGER_SYSVIEW_Config_FreeRTOS.o
                                       0xb1ef (size before relaxing)
 .debug_str     0x0000000000060f68       0xfb ./ThirdParty/SEGGER/OS/SEGGER_SYSVIEW_FreeRTOS.o
                                       0xfa59 (size before relaxing)
 .debug_str     0x0000000000061063     0x13f9 ./ThirdParty/SEGGER/Rec/segger_uart.o
                                      0x55a9d (size before relaxing)
 .debug_str     0x000000000006245c      0x734 ./ThirdParty/SEGGER/SEGGER/SEGGER_RTT.o
                                       0x77aa (size before relaxing)
 .debug_str     0x0000000000062b90       0x34 ./ThirdParty/SEGGER/SEGGER/SEGGER_RTT_ASM_ARMv7M.o
                                         0x8f (size before relaxing)
 .debug_str     0x0000000000062bc4      0xd13 ./ThirdParty/SEGGER/SEGGER/SEGGER_SYSVIEW.o
                                       0x97fe (size before relaxing)
 .debug_str     0x00000000000638d7      0x1bd /home/sebas/Repositories/GitHub/sgaviriav_Robotica/PeripheralsDrivers/Debug/libPeripheralsDrivers.a(gpio_driver_hal.o)
                                      0x50059 (size before relaxing)
 .debug_str     0x0000000000063a94      0x1f4 /home/sebas/Repositories/GitHub/sgaviriav_Robotica/PeripheralsDrivers/Debug/libPeripheralsDrivers.a(pll_driver_hal.o)
                                      0x53314 (size before relaxing)

.comment        0x0000000000000000       0x50
 .comment       0x0000000000000000       0x50 ./Src/pll_test.o
                                         0x51 (size before relaxing)
 .comment       0x0000000000000050       0x51 ./ThirdParty/FreeRTOS/list.o
 .comment       0x0000000000000050       0x51 ./ThirdParty/FreeRTOS/queue.o
 .comment       0x0000000000000050       0x51 ./ThirdParty/FreeRTOS/tasks.o
 .comment       0x0000000000000050       0x51 ./ThirdParty/FreeRTOS/timers.o
 .comment       0x0000000000000050       0x51 ./ThirdParty/FreeRTOS/portable/GCC/ARM_CM4F/port.o
 .comment       0x0000000000000050       0x51 ./ThirdParty/FreeRTOS/portable/MemMang/heap_4.o
 .comment       0x0000000000000050       0x51 ./ThirdParty/SEGGER/Config/SEGGER_SYSVIEW_Config_FreeRTOS.o
 .comment       0x0000000000000050       0x51 ./ThirdParty/SEGGER/OS/SEGGER_SYSVIEW_FreeRTOS.o
 .comment       0x0000000000000050       0x51 ./ThirdParty/SEGGER/Rec/segger_uart.o
 .comment       0x0000000000000050       0x51 ./ThirdParty/SEGGER/SEGGER/SEGGER_RTT.o
 .comment       0x0000000000000050       0x51 ./ThirdParty/SEGGER/SEGGER/SEGGER_SYSVIEW.o
 .comment       0x0000000000000050       0x51 /home/sebas/Repositories/GitHub/sgaviriav_Robotica/PeripheralsDrivers/Debug/libPeripheralsDrivers.a(gpio_driver_hal.o)
 .comment       0x0000000000000050       0x51 /home/sebas/Repositories/GitHub/sgaviriav_Robotica/PeripheralsDrivers/Debug/libPeripheralsDrivers.a(pll_driver_hal.o)

.debug_frame    0x0000000000000000     0x2e90
 .debug_frame   0x0000000000000000       0x8c ./Src/pll_test.o
 .debug_frame   0x000000000000008c       0xd8 ./ThirdParty/FreeRTOS/list.o
 .debug_frame   0x0000000000000164      0x544 ./ThirdParty/FreeRTOS/queue.o
 .debug_frame   0x00000000000006a8      0x8fc ./ThirdParty/FreeRTOS/tasks.o
 .debug_frame   0x0000000000000fa4      0x38c ./ThirdParty/FreeRTOS/timers.o
 .debug_frame   0x0000000000001330      0x1d0 ./ThirdParty/FreeRTOS/portable/GCC/ARM_CM4F/port.o
 .debug_frame   0x0000000000001500      0x12c ./ThirdParty/FreeRTOS/portable/MemMang/heap_4.o
 .debug_frame   0x000000000000162c       0x48 ./ThirdParty/SEGGER/Config/SEGGER_SYSVIEW_Config_FreeRTOS.o
 .debug_frame   0x0000000000001674      0x104 ./ThirdParty/SEGGER/OS/SEGGER_SYSVIEW_FreeRTOS.o
 .debug_frame   0x0000000000001778      0x178 ./ThirdParty/SEGGER/Rec/segger_uart.o
 .debug_frame   0x00000000000018f0      0x530 ./ThirdParty/SEGGER/SEGGER/SEGGER_RTT.o
 .debug_frame   0x0000000000001e20      0xbc4 ./ThirdParty/SEGGER/SEGGER/SEGGER_SYSVIEW.o
 .debug_frame   0x00000000000029e4      0x1c0 /home/sebas/Repositories/GitHub/sgaviriav_Robotica/PeripheralsDrivers/Debug/libPeripheralsDrivers.a(gpio_driver_hal.o)
 .debug_frame   0x0000000000002ba4      0x250 /home/sebas/Repositories/GitHub/sgaviriav_Robotica/PeripheralsDrivers/Debug/libPeripheralsDrivers.a(pll_driver_hal.o)
 .debug_frame   0x0000000000002df4       0x2c /opt/st/stm32cubeide_1.10.1/plugins/com.st.stm32cube.ide.mcu.externaltools.gnu-tools-for-stm32.10.3-2021.10.linux64_1.0.0.202111181127/tools/bin/../lib/gcc/arm-none-eabi/10.3.1/../../../../arm-none-eabi/lib/thumb/v7e-m+fp/hard/libc_nano.a(lib_a-init.o)
 .debug_frame   0x0000000000002e20       0x28 /opt/st/stm32cubeide_1.10.1/plugins/com.st.stm32cube.ide.mcu.externaltools.gnu-tools-for-stm32.10.3-2021.10.linux64_1.0.0.202111181127/tools/bin/../lib/gcc/arm-none-eabi/10.3.1/../../../../arm-none-eabi/lib/thumb/v7e-m+fp/hard/libc_nano.a(lib_a-memcmp.o)
 .debug_frame   0x0000000000002e48       0x28 /opt/st/stm32cubeide_1.10.1/plugins/com.st.stm32cube.ide.mcu.externaltools.gnu-tools-for-stm32.10.3-2021.10.linux64_1.0.0.202111181127/tools/bin/../lib/gcc/arm-none-eabi/10.3.1/../../../../arm-none-eabi/lib/thumb/v7e-m+fp/hard/libc_nano.a(lib_a-memcpy-stub.o)
 .debug_frame   0x0000000000002e70       0x20 /opt/st/stm32cubeide_1.10.1/plugins/com.st.stm32cube.ide.mcu.externaltools.gnu-tools-for-stm32.10.3-2021.10.linux64_1.0.0.202111181127/tools/bin/../lib/gcc/arm-none-eabi/10.3.1/../../../../arm-none-eabi/lib/thumb/v7e-m+fp/hard/libc_nano.a(lib_a-memset.o)
