Archive member included to satisfy reference by file (symbol)

/home/aristizabal/Documents/Repositories/Robotica_2024_01/PeripheralsDrivers/Debug/libPeripheralsDrivers.a(exti_driver_hal.o)
                              ./Src/main1.o (exti_Config)
/home/aristizabal/Documents/Repositories/Robotica_2024_01/PeripheralsDrivers/Debug/libPeripheralsDrivers.a(gpio_driver_hal.o)
                              ./Src/main1.o (gpio_Config)
/home/aristizabal/Documents/Repositories/Robotica_2024_01/PeripheralsDrivers/Debug/libPeripheralsDrivers.a(pll_driver_hal.o)
                              ./Src/main1.o (systemClock_100MHz)
/home/aristizabal/Documents/Repositories/Robotica_2024_01/PeripheralsDrivers/Debug/libPeripheralsDrivers.a(pwm_driver_hal.o)
                              ./Src/main1.o (pwm_Config)
/home/aristizabal/Documents/Repositories/Robotica_2024_01/PeripheralsDrivers/Debug/libPeripheralsDrivers.a(systick_driver_hal.o)
                              ./Src/main1.o (systick_Config)
/home/aristizabal/Documents/Repositories/Robotica_2024_01/PeripheralsDrivers/Debug/libPeripheralsDrivers.a(timer_driver_hal.o)
                              ./Src/main1.o (timer_Config)
/home/aristizabal/Documents/Repositories/Robotica_2024_01/PeripheralsDrivers/Debug/libPeripheralsDrivers.a(usart_driver_hal.o)
                              ./Src/main1.o (usart_Config)
/home/aristizabal/st/stm32cubeide_1.10.1/plugins/com.st.stm32cube.ide.mcu.externaltools.gnu-tools-for-stm32.10.3-2021.10.linux64_1.0.0.202111181127/tools/bin/../lib/gcc/arm-none-eabi/10.3.1/../../../../arm-none-eabi/lib/thumb/v7e-m+fp/hard/libc_nano.a(lib_a-errno.o)
                              ./Src/syscalls.o (__errno)
/home/aristizabal/st/stm32cubeide_1.10.1/plugins/com.st.stm32cube.ide.mcu.externaltools.gnu-tools-for-stm32.10.3-2021.10.linux64_1.0.0.202111181127/tools/bin/../lib/gcc/arm-none-eabi/10.3.1/../../../../arm-none-eabi/lib/thumb/v7e-m+fp/hard/libc_nano.a(lib_a-exit.o)
                              /home/aristizabal/st/stm32cubeide_1.10.1/plugins/com.st.stm32cube.ide.mcu.externaltools.gnu-tools-for-stm32.10.3-2021.10.linux64_1.0.0.202111181127/tools/bin/../lib/gcc/arm-none-eabi/10.3.1/../../../../arm-none-eabi/lib/thumb/v7e-m+fp/hard/crt0.o (exit)
/home/aristizabal/st/stm32cubeide_1.10.1/plugins/com.st.stm32cube.ide.mcu.externaltools.gnu-tools-for-stm32.10.3-2021.10.linux64_1.0.0.202111181127/tools/bin/../lib/gcc/arm-none-eabi/10.3.1/../../../../arm-none-eabi/lib/thumb/v7e-m+fp/hard/libc_nano.a(lib_a-impure.o)
                              /home/aristizabal/st/stm32cubeide_1.10.1/plugins/com.st.stm32cube.ide.mcu.externaltools.gnu-tools-for-stm32.10.3-2021.10.linux64_1.0.0.202111181127/tools/bin/../lib/gcc/arm-none-eabi/10.3.1/../../../../arm-none-eabi/lib/thumb/v7e-m+fp/hard/libc_nano.a(lib_a-exit.o) (_global_impure_ptr)
/home/aristizabal/st/stm32cubeide_1.10.1/plugins/com.st.stm32cube.ide.mcu.externaltools.gnu-tools-for-stm32.10.3-2021.10.linux64_1.0.0.202111181127/tools/bin/../lib/gcc/arm-none-eabi/10.3.1/../../../../arm-none-eabi/lib/thumb/v7e-m+fp/hard/libc_nano.a(lib_a-init.o)
                              /home/aristizabal/st/stm32cubeide_1.10.1/plugins/com.st.stm32cube.ide.mcu.externaltools.gnu-tools-for-stm32.10.3-2021.10.linux64_1.0.0.202111181127/tools/bin/../lib/gcc/arm-none-eabi/10.3.1/../../../../arm-none-eabi/lib/thumb/v7e-m+fp/hard/crt0.o (__libc_init_array)
/home/aristizabal/st/stm32cubeide_1.10.1/plugins/com.st.stm32cube.ide.mcu.externaltools.gnu-tools-for-stm32.10.3-2021.10.linux64_1.0.0.202111181127/tools/bin/../lib/gcc/arm-none-eabi/10.3.1/../../../../arm-none-eabi/lib/thumb/v7e-m+fp/hard/libc_nano.a(lib_a-memset.o)
                              /home/aristizabal/st/stm32cubeide_1.10.1/plugins/com.st.stm32cube.ide.mcu.externaltools.gnu-tools-for-stm32.10.3-2021.10.linux64_1.0.0.202111181127/tools/bin/../lib/gcc/arm-none-eabi/10.3.1/../../../../arm-none-eabi/lib/thumb/v7e-m+fp/hard/crt0.o (memset)
/home/aristizabal/st/stm32cubeide_1.10.1/plugins/com.st.stm32cube.ide.mcu.externaltools.gnu-tools-for-stm32.10.3-2021.10.linux64_1.0.0.202111181127/tools/bin/../lib/gcc/arm-none-eabi/10.3.1/../../../../arm-none-eabi/lib/thumb/v7e-m+fp/hard/libc_nano.a(lib_a-nano-vfprintf_float.o)
                              (_printf_float)
/home/aristizabal/st/stm32cubeide_1.10.1/plugins/com.st.stm32cube.ide.mcu.externaltools.gnu-tools-for-stm32.10.3-2021.10.linux64_1.0.0.202111181127/tools/bin/../lib/gcc/arm-none-eabi/10.3.1/../../../../arm-none-eabi/lib/thumb/v7e-m+fp/hard/libc_nano.a(lib_a-nano-vfprintf_i.o)
                              /home/aristizabal/st/stm32cubeide_1.10.1/plugins/com.st.stm32cube.ide.mcu.externaltools.gnu-tools-for-stm32.10.3-2021.10.linux64_1.0.0.202111181127/tools/bin/../lib/gcc/arm-none-eabi/10.3.1/../../../../arm-none-eabi/lib/thumb/v7e-m+fp/hard/libc_nano.a(lib_a-nano-vfprintf_float.o) (_printf_common)
[...]
Memory Configuration

Name             Origin             Length             Attributes
RAM              0x0000000020000000 0x0000000000020000 xrw
FLASH            0x0000000008000000 0x0000000000080000 xr
*default*        0x0000000000000000 0xffffffffffffffff

Linker script and memory map

LOAD /home/aristizabal/st/stm32cubeide_1.10.1/plugins/com.st.stm32cube.ide.mcu.externaltools.gnu-tools-for-stm32.10.3-2021.10.linux64_1.0.0.202111181127/tools/bin/../lib/gcc/arm-none-eabi/10.3.1/thumb/v7e-m+fp/hard/crti.o
LOAD /home/aristizabal/st/stm32cubeide_1.10.1/plugins/com.st.stm32cube.ide.mcu.externaltools.gnu-tools-for-stm32.10.3-2021.10.linux64_1.0.0.202111181127/tools/bin/../lib/gcc/arm-none-eabi/10.3.1/thumb/v7e-m+fp/hard/crtbegin.o
LOAD /home/aristizabal/st/stm32cubeide_1.10.1/plugins/com.st.stm32cube.ide.mcu.externaltools.gnu-tools-for-stm32.10.3-2021.10.linux64_1.0.0.202111181127/tools/bin/../lib/gcc/arm-none-eabi/10.3.1/../../../../arm-none-eabi/lib/thumb/v7e-m+fp/hard/crt0.o
LOAD ./Src/main1.o
LOAD ./Src/syscalls.o
LOAD ./Src/sysmem.o
LOAD ./Startup/startup_stm32f411retx.o
LOAD /home/aristizabal/Documents/Repositories/Robotica_2024_01/PeripheralsDrivers/Debug/libPeripheralsDrivers.a
START GROUP
LOAD /home/aristizabal/st/stm32cubeide_1.10.1/plugins/com.st.stm32cube.ide.mcu.externaltools.gnu-tools-for-stm32.10.3-2021.10.linux64_1.0.0.202111181127/tools/bin/../lib/gcc/arm-none-eabi/10.3.1/../../../../arm-none-eabi/lib/thumb/v7e-m+fp/hard/libc_nano.a
LOAD /home/aristizabal/st/stm32cubeide_1.10.1/plugins/com.st.stm32cube.ide.mcu.externaltools.gnu-tools-for-stm32.10.3-2021.10.linux64_1.0.0.202111181127/tools/bin/../lib/gcc/arm-none-eabi/10.3.1/../../../../arm-none-eabi/lib/thumb/v7e-m+fp/hard/libm.a
END GROUP
START GROUP
LOAD /home/aristizabal/st/stm32cubeide_1.10.1/plugins/com.st.stm32cube.ide.mcu.externaltools.gnu-tools-for-stm32.10.3-2021.10.linux64_1.0.0.202111181127/tools/bin/../lib/gcc/arm-none-eabi/10.3.1/thumb/v7e-m+fp/hard/libgcc.a
LOAD /home/aristizabal/st/stm32cubeide_1.10.1/plugins/com.st.stm32cube.ide.mcu.externaltools.gnu-tools-for-stm32.10.3-2021.10.linux64_1.0.0.202111181127/tools/bin/../lib/gcc/arm-none-eabi/10.3.1/../../../../arm-none-eabi/lib/thumb/v7e-m+fp/hard/libc_nano.a
END GROUP
START GROUP
LOAD /home/aristizabal/st/stm32cubeide_1.10.1/plugins/com.st.stm32cube.ide.mcu.externaltools.gnu-tools-for-stm32.10.3-2021.10.linux64_1.0.0.202111181127/tools/bin/../lib/gcc/arm-none-eabi/10.3.1/thumb/v7e-m+fp/hard/libgcc.a
LOAD /home/aristizabal/st/stm32cubeide_1.10.1/plugins/com.st.stm32cube.ide.mcu.externaltools.gnu-tools-for-stm32.10.3-2021.10.linux64_1.0.0.202111181127/tools/bin/../lib/gcc/arm-none-eabi/10.3.1/../../../../arm-none-eabi/lib/thumb/v7e-m+fp/hard/libc_nano.a
LOAD /home/aristizabal/st/stm32cubeide_1.10.1/plugins/com.st.stm32cube.ide.mcu.externaltools.gnu-tools-for-stm32.10.3-2021.10.linux64_1.0.0.202111181127/tools/bin/../lib/gcc/arm-none-eabi/10.3.1/../../../../arm-none-eabi/lib/thumb/v7e-m+fp/hard/libnosys.a
END GROUP
START GROUP
LOAD /home/aristizabal/st/stm32cubeide_1.10.1/plugins/com.st.stm32cube.ide.mcu.externaltools.gnu-tools-for-stm32.10.3-2021.10.linux64_1.0.0.202111181127/tools/bin/../lib/gcc/arm-none-eabi/10.3.1/thumb/v7e-m+fp/hard/libgcc.a
LOAD /home/aristizabal/st/stm32cubeide_1.10.1/plugins/com.st.stm32cube.ide.mcu.externaltools.gnu-tools-for-stm32.10.3-2021.10.linux64_1.0.0.202111181127/tools/bin/../lib/gcc/arm-none-eabi/10.3.1/../../../../arm-none-eabi/lib/thumb/v7e-m+fp/hard/libc_nano.a
LOAD /home/aristizabal/st/stm32cubeide_1.10.1/plugins/com.st.stm32cube.ide.mcu.externaltools.gnu-tools-for-stm32.10.3-2021.10.linux64_1.0.0.202111181127/tools/bin/../lib/gcc/arm-none-eabi/10.3.1/../../../../arm-none-eabi/lib/thumb/v7e-m+fp/hard/libnosys.a
END GROUP
LOAD /home/aristizabal/st/stm32cubeide_1.10.1/plugins/com.st.stm32cube.ide.mcu.externaltools.gnu-tools-for-stm32.10.3-2021.10.linux64_1.0.0.202111181127/tools/bin/../lib/gcc/arm-none-eabi/10.3.1/thumb/v7e-m+fp/hard/crtend.o
LOAD /home/aristizabal/st/stm32cubeide_1.10.1/plugins/com.st.stm32cube.ide.mcu.externaltools.gnu-tools-for-stm32.10.3-2021.10.linux64_1.0.0.202111181127/tools/bin/../lib/gcc/arm-none-eabi/10.3.1/thumb/v7e-m+fp/hard/crtn.o
                0x0000000020020000                _estack = (ORIGIN (RAM) + LENGTH (RAM))
                0x0000000000000200                _Min_Heap_Size = 0x200
                0x0000000000000400                _Min_Stack_Size = 0x400

.isr_vector     0x0000000008000000      0x198
                0x0000000008000000                . = ALIGN (0x4)
 *(.isr_vector)
 .isr_vector    0x0000000008000000      0x198 ./Startup/startup_stm32f411retx.o
                0x0000000008000000                g_pfnVectors
                0x0000000008000198                . = ALIGN (0x4)

.text           0x00000000080001a0     0x9874
                0x00000000080001a0                . = ALIGN (0x4)
 *(.text)
 .text          0x00000000080001a0       0x40 /home/aristizabal/st/stm32cubeide_1.10.1/plugins/com.st.stm32cube.ide.mcu.externaltools.gnu-tools-for-stm32.10.3-2021.10.linux64_1.0.0.202111181127/tools/bin/../lib/gcc/arm-none-eabi/10.3.1/thumb/v7e-m+fp/hard/crtbegin.o
 .text          0x00000000080001e0       0x14 /home/aristizabal/st/stm32cubeide_1.10.1/plugins/com.st.stm32cube.ide.mcu.externaltools.gnu-tools-for-stm32.10.3-2021.10.linux64_1.0.0.202111181127/tools/bin/../lib/gcc/arm-none-eabi/10.3.1/../../../../arm-none-eabi/lib/thumb/v7e-m+fp/hard/libc_nano.a(lib_a-strcmp.o)
                0x00000000080001e0                strcmp
 .text          0x00000000080001f4       0x10 /home/aristizabal/st/stm32cubeide_1.10.1/plugins/com.st.stm32cube.ide.mcu.externaltools.gnu-tools-for-stm32.10.3-2021.10.linux64_1.0.0.202111181127/tools/bin/../lib/gcc/arm-none-eabi/10.3.1/../../../../arm-none-eabi/lib/thumb/v7e-m+fp/hard/libc_nano.a(lib_a-strlen.o)
                0x00000000080001f4                strlen
 *fill*         0x0000000008000204        0xc 
 .text          0x0000000008000210       0xa0 /home/aristizabal/st/stm32cubeide_1.10.1/plugins/com.st.stm32cube.ide.mcu.externaltools.gnu-tools-for-stm32.10.3-2021.10.linux64_1.0.0.202111181127/tools/bin/../lib/gcc/arm-none-eabi/10.3.1/../../../../arm-none-eabi/lib/thumb/v7e-m+fp/hard/libc_nano.a(lib_a-memchr.o)
                0x0000000008000210                memchr
 .text          0x00000000080002b0      0x378 /home/aristizabal/st/stm32cubeide_1.10.1/plugins/com.st.stm32cube.ide.mcu.externaltools.gnu-tools-for-stm32.10.3-2021.10.linux64_1.0.0.202111181127/tools/bin/../lib/gcc/arm-none-eabi/10.3.1/thumb/v7e-m+fp/hard/libgcc.a(_arm_addsubdf3.o)
                0x00000000080002b0                __aeabi_drsub
                0x00000000080002b8                __aeabi_dsub
                0x00000000080002b8                __subdf3
                0x00000000080002bc                __adddf3
                0x00000000080002bc                __aeabi_dadd
                0x0000000008000534                __aeabi_ui2d
                0x0000000008000534                __floatunsidf
                0x0000000008000554                __floatsidf
                0x0000000008000554                __aeabi_i2d
                0x0000000008000578                __extendsfdf2
                0x0000000008000578                __aeabi_f2d
                0x00000000080005bc                __aeabi_ul2d
                0x00000000080005bc                __floatundidf
                0x00000000080005cc                __floatdidf
                0x00000000080005cc                __aeabi_l2d
 .text          0x0000000008000628      0x424 /home/aristizabal/st/stm32cubeide_1.10.1/plugins/com.st.stm32cube.ide.mcu.externaltools.gnu-tools-for-stm32.10.3-2021.10.linux64_1.0.0.202111181127/tools/bin/../lib/gcc/arm-none-eabi/10.3.1/thumb/v7e-m+fp/hard/libgcc.a(_arm_muldivdf3.o)
                0x0000000008000628                __aeabi_dmul
                0x0000000008000628                __muldf3
                0x000000000800087c                __aeabi_ddiv
                0x000000000800087c                __divdf3
 .text          0x0000000008000a4c      0x110 /home/aristizabal/st/stm32cubeide_1.10.1/plugins/com.st.stm32cube.ide.mcu.externaltools.gnu-tools-for-stm32.10.3-2021.10.linux64_1.0.0.202111181127/tools/bin/../lib/gcc/arm-none-eabi/10.3.1/thumb/v7e-m+fp/hard/libgcc.a(_arm_cmpdf2.o)
                0x0000000008000a4c                __gtdf2
                0x0000000008000a4c                __gedf2
                0x0000000008000a54                __ltdf2
                0x0000000008000a54                __ledf2
                0x0000000008000a5c                __cmpdf2
                0x0000000008000a5c                __eqdf2
                0x0000000008000a5c                __nedf2
                0x0000000008000ad8                __aeabi_cdrcmple
                0x0000000008000ae8                __aeabi_cdcmple
                0x0000000008000ae8                __aeabi_cdcmpeq
                0x0000000008000af8                __aeabi_dcmpeq
                0x0000000008000b0c                __aeabi_dcmplt
                0x0000000008000b20                __aeabi_dcmple
                0x0000000008000b34                __aeabi_dcmpge
                0x0000000008000b48                __aeabi_dcmpgt
 .text          0x0000000008000b5c       0x2c /home/aristizabal/st/stm32cubeide_1.10.1/plugins/com.st.stm32cube.ide.mcu.externaltools.gnu-tools-for-stm32.10.3-2021.10.linux64_1.0.0.202111181127/tools/bin/../lib/gcc/arm-none-eabi/10.3.1/thumb/v7e-m+fp/hard/libgcc.a(_arm_unorddf2.o)
                0x0000000008000b5c                __aeabi_dcmpun
                0x0000000008000b5c                __unorddf2
 .text          0x0000000008000b88       0x50 /home/aristizabal/st/stm32cubeide_1.10.1/plugins/com.st.stm32cube.ide.mcu.externaltools.gnu-tools-for-stm32.10.3-2021.10.linux64_1.0.0.202111181127/tools/bin/../lib/gcc/arm-none-eabi/10.3.1/thumb/v7e-m+fp/hard/libgcc.a(_arm_fixdfsi.o)
                0x0000000008000b88                __fixdfsi
                0x0000000008000b88                __aeabi_d2iz
 .text          0x0000000008000bd8       0x40 /home/aristizabal/st/stm32cubeide_1.10.1/plugins/com.st.stm32cube.ide.mcu.externaltools.gnu-tools-for-stm32.10.3-2021.10.linux64_1.0.0.202111181127/tools/bin/../lib/gcc/arm-none-eabi/10.3.1/thumb/v7e-m+fp/hard/libgcc.a(_arm_fixunsdfsi.o)
                0x0000000008000bd8                __fixunsdfsi
                0x0000000008000bd8                __aeabi_d2uiz
 .text          0x0000000008000c18       0xa0 /home/aristizabal/st/stm32cubeide_1.10.1/plugins/com.st.stm32cube.ide.mcu.externaltools.gnu-tools-for-stm32.10.3-2021.10.linux64_1.0.0.202111181127/tools/bin/../lib/gcc/arm-none-eabi/10.3.1/thumb/v7e-m+fp/hard/libgcc.a(_arm_truncdfsf2.o)
                0x0000000008000c18                __aeabi_d2f
                0x0000000008000c18                __truncdfsf2
 .text          0x0000000008000cb8       0x30 /home/aristizabal/st/stm32cubeide_1.10.1/plugins/com.st.stm32cube.ide.mcu.externaltools.gnu-tools-for-stm32.10.3-2021.10.linux64_1.0.0.202111181127/tools/bin/../lib/gcc/arm-none-eabi/10.3.1/thumb/v7e-m+fp/hard/libgcc.a(_fixdfdi.o)
                0x0000000008000cb8                __aeabi_d2lz
                0x0000000008000cb8                __fixdfdi
 .text          0x0000000008000ce8       0x3c /home/aristizabal/st/stm32cubeide_1.10.1/plugins/com.st.stm32cube.ide.mcu.externaltools.gnu-tools-for-stm32.10.3-2021.10.linux64_1.0.0.202111181127/tools/bin/../lib/gcc/arm-none-eabi/10.3.1/thumb/v7e-m+fp/hard/libgcc.a(_fixunsdfdi.o)
                0x0000000008000ce8                __aeabi_d2ulz
                0x0000000008000ce8                __fixunsdfdi
 *(.text*)
 .text.main     0x0000000008000d24       0xf0 ./Src/main1.o
                0x0000000008000d24                main
 .text.initSystem
                0x0000000008000e14      0x320 ./Src/main1.o
                0x0000000008000e14                initSystem
 .text.forwardMove
                0x0000000008001134       0x9c ./Src/main1.o
                0x0000000008001134                forwardMove
 .text.backwardMove
                0x00000000080011d0       0x9c ./Src/main1.o
                0x00000000080011d0                backwardMove
 .text.turnOff  0x000000000800126c       0x34 ./Src/main1.o
                0x000000000800126c                turnOff
 .text.turnOn   0x00000000080012a0       0x34 ./Src/main1.o
                0x00000000080012a0                turnOn
 .text.parseCommands
                0x00000000080012d4      0x410 ./Src/main1.o
                0x00000000080012d4                parseCommands
 .text.Timer2_Callback
                0x00000000080016e4       0x4c ./Src/main1.o
                0x00000000080016e4                Timer2_Callback
 .text.usart1_RxCallback
                0x0000000008001730       0x18 ./Src/main1.o
                0x0000000008001730                usart1_RxCallback
 .text.callback_ExtInt1
                0x0000000008001748       0x28 ./Src/main1.o
                0x0000000008001748                callback_ExtInt1
 .text.callback_ExtInt3
                0x0000000008001770       0x28 ./Src/main1.o
                0x0000000008001770                callback_ExtInt3
 .text._getpid  0x0000000008001798       0x10 ./Src/syscalls.o
                0x0000000008001798                _getpid
 .text._kill    0x00000000080017a8       0x20 ./Src/syscalls.o
                0x00000000080017a8                _kill
 .text._exit    0x00000000080017c8       0x14 ./Src/syscalls.o
                0x00000000080017c8                _exit
 .text._read    0x00000000080017dc       0x3a ./Src/syscalls.o
                0x00000000080017dc                _read
 .text._write   0x0000000008001816       0x38 ./Src/syscalls.o
                0x0000000008001816                _write
 .text._close   0x000000000800184e       0x18 ./Src/syscalls.o
                0x000000000800184e                _close
 .text._fstat   0x0000000008001866       0x20 ./Src/syscalls.o
                0x0000000008001866                _fstat
 .text._isatty  0x0000000008001886       0x16 ./Src/syscalls.o
                0x0000000008001886                _isatty
 .text._lseek   0x000000000800189c       0x1a ./Src/syscalls.o
                0x000000000800189c                _lseek
 *fill*         0x00000000080018b6        0x2 
 .text._sbrk    0x00000000080018b8       0x6c ./Src/sysmem.o
                0x00000000080018b8                _sbrk
 .text.Reset_Handler
                0x0000000008001924       0x50 ./Startup/startup_stm32f411retx.o
                0x0000000008001924                Reset_Handler
 .text.Default_Handler
                0x0000000008001974        0x2 ./Startup/startup_stm32f411retx.o
                0x0000000008001974                RTC_Alarm_IRQHandler
                0x0000000008001974                DebugMon_Handler
                0x0000000008001974                SPI4_IRQHandler
                0x0000000008001974                TIM1_CC_IRQHandler
                0x0000000008001974                DMA2_Stream5_IRQHandler
                0x0000000008001974                HardFault_Handler
                0x0000000008001974                DMA1_Stream5_IRQHandler
                0x0000000008001974                PVD_IRQHandler
                0x0000000008001974                SDIO_IRQHandler
                0x0000000008001974                TAMP_STAMP_IRQHandler
                0x0000000008001974                PendSV_Handler
                0x0000000008001974                NMI_Handler
                0x0000000008001974                TIM1_UP_TIM10_IRQHandler
                0x0000000008001974                I2C3_ER_IRQHandler
                0x0000000008001974                I2C2_EV_IRQHandler
                0x0000000008001974                DMA1_Stream2_IRQHandler
                0x0000000008001974                FPU_IRQHandler
                0x0000000008001974                UsageFault_Handler
                0x0000000008001974                DMA2_Stream2_IRQHandler
                0x0000000008001974                SPI1_IRQHandler
                0x0000000008001974                TIM1_BRK_TIM9_IRQHandler
                0x0000000008001974                DMA2_Stream3_IRQHandler
                0x0000000008001974                DMA2_Stream0_IRQHandler
                0x0000000008001974                I2C1_EV_IRQHandler
                0x0000000008001974                DMA1_Stream6_IRQHandler
                0x0000000008001974                DMA1_Stream1_IRQHandler
                0x0000000008001974                RCC_IRQHandler
                0x0000000008001974                Default_Handler
                0x0000000008001974                ADC_IRQHandler
                0x0000000008001974                DMA1_Stream7_IRQHandler
                0x0000000008001974                SPI5_IRQHandler
                0x0000000008001974                DMA2_Stream7_IRQHandler
                0x0000000008001974                I2C3_EV_IRQHandler
                0x0000000008001974                RTC_WKUP_IRQHandler
                0x0000000008001974                SPI2_IRQHandler
                0x0000000008001974                MemManage_Handler
                0x0000000008001974                DMA1_Stream0_IRQHandler
                0x0000000008001974                SVC_Handler
                0x0000000008001974                WWDG_IRQHandler
                0x0000000008001974                OTG_FS_WKUP_IRQHandler
                0x0000000008001974                TIM1_TRG_COM_TIM11_IRQHandler
                0x0000000008001974                I2C2_ER_IRQHandler
                0x0000000008001974                DMA2_Stream1_IRQHandler
                0x0000000008001974                FLASH_IRQHandler
                0x0000000008001974                DMA2_Stream4_IRQHandler
                0x0000000008001974                BusFault_Handler
                0x0000000008001974                OTG_FS_IRQHandler
                0x0000000008001974                SPI3_IRQHandler
                0x0000000008001974                DMA1_Stream4_IRQHandler
                0x0000000008001974                I2C1_ER_IRQHandler
                0x0000000008001974                DMA2_Stream6_IRQHandler
                0x0000000008001974                DMA1_Stream3_IRQHandler
 *fill*         0x0000000008001976        0x2 
 .text.__NVIC_EnableIRQ
                0x0000000008001978       0x3c /home/aristizabal/Documents/Repositories/Robotica_2024_01/PeripheralsDrivers/Debug/libPeripheralsDrivers.a(exti_driver_hal.o)
 .text.exti_Config
                0x00000000080019b4       0x38 /home/aristizabal/Documents/Repositories/Robotica_2024_01/PeripheralsDrivers/Debug/libPeripheralsDrivers.a(exti_driver_hal.o)
                0x00000000080019b4                exti_Config
 .text.exti_enable_clock_peripheral
                0x00000000080019ec       0x20 /home/aristizabal/Documents/Repositories/Robotica_2024_01/PeripheralsDrivers/Debug/libPeripheralsDrivers.a(exti_driver_hal.o)
 .text.exti_assign_channel
                0x0000000008001a0c      0xbc8 /home/aristizabal/Documents/Repositories/Robotica_2024_01/PeripheralsDrivers/Debug/libPeripheralsDrivers.a(exti_driver_hal.o)
 .text.exti_select_edge
                0x00000000080025d4      0x414 /home/aristizabal/Documents/Repositories/Robotica_2024_01/PeripheralsDrivers/Debug/libPeripheralsDrivers.a(exti_driver_hal.o)
 .text.exti_config_interrupt
                0x00000000080029e8      0x1d8 /home/aristizabal/Documents/Repositories/Robotica_2024_01/PeripheralsDrivers/Debug/libPeripheralsDrivers.a(exti_driver_hal.o)
 .text.callback_ExtInt0
                0x0000000008002bc0       0x10 /home/aristizabal/Documents/Repositories/Robotica_2024_01/PeripheralsDrivers/Debug/libPeripheralsDrivers.a(exti_driver_hal.o)
                0x0000000008002bc0                callback_ExtInt0
 .text.callback_ExtInt2
                0x0000000008002bd0       0x10 /home/aristizabal/Documents/Repositories/Robotica_2024_01/PeripheralsDrivers/Debug/libPeripheralsDrivers.a(exti_driver_hal.o)
                0x0000000008002bd0                callback_ExtInt2
 .text.callback_ExtInt4
                0x0000000008002be0       0x10 /home/aristizabal/Documents/Repositories/Robotica_2024_01/PeripheralsDrivers/Debug/libPeripheralsDrivers.a(exti_driver_hal.o)
                0x0000000008002be0                callback_ExtInt4
 .text.callback_ExtInt5
                0x0000000008002bf0       0x10 /home/aristizabal/Documents/Repositories/Robotica_2024_01/PeripheralsDrivers/Debug/libPeripheralsDrivers.a(exti_driver_hal.o)
                0x0000000008002bf0                callback_ExtInt5
 .text.callback_ExtInt6
                0x0000000008002c00       0x10 /home/aristizabal/Documents/Repositories/Robotica_2024_01/PeripheralsDrivers/Debug/libPeripheralsDrivers.a(exti_driver_hal.o)
                0x0000000008002c00                callback_ExtInt6
 .text.callback_ExtInt7
                0x0000000008002c10       0x10 /home/aristizabal/Documents/Repositories/Robotica_2024_01/PeripheralsDrivers/Debug/libPeripheralsDrivers.a(exti_driver_hal.o)
                0x0000000008002c10                callback_ExtInt7
 .text.callback_ExtInt8
                0x0000000008002c20       0x10 /home/aristizabal/Documents/Repositories/Robotica_2024_01/PeripheralsDrivers/Debug/libPeripheralsDrivers.a(exti_driver_hal.o)
                0x0000000008002c20                callback_ExtInt8
 .text.callback_ExtInt9
                0x0000000008002c30       0x10 /home/aristizabal/Documents/Repositories/Robotica_2024_01/PeripheralsDrivers/Debug/libPeripheralsDrivers.a(exti_driver_hal.o)
                0x0000000008002c30                callback_ExtInt9
 .text.callback_ExtInt10
                0x0000000008002c40       0x10 /home/aristizabal/Documents/Repositories/Robotica_2024_01/PeripheralsDrivers/Debug/libPeripheralsDrivers.a(exti_driver_hal.o)
                0x0000000008002c40                callback_ExtInt10
 .text.callback_ExtInt11
                0x0000000008002c50       0x10 /home/aristizabal/Documents/Repositories/Robotica_2024_01/PeripheralsDrivers/Debug/libPeripheralsDrivers.a(exti_driver_hal.o)
                0x0000000008002c50                callback_ExtInt11
 .text.callback_ExtInt12
                0x0000000008002c60       0x10 /home/aristizabal/Documents/Repositories/Robotica_2024_01/PeripheralsDrivers/Debug/libPeripheralsDrivers.a(exti_driver_hal.o)
                0x0000000008002c60                callback_ExtInt12
 .text.callback_ExtInt13
                0x0000000008002c70       0x10 /home/aristizabal/Documents/Repositories/Robotica_2024_01/PeripheralsDrivers/Debug/libPeripheralsDrivers.a(exti_driver_hal.o)
                0x0000000008002c70                callback_ExtInt13
 .text.callback_ExtInt14
                0x0000000008002c80       0x10 /home/aristizabal/Documents/Repositories/Robotica_2024_01/PeripheralsDrivers/Debug/libPeripheralsDrivers.a(exti_driver_hal.o)
                0x0000000008002c80                callback_ExtInt14
 .text.callback_ExtInt15
                0x0000000008002c90       0x10 /home/aristizabal/Documents/Repositories/Robotica_2024_01/PeripheralsDrivers/Debug/libPeripheralsDrivers.a(exti_driver_hal.o)
                0x0000000008002c90                callback_ExtInt15
 .text.EXTI0_IRQHandler
                0x0000000008002ca0       0x28 /home/aristizabal/Documents/Repositories/Robotica_2024_01/PeripheralsDrivers/Debug/libPeripheralsDrivers.a(exti_driver_hal.o)
                0x0000000008002ca0                EXTI0_IRQHandler
 .text.EXTI1_IRQHandler
                0x0000000008002cc8       0x28 /home/aristizabal/Documents/Repositories/Robotica_2024_01/PeripheralsDrivers/Debug/libPeripheralsDrivers.a(exti_driver_hal.o)
                0x0000000008002cc8                EXTI1_IRQHandler
 .text.EXTI2_IRQHandler
                0x0000000008002cf0       0x28 /home/aristizabal/Documents/Repositories/Robotica_2024_01/PeripheralsDrivers/Debug/libPeripheralsDrivers.a(exti_driver_hal.o)
                0x0000000008002cf0                EXTI2_IRQHandler
 .text.EXTI3_IRQHandler
                0x0000000008002d18       0x28 /home/aristizabal/Documents/Repositories/Robotica_2024_01/PeripheralsDrivers/Debug/libPeripheralsDrivers.a(exti_driver_hal.o)
                0x0000000008002d18                EXTI3_IRQHandler
 .text.EXTI4_IRQHandler
                0x0000000008002d40       0x28 /home/aristizabal/Documents/Repositories/Robotica_2024_01/PeripheralsDrivers/Debug/libPeripheralsDrivers.a(exti_driver_hal.o)
                0x0000000008002d40                EXTI4_IRQHandler
 .text.EXTI9_5_IRQHandler
                0x0000000008002d68       0xa4 /home/aristizabal/Documents/Repositories/Robotica_2024_01/PeripheralsDrivers/Debug/libPeripheralsDrivers.a(exti_driver_hal.o)
                0x0000000008002d68                EXTI9_5_IRQHandler
 .text.EXTI15_10_IRQHandler
                0x0000000008002e0c       0xc4 /home/aristizabal/Documents/Repositories/Robotica_2024_01/PeripheralsDrivers/Debug/libPeripheralsDrivers.a(exti_driver_hal.o)
                0x0000000008002e0c                EXTI15_10_IRQHandler
 .text.gpio_Config
                0x0000000008002ed0       0x34 /home/aristizabal/Documents/Repositories/Robotica_2024_01/PeripheralsDrivers/Debug/libPeripheralsDrivers.a(gpio_driver_hal.o)
                0x0000000008002ed0                gpio_Config
 .text.gpio_enable_clock_peripheral
                0x0000000008002f04       0xc0 /home/aristizabal/Documents/Repositories/Robotica_2024_01/PeripheralsDrivers/Debug/libPeripheralsDrivers.a(gpio_driver_hal.o)
 .text.gpio_config_mode
                0x0000000008002fc4       0x58 /home/aristizabal/Documents/Repositories/Robotica_2024_01/PeripheralsDrivers/Debug/libPeripheralsDrivers.a(gpio_driver_hal.o)
 .text.gpio_config_output_type
                0x000000000800301c       0x54 /home/aristizabal/Documents/Repositories/Robotica_2024_01/PeripheralsDrivers/Debug/libPeripheralsDrivers.a(gpio_driver_hal.o)
 .text.gpio_config_output_speed
                0x0000000008003070       0x58 /home/aristizabal/Documents/Repositories/Robotica_2024_01/PeripheralsDrivers/Debug/libPeripheralsDrivers.a(gpio_driver_hal.o)
 .text.gpio_config_pullup_pulldown
                0x00000000080030c8       0x58 /home/aristizabal/Documents/Repositories/Robotica_2024_01/PeripheralsDrivers/Debug/libPeripheralsDrivers.a(gpio_driver_hal.o)
 .text.gpio_config_alternate_function
                0x0000000008003120       0xa8 /home/aristizabal/Documents/Repositories/Robotica_2024_01/PeripheralsDrivers/Debug/libPeripheralsDrivers.a(gpio_driver_hal.o)
 .text.gpio_WritePin
                0x00000000080031c8       0x56 /home/aristizabal/Documents/Repositories/Robotica_2024_01/PeripheralsDrivers/Debug/libPeripheralsDrivers.a(gpio_driver_hal.o)
                0x00000000080031c8                gpio_WritePin
 .text.gpio_ReadPin
                0x000000000800321e       0x48 /home/aristizabal/Documents/Repositories/Robotica_2024_01/PeripheralsDrivers/Debug/libPeripheralsDrivers.a(gpio_driver_hal.o)
                0x000000000800321e                gpio_ReadPin
 .text.gpio_TooglePin
                0x0000000008003266       0x32 /home/aristizabal/Documents/Repositories/Robotica_2024_01/PeripheralsDrivers/Debug/libPeripheralsDrivers.a(gpio_driver_hal.o)
                0x0000000008003266                gpio_TooglePin
 .text.PLL_config
                0x0000000008003298       0x4c /home/aristizabal/Documents/Repositories/Robotica_2024_01/PeripheralsDrivers/Debug/libPeripheralsDrivers.a(pll_driver_hal.o)
                0x0000000008003298                PLL_config
 .text.PLL_DriverOnOff
                0x00000000080032e4       0x3c /home/aristizabal/Documents/Repositories/Robotica_2024_01/PeripheralsDrivers/Debug/libPeripheralsDrivers.a(pll_driver_hal.o)
                0x00000000080032e4                PLL_DriverOnOff
 .text.PLL_chooseClock
                0x0000000008003320       0x38 /home/aristizabal/Documents/Repositories/Robotica_2024_01/PeripheralsDrivers/Debug/libPeripheralsDrivers.a(pll_driver_hal.o)
                0x0000000008003320                PLL_chooseClock
 .text.PLL_reFactorM
                0x0000000008003358       0x60 /home/aristizabal/Documents/Repositories/Robotica_2024_01/PeripheralsDrivers/Debug/libPeripheralsDrivers.a(pll_driver_hal.o)
                0x0000000008003358                PLL_reFactorM
 .text.PLL_reFactorN
                0x00000000080033b8       0x60 /home/aristizabal/Documents/Repositories/Robotica_2024_01/PeripheralsDrivers/Debug/libPeripheralsDrivers.a(pll_driver_hal.o)
                0x00000000080033b8                PLL_reFactorN
 .text.PLL_reFactorP
                0x0000000008003418       0x38 /home/aristizabal/Documents/Repositories/Robotica_2024_01/PeripheralsDrivers/Debug/libPeripheralsDrivers.a(pll_driver_hal.o)
                0x0000000008003418                PLL_reFactorP
 .text.restartBits
                0x0000000008003450       0x8c /home/aristizabal/Documents/Repositories/Robotica_2024_01/PeripheralsDrivers/Debug/libPeripheralsDrivers.a(pll_driver_hal.o)
                0x0000000008003450                restartBits
 .text.PLL_ON_forSystem
                0x00000000080034dc       0xf0 /home/aristizabal/Documents/Repositories/Robotica_2024_01/PeripheralsDrivers/Debug/libPeripheralsDrivers.a(pll_driver_hal.o)
                0x00000000080034dc                PLL_ON_forSystem
 .text.systemClock_100MHz
                0x00000000080035cc       0x34 /home/aristizabal/Documents/Repositories/Robotica_2024_01/PeripheralsDrivers/Debug/libPeripheralsDrivers.a(pll_driver_hal.o)
                0x00000000080035cc                systemClock_100MHz
 .text.systemClock_Output
                0x0000000008003600       0x54 /home/aristizabal/Documents/Repositories/Robotica_2024_01/PeripheralsDrivers/Debug/libPeripheralsDrivers.a(pll_driver_hal.o)
                0x0000000008003600                systemClock_Output
 .text.pwm_Config
                0x0000000008003654      0x16c /home/aristizabal/Documents/Repositories/Robotica_2024_01/PeripheralsDrivers/Debug/libPeripheralsDrivers.a(pwm_driver_hal.o)
                0x0000000008003654                pwm_Config
 .text.timer_enable_clock_peripheral
                0x00000000080037c0       0xdc /home/aristizabal/Documents/Repositories/Robotica_2024_01/PeripheralsDrivers/Debug/libPeripheralsDrivers.a(pwm_driver_hal.o)
                0x00000000080037c0                timer_enable_clock_peripheral
 .text.startPwmSignal
                0x000000000800389c       0x2c /home/aristizabal/Documents/Repositories/Robotica_2024_01/PeripheralsDrivers/Debug/libPeripheralsDrivers.a(pwm_driver_hal.o)
                0x000000000800389c                startPwmSignal
 .text.stopPwmSignal
                0x00000000080038c8       0x24 /home/aristizabal/Documents/Repositories/Robotica_2024_01/PeripheralsDrivers/Debug/libPeripheralsDrivers.a(pwm_driver_hal.o)
                0x00000000080038c8                stopPwmSignal
 .text.enableOutput
                0x00000000080038ec       0x80 /home/aristizabal/Documents/Repositories/Robotica_2024_01/PeripheralsDrivers/Debug/libPeripheralsDrivers.a(pwm_driver_hal.o)
                0x00000000080038ec                enableOutput
 .text.selectPolarity
                0x000000000800396c       0xdc /home/aristizabal/Documents/Repositories/Robotica_2024_01/PeripheralsDrivers/Debug/libPeripheralsDrivers.a(pwm_driver_hal.o)
                0x000000000800396c                selectPolarity
 .text.setFrequency
                0x0000000008003a48       0x28 /home/aristizabal/Documents/Repositories/Robotica_2024_01/PeripheralsDrivers/Debug/libPeripheralsDrivers.a(pwm_driver_hal.o)
                0x0000000008003a48                setFrequency
 .text.setDutyCycle
                0x0000000008003a70       0xc4 /home/aristizabal/Documents/Repositories/Robotica_2024_01/PeripheralsDrivers/Debug/libPeripheralsDrivers.a(pwm_driver_hal.o)
                0x0000000008003a70                setDutyCycle
 .text.updateDutyCycle
                0x0000000008003b34       0x20 /home/aristizabal/Documents/Repositories/Robotica_2024_01/PeripheralsDrivers/Debug/libPeripheralsDrivers.a(pwm_driver_hal.o)
                0x0000000008003b34                updateDutyCycle
 .text.__NVIC_EnableIRQ
                0x0000000008003b54       0x3c /home/aristizabal/Documents/Repositories/Robotica_2024_01/PeripheralsDrivers/Debug/libPeripheralsDrivers.a(systick_driver_hal.o)
 .text.__NVIC_DisableIRQ
                0x0000000008003b90       0x48 /home/aristizabal/Documents/Repositories/Robotica_2024_01/PeripheralsDrivers/Debug/libPeripheralsDrivers.a(systick_driver_hal.o)
 .text.systick_Config
                0x0000000008003bd8       0x64 /home/aristizabal/Documents/Repositories/Robotica_2024_01/PeripheralsDrivers/Debug/libPeripheralsDrivers.a(systick_driver_hal.o)
                0x0000000008003bd8                systick_Config
 .text.systick_SetState
                0x0000000008003c3c       0x4a /home/aristizabal/Documents/Repositories/Robotica_2024_01/PeripheralsDrivers/Debug/libPeripheralsDrivers.a(systick_driver_hal.o)
                0x0000000008003c3c                systick_SetState
 .text.systick_config_interrupt
                0x0000000008003c86       0x5a /home/aristizabal/Documents/Repositories/Robotica_2024_01/PeripheralsDrivers/Debug/libPeripheralsDrivers.a(systick_driver_hal.o)
 .text.systick_Callback
                0x0000000008003ce0       0x10 /home/aristizabal/Documents/Repositories/Robotica_2024_01/PeripheralsDrivers/Debug/libPeripheralsDrivers.a(systick_driver_hal.o)
                0x0000000008003ce0                systick_Callback
 .text.SysTick_Handler
                0x0000000008003cf0       0x38 /home/aristizabal/Documents/Repositories/Robotica_2024_01/PeripheralsDrivers/Debug/libPeripheralsDrivers.a(systick_driver_hal.o)
                0x0000000008003cf0                SysTick_Handler
 .text.__NVIC_EnableIRQ
                0x0000000008003d28       0x3c /home/aristizabal/Documents/Repositories/Robotica_2024_01/PeripheralsDrivers/Debug/libPeripheralsDrivers.a(timer_driver_hal.o)
 .text.__NVIC_DisableIRQ
                0x0000000008003d64       0x48 /home/aristizabal/Documents/Repositories/Robotica_2024_01/PeripheralsDrivers/Debug/libPeripheralsDrivers.a(timer_driver_hal.o)
 .text.timer_Config
                0x0000000008003dac       0x4c /home/aristizabal/Documents/Repositories/Robotica_2024_01/PeripheralsDrivers/Debug/libPeripheralsDrivers.a(timer_driver_hal.o)
                0x0000000008003dac                timer_Config
 .text.timer_enable_clock_peripheral
                0x0000000008003df8       0xdc /home/aristizabal/Documents/Repositories/Robotica_2024_01/PeripheralsDrivers/Debug/libPeripheralsDrivers.a(timer_driver_hal.o)
 .text.timer_set_prescaler
                0x0000000008003ed4       0x20 /home/aristizabal/Documents/Repositories/Robotica_2024_01/PeripheralsDrivers/Debug/libPeripheralsDrivers.a(timer_driver_hal.o)
 .text.timer_set_mode
                0x0000000008003ef4       0x3e /home/aristizabal/Documents/Repositories/Robotica_2024_01/PeripheralsDrivers/Debug/libPeripheralsDrivers.a(timer_driver_hal.o)
 .text.timer_set_period
                0x0000000008003f32       0x20 /home/aristizabal/Documents/Repositories/Robotica_2024_01/PeripheralsDrivers/Debug/libPeripheralsDrivers.a(timer_driver_hal.o)
 *fill*         0x0000000008003f52        0x2 
 .text.timer_config_interrupt
                0x0000000008003f54      0x154 /home/aristizabal/Documents/Repositories/Robotica_2024_01/PeripheralsDrivers/Debug/libPeripheralsDrivers.a(timer_driver_hal.o)
 .text.timer_SetState
                0x00000000080040a8       0x48 /home/aristizabal/Documents/Repositories/Robotica_2024_01/PeripheralsDrivers/Debug/libPeripheralsDrivers.a(timer_driver_hal.o)
                0x00000000080040a8                timer_SetState
 .text.Timer3_Callback
                0x00000000080040f0       0x10 /home/aristizabal/Documents/Repositories/Robotica_2024_01/PeripheralsDrivers/Debug/libPeripheralsDrivers.a(timer_driver_hal.o)
                0x00000000080040f0                Timer3_Callback
 .text.Timer4_Callback
                0x0000000008004100       0x10 /home/aristizabal/Documents/Repositories/Robotica_2024_01/PeripheralsDrivers/Debug/libPeripheralsDrivers.a(timer_driver_hal.o)
                0x0000000008004100                Timer4_Callback
 .text.Timer5_Callback
                0x0000000008004110       0x10 /home/aristizabal/Documents/Repositories/Robotica_2024_01/PeripheralsDrivers/Debug/libPeripheralsDrivers.a(timer_driver_hal.o)
                0x0000000008004110                Timer5_Callback
 .text.TIM2_IRQHandler
                0x0000000008004120       0x1c /home/aristizabal/Documents/Repositories/Robotica_2024_01/PeripheralsDrivers/Debug/libPeripheralsDrivers.a(timer_driver_hal.o)
                0x0000000008004120                TIM2_IRQHandler
 .text.TIM3_IRQHandler
                0x000000000800413c       0x1c /home/aristizabal/Documents/Repositories/Robotica_2024_01/PeripheralsDrivers/Debug/libPeripheralsDrivers.a(timer_driver_hal.o)
                0x000000000800413c                TIM3_IRQHandler
 .text.TIM4_IRQHandler
                0x0000000008004158       0x1c /home/aristizabal/Documents/Repositories/Robotica_2024_01/PeripheralsDrivers/Debug/libPeripheralsDrivers.a(timer_driver_hal.o)
                0x0000000008004158                TIM4_IRQHandler
 .text.TIM5_IRQHandler
                0x0000000008004174       0x1c /home/aristizabal/Documents/Repositories/Robotica_2024_01/PeripheralsDrivers/Debug/libPeripheralsDrivers.a(timer_driver_hal.o)
                0x0000000008004174                TIM5_IRQHandler
 .text.__NVIC_EnableIRQ
                0x0000000008004190       0x3c /home/aristizabal/Documents/Repositories/Robotica_2024_01/PeripheralsDrivers/Debug/libPeripheralsDrivers.a(usart_driver_hal.o)
 .text.__NVIC_DisableIRQ
                0x00000000080041cc       0x48 /home/aristizabal/Documents/Repositories/Robotica_2024_01/PeripheralsDrivers/Debug/libPeripheralsDrivers.a(usart_driver_hal.o)
 .text.__NVIC_SetPriority
                0x0000000008004214       0x54 /home/aristizabal/Documents/Repositories/Robotica_2024_01/PeripheralsDrivers/Debug/libPeripheralsDrivers.a(usart_driver_hal.o)
 .text.usart_Config
                0x0000000008004268       0x58 /home/aristizabal/Documents/Repositories/Robotica_2024_01/PeripheralsDrivers/Debug/libPeripheralsDrivers.a(usart_driver_hal.o)
                0x0000000008004268                usart_Config
 .text.usart_enable_clock_peripheral
                0x00000000080042c0       0x70 /home/aristizabal/Documents/Repositories/Robotica_2024_01/PeripheralsDrivers/Debug/libPeripheralsDrivers.a(usart_driver_hal.o)
 .text.usart_config_parity
                0x0000000008004330       0x68 /home/aristizabal/Documents/Repositories/Robotica_2024_01/PeripheralsDrivers/Debug/libPeripheralsDrivers.a(usart_driver_hal.o)
 .text.usart_config_datasize
                0x0000000008004398       0x58 /home/aristizabal/Documents/Repositories/Robotica_2024_01/PeripheralsDrivers/Debug/libPeripheralsDrivers.a(usart_driver_hal.o)
 .text.usart_config_stopbits
                0x00000000080043f0       0xa0 /home/aristizabal/Documents/Repositories/Robotica_2024_01/PeripheralsDrivers/Debug/libPeripheralsDrivers.a(usart_driver_hal.o)
 .text.usart_config_baudrate
                0x0000000008004490       0x80 /home/aristizabal/Documents/Repositories/Robotica_2024_01/PeripheralsDrivers/Debug/libPeripheralsDrivers.a(usart_driver_hal.o)
 .text.usart_config_mode
                0x0000000008004510       0xcc /home/aristizabal/Documents/Repositories/Robotica_2024_01/PeripheralsDrivers/Debug/libPeripheralsDrivers.a(usart_driver_hal.o)
 .text.usart_config_interrupt
                0x00000000080045dc       0xc8 /home/aristizabal/Documents/Repositories/Robotica_2024_01/PeripheralsDrivers/Debug/libPeripheralsDrivers.a(usart_driver_hal.o)
 .text.usart_enable_peripheral
                0x00000000080046a4       0x3e /home/aristizabal/Documents/Repositories/Robotica_2024_01/PeripheralsDrivers/Debug/libPeripheralsDrivers.a(usart_driver_hal.o)
 .text.usart_WriteChar
                0x00000000080046e2       0x34 /home/aristizabal/Documents/Repositories/Robotica_2024_01/PeripheralsDrivers/Debug/libPeripheralsDrivers.a(usart_driver_hal.o)
                0x00000000080046e2                usart_WriteChar
 .text.usart_WriteMsg
                0x0000000008004716       0x42 /home/aristizabal/Documents/Repositories/Robotica_2024_01/PeripheralsDrivers/Debug/libPeripheralsDrivers.a(usart_driver_hal.o)
                0x0000000008004716                usart_WriteMsg
 .text.usart1_getRxData
                0x0000000008004758       0x18 /home/aristizabal/Documents/Repositories/Robotica_2024_01/PeripheralsDrivers/Debug/libPeripheralsDrivers.a(usart_driver_hal.o)
                0x0000000008004758                usart1_getRxData
 .text.usart2_RxCallback
                0x0000000008004770       0x10 /home/aristizabal/Documents/Repositories/Robotica_2024_01/PeripheralsDrivers/Debug/libPeripheralsDrivers.a(usart_driver_hal.o)
                0x0000000008004770                usart2_RxCallback
 .text.usart6_RxCallback
                0x0000000008004780       0x10 /home/aristizabal/Documents/Repositories/Robotica_2024_01/PeripheralsDrivers/Debug/libPeripheralsDrivers.a(usart_driver_hal.o)
                0x0000000008004780                usart6_RxCallback
 .text.USART1_IRQHandler
                0x0000000008004790       0x3c /home/aristizabal/Documents/Repositories/Robotica_2024_01/PeripheralsDrivers/Debug/libPeripheralsDrivers.a(usart_driver_hal.o)
                0x0000000008004790                USART1_IRQHandler
 .text.USART2_IRQHandler
                0x00000000080047cc       0x3c /home/aristizabal/Documents/Repositories/Robotica_2024_01/PeripheralsDrivers/Debug/libPeripheralsDrivers.a(usart_driver_hal.o)
                0x00000000080047cc                USART2_IRQHandler
 .text.USART6_IRQHandler
                0x0000000008004808       0x3c /home/aristizabal/Documents/Repositories/Robotica_2024_01/PeripheralsDrivers/Debug/libPeripheralsDrivers.a(usart_driver_hal.o)
                0x0000000008004808                USART6_IRQHandler
 .text.__errno  0x0000000008004844        0xc /home/aristizabal/st/stm32cubeide_1.10.1/plugins/com.st.stm32cube.ide.mcu.externaltools.gnu-tools-for-stm32.10.3-2021.10.linux64_1.0.0.202111181127/tools/bin/../lib/gcc/arm-none-eabi/10.3.1/../../../../arm-none-eabi/lib/thumb/v7e-m+fp/hard/libc_nano.a(lib_a-errno.o)
                0x0000000008004844                __errno
 .text.__libc_init_array
                0x0000000008004850       0x48 /home/aristizabal/st/stm32cubeide_1.10.1/plugins/com.st.stm32cube.ide.mcu.externaltools.gnu-tools-for-stm32.10.3-2021.10.linux64_1.0.0.202111181127/tools/bin/../lib/gcc/arm-none-eabi/10.3.1/../../../../arm-none-eabi/lib/thumb/v7e-m+fp/hard/libc_nano.a(lib_a-init.o)
                0x0000000008004850                __libc_init_array
 .text.memset   0x0000000008004898       0x10 /home/aristizabal/st/stm32cubeide_1.10.1/plugins/com.st.stm32cube.ide.mcu.externaltools.gnu-tools-for-stm32.10.3-2021.10.linux64_1.0.0.202111181127/tools/bin/../lib/gcc/arm-none-eabi/10.3.1/../../../../arm-none-eabi/lib/thumb/v7e-m+fp/hard/libc_nano.a(lib_a-memset.o)
                0x0000000008004898                memset
 .text.__cvt    0x00000000080048a8       0xc4 /home/aristizabal/st/stm32cubeide_1.10.1/plugins/com.st.stm32cube.ide.mcu.externaltools.gnu-tools-for-stm32.10.3-2021.10.linux64_1.0.0.202111181127/tools/bin/../lib/gcc/arm-none-eabi/10.3.1/../../../../arm-none-eabi/lib/thumb/v7e-m+fp/hard/libc_nano.a(lib_a-nano-vfprintf_float.o)
                0x00000000080048a8                __cvt
 .text.__exponent
                0x000000000800496c       0x7c /home/aristizabal/st/stm32cubeide_1.10.1/plugins/com.st.stm32cube.ide.mcu.externaltools.gnu-tools-for-stm32.10.3-2021.10.linux64_1.0.0.202111181127/tools/bin/../lib/gcc/arm-none-eabi/10.3.1/../../../../arm-none-eabi/lib/thumb/v7e-m+fp/hard/libc_nano.a(lib_a-nano-vfprintf_float.o)
                0x000000000800496c                __exponent
 .text._printf_float
                0x00000000080049e8      0x46c /home/aristizabal/st/stm32cubeide_1.10.1/plugins/com.st.stm32cube.ide.mcu.externaltools.gnu-tools-for-stm32.10.3-2021.10.linux64_1.0.0.202111181127/tools/bin/../lib/gcc/arm-none-eabi/10.3.1/../../../../arm-none-eabi/lib/thumb/v7e-m+fp/hard/libc_nano.a(lib_a-nano-vfprintf_float.o)
                0x00000000080049e8                _printf_float
 .text._printf_common
                0x0000000008004e54       0xda /home/aristizabal/st/stm32cubeide_1.10.1/plugins/com.st.stm32cube.ide.mcu.externaltools.gnu-tools-for-stm32.10.3-2021.10.linux64_1.0.0.202111181127/tools/bin/../lib/gcc/arm-none-eabi/10.3.1/../../../../arm-none-eabi/lib/thumb/v7e-m+fp/hard/libc_nano.a(lib_a-nano-vfprintf_i.o)
                0x0000000008004e54                _printf_common
 *fill*         0x0000000008004f2e        0x2 
 .text._printf_i
                0x0000000008004f30      0x24c /home/aristizabal/st/stm32cubeide_1.10.1/plugins/com.st.stm32cube.ide.mcu.externaltools.gnu-tools-for-stm32.10.3-2021.10.linux64_1.0.0.202111181127/tools/bin/../lib/gcc/arm-none-eabi/10.3.1/../../../../arm-none-eabi/lib/thumb/v7e-m+fp/hard/libc_nano.a(lib_a-nano-vfprintf_i.o)
                0x0000000008004f30                _printf_i
 .text._scanf_float
                0x000000000800517c      0x420 /home/aristizabal/st/stm32cubeide_1.10.1/plugins/com.st.stm32cube.ide.mcu.externaltools.gnu-tools-for-stm32.10.3-2021.10.linux64_1.0.0.202111181127/tools/bin/../lib/gcc/arm-none-eabi/10.3.1/../../../../arm-none-eabi/lib/thumb/v7e-m+fp/hard/libc_nano.a(lib_a-nano-vfscanf_float.o)
                0x000000000800517c                _scanf_float
 .text.nanf     0x000000000800559c        0xc /home/aristizabal/st/stm32cubeide_1.10.1/plugins/com.st.stm32cube.ide.mcu.externaltools.gnu-tools-for-stm32.10.3-2021.10.linux64_1.0.0.202111181127/tools/bin/../lib/gcc/arm-none-eabi/10.3.1/../../../../arm-none-eabi/lib/thumb/v7e-m+fp/hard/libc_nano.a(lib_a-sf_nan.o)
                0x000000000800559c                nanf
 .text.sprintf  0x00000000080055a8       0x40 /home/aristizabal/st/stm32cubeide_1.10.1/plugins/com.st.stm32cube.ide.mcu.externaltools.gnu-tools-for-stm32.10.3-2021.10.linux64_1.0.0.202111181127/tools/bin/../lib/gcc/arm-none-eabi/10.3.1/../../../../arm-none-eabi/lib/thumb/v7e-m+fp/hard/libc_nano.a(lib_a-sprintf.o)
                0x00000000080055a8                sprintf
                0x00000000080055a8                siprintf
 .text.sscanf   0x00000000080055e8       0x58 /home/aristizabal/st/stm32cubeide_1.10.1/plugins/com.st.stm32cube.ide.mcu.externaltools.gnu-tools-for-stm32.10.3-2021.10.linux64_1.0.0.202111181127/tools/bin/../lib/gcc/arm-none-eabi/10.3.1/../../../../arm-none-eabi/lib/thumb/v7e-m+fp/hard/libc_nano.a(lib_a-sscanf.o)
                0x00000000080055e8                sscanf
                0x00000000080055e8                siscanf
 .text.__sread  0x0000000008005640       0x22 /home/aristizabal/st/stm32cubeide_1.10.1/plugins/com.st.stm32cube.ide.mcu.externaltools.gnu-tools-for-stm32.10.3-2021.10.linux64_1.0.0.202111181127/tools/bin/../lib/gcc/arm-none-eabi/10.3.1/../../../../arm-none-eabi/lib/thumb/v7e-m+fp/hard/libc_nano.a(lib_a-stdio.o)
                0x0000000008005640                __sread
 .text.__seofread
                0x0000000008005662        0x4 /home/aristizabal/st/stm32cubeide_1.10.1/plugins/com.st.stm32cube.ide.mcu.externaltools.gnu-tools-for-stm32.10.3-2021.10.linux64_1.0.0.202111181127/tools/bin/../lib/gcc/arm-none-eabi/10.3.1/../../../../arm-none-eabi/lib/thumb/v7e-m+fp/hard/libc_nano.a(lib_a-stdio.o)
                0x0000000008005662                __seofread
 .text.__swrite
                0x0000000008005666       0x38 /home/aristizabal/st/stm32cubeide_1.10.1/plugins/com.st.stm32cube.ide.mcu.externaltools.gnu-tools-for-stm32.10.3-2021.10.linux64_1.0.0.202111181127/tools/bin/../lib/gcc/arm-none-eabi/10.3.1/../../../../arm-none-eabi/lib/thumb/v7e-m+fp/hard/libc_nano.a(lib_a-stdio.o)
                0x0000000008005666                __swrite
 .text.__sseek  0x000000000800569e       0x24 /home/aristizabal/st/stm32cubeide_1.10.1/plugins/com.st.stm32cube.ide.mcu.externaltools.gnu-tools-for-stm32.10.3-2021.10.linux64_1.0.0.202111181127/tools/bin/../lib/gcc/arm-none-eabi/10.3.1/../../../../arm-none-eabi/lib/thumb/v7e-m+fp/hard/libc_nano.a(lib_a-stdio.o)
                0x000000000800569e                __sseek
 .text.__sclose
                0x00000000080056c2        0x8 /home/aristizabal/st/stm32cubeide_1.10.1/plugins/com.st.stm32cube.ide.mcu.externaltools.gnu-tools-for-stm32.10.3-2021.10.linux64_1.0.0.202111181127/tools/bin/../lib/gcc/arm-none-eabi/10.3.1/../../../../arm-none-eabi/lib/thumb/v7e-m+fp/hard/libc_nano.a(lib_a-stdio.o)
                0x00000000080056c2                __sclose
 .text.sulp     0x00000000080056ca       0x38 /home/aristizabal/st/stm32cubeide_1.10.1/plugins/com.st.stm32cube.ide.mcu.externaltools.gnu-tools-for-stm32.10.3-2021.10.linux64_1.0.0.202111181127/tools/bin/../lib/gcc/arm-none-eabi/10.3.1/../../../../arm-none-eabi/lib/thumb/v7e-m+fp/hard/libc_nano.a(lib_a-strtod.o)
 *fill*         0x0000000008005702        0x6 
 .text._strtod_l
                0x0000000008005708      0xc0c /home/aristizabal/st/stm32cubeide_1.10.1/plugins/com.st.stm32cube.ide.mcu.externaltools.gnu-tools-for-stm32.10.3-2021.10.linux64_1.0.0.202111181127/tools/bin/../lib/gcc/arm-none-eabi/10.3.1/../../../../arm-none-eabi/lib/thumb/v7e-m+fp/hard/libc_nano.a(lib_a-strtod.o)
                0x0000000008005708                _strtod_l
 .text._strtod_r
                0x0000000008006314        0xc /home/aristizabal/st/stm32cubeide_1.10.1/plugins/com.st.stm32cube.ide.mcu.externaltools.gnu-tools-for-stm32.10.3-2021.10.linux64_1.0.0.202111181127/tools/bin/../lib/gcc/arm-none-eabi/10.3.1/../../../../arm-none-eabi/lib/thumb/v7e-m+fp/hard/libc_nano.a(lib_a-strtod.o)
                0x0000000008006314                _strtod_r
 .text._strtol_l.constprop.0
                0x0000000008006320      0x104 /home/aristizabal/st/stm32cubeide_1.10.1/plugins/com.st.stm32cube.ide.mcu.externaltools.gnu-tools-for-stm32.10.3-2021.10.linux64_1.0.0.202111181127/tools/bin/../lib/gcc/arm-none-eabi/10.3.1/../../../../arm-none-eabi/lib/thumb/v7e-m+fp/hard/libc_nano.a(lib_a-strtol.o)
 .text._strtol_r
                0x0000000008006424        0x4 /home/aristizabal/st/stm32cubeide_1.10.1/plugins/com.st.stm32cube.ide.mcu.externaltools.gnu-tools-for-stm32.10.3-2021.10.linux64_1.0.0.202111181127/tools/bin/../lib/gcc/arm-none-eabi/10.3.1/../../../../arm-none-eabi/lib/thumb/v7e-m+fp/hard/libc_nano.a(lib_a-strtol.o)
                0x0000000008006424                _strtol_r
 .text._write_r
                0x0000000008006428       0x24 /home/aristizabal/st/stm32cubeide_1.10.1/plugins/com.st.stm32cube.ide.mcu.externaltools.gnu-tools-for-stm32.10.3-2021.10.linux64_1.0.0.202111181127/tools/bin/../lib/gcc/arm-none-eabi/10.3.1/../../../../arm-none-eabi/lib/thumb/v7e-m+fp/hard/libc_nano.a(lib_a-writer.o)
                0x0000000008006428                _write_r
 .text._close_r
                0x000000000800644c       0x20 /home/aristizabal/st/stm32cubeide_1.10.1/plugins/com.st.stm32cube.ide.mcu.externaltools.gnu-tools-for-stm32.10.3-2021.10.linux64_1.0.0.202111181127/tools/bin/../lib/gcc/arm-none-eabi/10.3.1/../../../../arm-none-eabi/lib/thumb/v7e-m+fp/hard/libc_nano.a(lib_a-closer.o)
                0x000000000800644c                _close_r
 .text.quorem   0x000000000800646c      0x116 /home/aristizabal/st/stm32cubeide_1.10.1/plugins/com.st.stm32cube.ide.mcu.externaltools.gnu-tools-for-stm32.10.3-2021.10.linux64_1.0.0.202111181127/tools/bin/../lib/gcc/arm-none-eabi/10.3.1/../../../../arm-none-eabi/lib/thumb/v7e-m+fp/hard/libc_nano.a(lib_a-dtoa.o)
 *fill*         0x0000000008006582        0x6 
 .text._dtoa_r  0x0000000008006588      0xbdc /home/aristizabal/st/stm32cubeide_1.10.1/plugins/com.st.stm32cube.ide.mcu.externaltools.gnu-tools-for-stm32.10.3-2021.10.linux64_1.0.0.202111181127/tools/bin/../lib/gcc/arm-none-eabi/10.3.1/../../../../arm-none-eabi/lib/thumb/v7e-m+fp/hard/libc_nano.a(lib_a-dtoa.o)
                0x0000000008006588                _dtoa_r
 .text.rshift   0x0000000008007164       0xa4 /home/aristizabal/st/stm32cubeide_1.10.1/plugins/com.st.stm32cube.ide.mcu.externaltools.gnu-tools-for-stm32.10.3-2021.10.linux64_1.0.0.202111181127/tools/bin/../lib/gcc/arm-none-eabi/10.3.1/../../../../arm-none-eabi/lib/thumb/v7e-m+fp/hard/libc_nano.a(lib_a-gdtoa-gethex.o)
 .text.__hexdig_fun
                0x0000000008007208       0x2a /home/aristizabal/st/stm32cubeide_1.10.1/plugins/com.st.stm32cube.ide.mcu.externaltools.gnu-tools-for-stm32.10.3-2021.10.linux64_1.0.0.202111181127/tools/bin/../lib/gcc/arm-none-eabi/10.3.1/../../../../arm-none-eabi/lib/thumb/v7e-m+fp/hard/libc_nano.a(lib_a-gdtoa-gethex.o)
                0x0000000008007208                __hexdig_fun
 *fill*         0x0000000008007232        0x2 
 .text.__gethex
                0x0000000008007234      0x48c /home/aristizabal/st/stm32cubeide_1.10.1/plugins/com.st.stm32cube.ide.mcu.externaltools.gnu-tools-for-stm32.10.3-2021.10.linux64_1.0.0.202111181127/tools/bin/../lib/gcc/arm-none-eabi/10.3.1/../../../../arm-none-eabi/lib/thumb/v7e-m+fp/hard/libc_nano.a(lib_a-gdtoa-gethex.o)
                0x0000000008007234                __gethex
 .text.L_shift  0x00000000080076c0       0x24 /home/aristizabal/st/stm32cubeide_1.10.1/plugins/com.st.stm32cube.ide.mcu.externaltools.gnu-tools-for-stm32.10.3-2021.10.linux64_1.0.0.202111181127/tools/bin/../lib/gcc/arm-none-eabi/10.3.1/../../../../arm-none-eabi/lib/thumb/v7e-m+fp/hard/libc_nano.a(lib_a-gdtoa-hexnan.o)
 .text.__match  0x00000000080076e4       0x28 /home/aristizabal/st/stm32cubeide_1.10.1/plugins/com.st.stm32cube.ide.mcu.externaltools.gnu-tools-for-stm32.10.3-2021.10.linux64_1.0.0.202111181127/tools/bin/../lib/gcc/arm-none-eabi/10.3.1/../../../../arm-none-eabi/lib/thumb/v7e-m+fp/hard/libc_nano.a(lib_a-gdtoa-hexnan.o)
                0x00000000080076e4                __match
 .text.__hexnan
                0x000000000800770c      0x138 /home/aristizabal/st/stm32cubeide_1.10.1/plugins/com.st.stm32cube.ide.mcu.externaltools.gnu-tools-for-stm32.10.3-2021.10.linux64_1.0.0.202111181127/tools/bin/../lib/gcc/arm-none-eabi/10.3.1/../../../../arm-none-eabi/lib/thumb/v7e-m+fp/hard/libc_nano.a(lib_a-gdtoa-hexnan.o)
                0x000000000800770c                __hexnan
 .text._localeconv_r
                0x0000000008007844        0x8 /home/aristizabal/st/stm32cubeide_1.10.1/plugins/com.st.stm32cube.ide.mcu.externaltools.gnu-tools-for-stm32.10.3-2021.10.linux64_1.0.0.202111181127/tools/bin/../lib/gcc/arm-none-eabi/10.3.1/../../../../arm-none-eabi/lib/thumb/v7e-m+fp/hard/libc_nano.a(lib_a-localeconv.o)
                0x0000000008007844                _localeconv_r
 .text._lseek_r
                0x000000000800784c       0x24 /home/aristizabal/st/stm32cubeide_1.10.1/plugins/com.st.stm32cube.ide.mcu.externaltools.gnu-tools-for-stm32.10.3-2021.10.linux64_1.0.0.202111181127/tools/bin/../lib/gcc/arm-none-eabi/10.3.1/../../../../arm-none-eabi/lib/thumb/v7e-m+fp/hard/libc_nano.a(lib_a-lseekr.o)
                0x000000000800784c                _lseek_r
 .text.malloc   0x0000000008007870       0x10 /home/aristizabal/st/stm32cubeide_1.10.1/plugins/com.st.stm32cube.ide.mcu.externaltools.gnu-tools-for-stm32.10.3-2021.10.linux64_1.0.0.202111181127/tools/bin/../lib/gcc/arm-none-eabi/10.3.1/../../../../arm-none-eabi/lib/thumb/v7e-m+fp/hard/libc_nano.a(lib_a-malloc.o)
                0x0000000008007870                malloc
 .text.__ascii_mbtowc
                0x0000000008007880       0x24 /home/aristizabal/st/stm32cubeide_1.10.1/plugins/com.st.stm32cube.ide.mcu.externaltools.gnu-tools-for-stm32.10.3-2021.10.linux64_1.0.0.202111181127/tools/bin/../lib/gcc/arm-none-eabi/10.3.1/../../../../arm-none-eabi/lib/thumb/v7e-m+fp/hard/libc_nano.a(lib_a-mbtowc_r.o)
                0x0000000008007880                __ascii_mbtowc
 .text.memcpy   0x00000000080078a4       0x1c /home/aristizabal/st/stm32cubeide_1.10.1/plugins/com.st.stm32cube.ide.mcu.externaltools.gnu-tools-for-stm32.10.3-2021.10.linux64_1.0.0.202111181127/tools/bin/../lib/gcc/arm-none-eabi/10.3.1/../../../../arm-none-eabi/lib/thumb/v7e-m+fp/hard/libc_nano.a(lib_a-memcpy-stub.o)
                0x00000000080078a4                memcpy
 .text._Balloc  0x00000000080078c0       0x80 /home/aristizabal/st/stm32cubeide_1.10.1/plugins/com.st.stm32cube.ide.mcu.externaltools.gnu-tools-for-stm32.10.3-2021.10.linux64_1.0.0.202111181127/tools/bin/../lib/gcc/arm-none-eabi/10.3.1/../../../../arm-none-eabi/lib/thumb/v7e-m+fp/hard/libc_nano.a(lib_a-mprec.o)
                0x00000000080078c0                _Balloc
 .text._Bfree   0x0000000008007940       0x44 /home/aristizabal/st/stm32cubeide_1.10.1/plugins/com.st.stm32cube.ide.mcu.externaltools.gnu-tools-for-stm32.10.3-2021.10.linux64_1.0.0.202111181127/tools/bin/../lib/gcc/arm-none-eabi/10.3.1/../../../../arm-none-eabi/lib/thumb/v7e-m+fp/hard/libc_nano.a(lib_a-mprec.o)
                0x0000000008007940                _Bfree
 .text.__multadd
                0x0000000008007984       0x8c /home/aristizabal/st/stm32cubeide_1.10.1/plugins/com.st.stm32cube.ide.mcu.externaltools.gnu-tools-for-stm32.10.3-2021.10.linux64_1.0.0.202111181127/tools/bin/../lib/gcc/arm-none-eabi/10.3.1/../../../../arm-none-eabi/lib/thumb/v7e-m+fp/hard/libc_nano.a(lib_a-mprec.o)
                0x0000000008007984                __multadd
 .text.__s2b    0x0000000008007a10       0x94 /home/aristizabal/st/stm32cubeide_1.10.1/plugins/com.st.stm32cube.ide.mcu.externaltools.gnu-tools-for-stm32.10.3-2021.10.linux64_1.0.0.202111181127/tools/bin/../lib/gcc/arm-none-eabi/10.3.1/../../../../arm-none-eabi/lib/thumb/v7e-m+fp/hard/libc_nano.a(lib_a-mprec.o)
                0x0000000008007a10                __s2b
 .text.__hi0bits
                0x0000000008007aa4       0x40 /home/aristizabal/st/stm32cubeide_1.10.1/plugins/com.st.stm32cube.ide.mcu.externaltools.gnu-tools-for-stm32.10.3-2021.10.linux64_1.0.0.202111181127/tools/bin/../lib/gcc/arm-none-eabi/10.3.1/../../../../arm-none-eabi/lib/thumb/v7e-m+fp/hard/libc_nano.a(lib_a-mprec.o)
                0x0000000008007aa4                __hi0bits
 .text.__lo0bits
                0x0000000008007ae4       0x5e /home/aristizabal/st/stm32cubeide_1.10.1/plugins/com.st.stm32cube.ide.mcu.externaltools.gnu-tools-for-stm32.10.3-2021.10.linux64_1.0.0.202111181127/tools/bin/../lib/gcc/arm-none-eabi/10.3.1/../../../../arm-none-eabi/lib/thumb/v7e-m+fp/hard/libc_nano.a(lib_a-mprec.o)
                0x0000000008007ae4                __lo0bits
 *fill*         0x0000000008007b42        0x2 
 .text.__i2b    0x0000000008007b44       0x2c /home/aristizabal/st/stm32cubeide_1.10.1/plugins/com.st.stm32cube.ide.mcu.externaltools.gnu-tools-for-stm32.10.3-2021.10.linux64_1.0.0.202111181127/tools/bin/../lib/gcc/arm-none-eabi/10.3.1/../../../../arm-none-eabi/lib/thumb/v7e-m+fp/hard/libc_nano.a(lib_a-mprec.o)
                0x0000000008007b44                __i2b
 .text.__multiply
                0x0000000008007b70      0x154 /home/aristizabal/st/stm32cubeide_1.10.1/plugins/com.st.stm32cube.ide.mcu.externaltools.gnu-tools-for-stm32.10.3-2021.10.linux64_1.0.0.202111181127/tools/bin/../lib/gcc/arm-none-eabi/10.3.1/../../../../arm-none-eabi/lib/thumb/v7e-m+fp/hard/libc_nano.a(lib_a-mprec.o)
                0x0000000008007b70                __multiply
 .text.__pow5mult
                0x0000000008007cc4       0xb4 /home/aristizabal/st/stm32cubeide_1.10.1/plugins/com.st.stm32cube.ide.mcu.externaltools.gnu-tools-for-stm32.10.3-2021.10.linux64_1.0.0.202111181127/tools/bin/../lib/gcc/arm-none-eabi/10.3.1/../../../../arm-none-eabi/lib/thumb/v7e-m+fp/hard/libc_nano.a(lib_a-mprec.o)
                0x0000000008007cc4                __pow5mult
 .text.__lshift
                0x0000000008007d78       0xe0 /home/aristizabal/st/stm32cubeide_1.10.1/plugins/com.st.stm32cube.ide.mcu.externaltools.gnu-tools-for-stm32.10.3-2021.10.linux64_1.0.0.202111181127/tools/bin/../lib/gcc/arm-none-eabi/10.3.1/../../../../arm-none-eabi/lib/thumb/v7e-m+fp/hard/libc_nano.a(lib_a-mprec.o)
                0x0000000008007d78                __lshift
 .text.__mcmp   0x0000000008007e58       0x38 /home/aristizabal/st/stm32cubeide_1.10.1/plugins/com.st.stm32cube.ide.mcu.externaltools.gnu-tools-for-stm32.10.3-2021.10.linux64_1.0.0.202111181127/tools/bin/../lib/gcc/arm-none-eabi/10.3.1/../../../../arm-none-eabi/lib/thumb/v7e-m+fp/hard/libc_nano.a(lib_a-mprec.o)
                0x0000000008007e58                __mcmp
 .text.__mdiff  0x0000000008007e90      0x114 /home/aristizabal/st/stm32cubeide_1.10.1/plugins/com.st.stm32cube.ide.mcu.externaltools.gnu-tools-for-stm32.10.3-2021.10.linux64_1.0.0.202111181127/tools/bin/../lib/gcc/arm-none-eabi/10.3.1/../../../../arm-none-eabi/lib/thumb/v7e-m+fp/hard/libc_nano.a(lib_a-mprec.o)
                0x0000000008007e90                __mdiff
 .text.__ulp    0x0000000008007fa4       0x58 /home/aristizabal/st/stm32cubeide_1.10.1/plugins/com.st.stm32cube.ide.mcu.externaltools.gnu-tools-for-stm32.10.3-2021.10.linux64_1.0.0.202111181127/tools/bin/../lib/gcc/arm-none-eabi/10.3.1/../../../../arm-none-eabi/lib/thumb/v7e-m+fp/hard/libc_nano.a(lib_a-mprec.o)
                0x0000000008007fa4                __ulp
 .text.__b2d    0x0000000008007ffc       0xa0 /home/aristizabal/st/stm32cubeide_1.10.1/plugins/com.st.stm32cube.ide.mcu.externaltools.gnu-tools-for-stm32.10.3-2021.10.linux64_1.0.0.202111181127/tools/bin/../lib/gcc/arm-none-eabi/10.3.1/../../../../arm-none-eabi/lib/thumb/v7e-m+fp/hard/libc_nano.a(lib_a-mprec.o)
                0x0000000008007ffc                __b2d
 .text.__d2b    0x000000000800809c       0xb8 /home/aristizabal/st/stm32cubeide_1.10.1/plugins/com.st.stm32cube.ide.mcu.externaltools.gnu-tools-for-stm32.10.3-2021.10.linux64_1.0.0.202111181127/tools/bin/../lib/gcc/arm-none-eabi/10.3.1/../../../../arm-none-eabi/lib/thumb/v7e-m+fp/hard/libc_nano.a(lib_a-mprec.o)
                0x000000000800809c                __d2b
 .text.__ratio  0x0000000008008154       0x66 /home/aristizabal/st/stm32cubeide_1.10.1/plugins/com.st.stm32cube.ide.mcu.externaltools.gnu-tools-for-stm32.10.3-2021.10.linux64_1.0.0.202111181127/tools/bin/../lib/gcc/arm-none-eabi/10.3.1/../../../../arm-none-eabi/lib/thumb/v7e-m+fp/hard/libc_nano.a(lib_a-mprec.o)
                0x0000000008008154                __ratio
 .text.__copybits
                0x00000000080081ba       0x46 /home/aristizabal/st/stm32cubeide_1.10.1/plugins/com.st.stm32cube.ide.mcu.externaltools.gnu-tools-for-stm32.10.3-2021.10.linux64_1.0.0.202111181127/tools/bin/../lib/gcc/arm-none-eabi/10.3.1/../../../../arm-none-eabi/lib/thumb/v7e-m+fp/hard/libc_nano.a(lib_a-mprec.o)
                0x00000000080081ba                __copybits
 .text.__any_on
                0x0000000008008200       0x42 /home/aristizabal/st/stm32cubeide_1.10.1/plugins/com.st.stm32cube.ide.mcu.externaltools.gnu-tools-for-stm32.10.3-2021.10.linux64_1.0.0.202111181127/tools/bin/../lib/gcc/arm-none-eabi/10.3.1/../../../../arm-none-eabi/lib/thumb/v7e-m+fp/hard/libc_nano.a(lib_a-mprec.o)
                0x0000000008008200                __any_on
 .text._calloc_r
                0x0000000008008242       0x2c /home/aristizabal/st/stm32cubeide_1.10.1/plugins/com.st.stm32cube.ide.mcu.externaltools.gnu-tools-for-stm32.10.3-2021.10.linux64_1.0.0.202111181127/tools/bin/../lib/gcc/arm-none-eabi/10.3.1/../../../../arm-none-eabi/lib/thumb/v7e-m+fp/hard/libc_nano.a(lib_a-nano-callocr.o)
                0x0000000008008242                _calloc_r
 *fill*         0x000000000800826e        0x2 
 .text._free_r  0x0000000008008270       0x98 /home/aristizabal/st/stm32cubeide_1.10.1/plugins/com.st.stm32cube.ide.mcu.externaltools.gnu-tools-for-stm32.10.3-2021.10.linux64_1.0.0.202111181127/tools/bin/../lib/gcc/arm-none-eabi/10.3.1/../../../../arm-none-eabi/lib/thumb/v7e-m+fp/hard/libc_nano.a(lib_a-nano-freer.o)
                0x0000000008008270                _free_r
 .text.sbrk_aligned
                0x0000000008008308       0x40 /home/aristizabal/st/stm32cubeide_1.10.1/plugins/com.st.stm32cube.ide.mcu.externaltools.gnu-tools-for-stm32.10.3-2021.10.linux64_1.0.0.202111181127/tools/bin/../lib/gcc/arm-none-eabi/10.3.1/../../../../arm-none-eabi/lib/thumb/v7e-m+fp/hard/libc_nano.a(lib_a-nano-mallocr.o)
 .text._malloc_r
                0x0000000008008348       0xe8 /home/aristizabal/st/stm32cubeide_1.10.1/plugins/com.st.stm32cube.ide.mcu.externaltools.gnu-tools-for-stm32.10.3-2021.10.linux64_1.0.0.202111181127/tools/bin/../lib/gcc/arm-none-eabi/10.3.1/../../../../arm-none-eabi/lib/thumb/v7e-m+fp/hard/libc_nano.a(lib_a-nano-mallocr.o)
                0x0000000008008348                _malloc_r
 .text.__ssputs_r
                0x0000000008008430       0xb6 /home/aristizabal/st/stm32cubeide_1.10.1/plugins/com.st.stm32cube.ide.mcu.externaltools.gnu-tools-for-stm32.10.3-2021.10.linux64_1.0.0.202111181127/tools/bin/../lib/gcc/arm-none-eabi/10.3.1/../../../../arm-none-eabi/lib/thumb/v7e-m+fp/hard/libc_nano.a(lib_a-nano-svfprintf.o)
                0x0000000008008430                __ssputs_r
 *fill*         0x00000000080084e6        0x2 
 .text._svfprintf_r
                0x00000000080084e8      0x200 /home/aristizabal/st/stm32cubeide_1.10.1/plugins/com.st.stm32cube.ide.mcu.externaltools.gnu-tools-for-stm32.10.3-2021.10.linux64_1.0.0.202111181127/tools/bin/../lib/gcc/arm-none-eabi/10.3.1/../../../../arm-none-eabi/lib/thumb/v7e-m+fp/hard/libc_nano.a(lib_a-nano-svfprintf.o)
                0x00000000080084e8                _svfprintf_r
                0x00000000080084e8                _svfiprintf_r
 .text._sungetc_r
                0x00000000080086e8       0x7a /home/aristizabal/st/stm32cubeide_1.10.1/plugins/com.st.stm32cube.ide.mcu.externaltools.gnu-tools-for-stm32.10.3-2021.10.linux64_1.0.0.202111181127/tools/bin/../lib/gcc/arm-none-eabi/10.3.1/../../../../arm-none-eabi/lib/thumb/v7e-m+fp/hard/libc_nano.a(lib_a-nano-svfscanf.o)
                0x00000000080086e8                _sungetc_r
 .text.__ssrefill_r
                0x0000000008008762       0x3a /home/aristizabal/st/stm32cubeide_1.10.1/plugins/com.st.stm32cube.ide.mcu.externaltools.gnu-tools-for-stm32.10.3-2021.10.linux64_1.0.0.202111181127/tools/bin/../lib/gcc/arm-none-eabi/10.3.1/../../../../arm-none-eabi/lib/thumb/v7e-m+fp/hard/libc_nano.a(lib_a-nano-svfscanf.o)
                0x0000000008008762                __ssrefill_r
 .text.__ssvfscanf_r
                0x000000000800879c      0x2f0 /home/aristizabal/st/stm32cubeide_1.10.1/plugins/com.st.stm32cube.ide.mcu.externaltools.gnu-tools-for-stm32.10.3-2021.10.linux64_1.0.0.202111181127/tools/bin/../lib/gcc/arm-none-eabi/10.3.1/../../../../arm-none-eabi/lib/thumb/v7e-m+fp/hard/libc_nano.a(lib_a-nano-svfscanf.o)
                0x000000000800879c                __ssvfscanf_r
                0x000000000800879c                __ssvfiscanf_r
 .text._scanf_chars
                0x0000000008008a8c       0xb4 /home/aristizabal/st/stm32cubeide_1.10.1/plugins/com.st.stm32cube.ide.mcu.externaltools.gnu-tools-for-stm32.10.3-2021.10.linux64_1.0.0.202111181127/tools/bin/../lib/gcc/arm-none-eabi/10.3.1/../../../../arm-none-eabi/lib/thumb/v7e-m+fp/hard/libc_nano.a(lib_a-nano-vfscanf_i.o)
                0x0000000008008a8c                _scanf_chars
 .text._scanf_i
                0x0000000008008b40      0x1f0 /home/aristizabal/st/stm32cubeide_1.10.1/plugins/com.st.stm32cube.ide.mcu.externaltools.gnu-tools-for-stm32.10.3-2021.10.linux64_1.0.0.202111181127/tools/bin/../lib/gcc/arm-none-eabi/10.3.1/../../../../arm-none-eabi/lib/thumb/v7e-m+fp/hard/libc_nano.a(lib_a-nano-vfscanf_i.o)
                0x0000000008008b40                _scanf_i
 .text._read_r  0x0000000008008d30       0x24 /home/aristizabal/st/stm32cubeide_1.10.1/plugins/com.st.stm32cube.ide.mcu.externaltools.gnu-tools-for-stm32.10.3-2021.10.linux64_1.0.0.202111181127/tools/bin/../lib/gcc/arm-none-eabi/10.3.1/../../../../arm-none-eabi/lib/thumb/v7e-m+fp/hard/libc_nano.a(lib_a-readr.o)
                0x0000000008008d30                _read_r
 *fill*         0x0000000008008d54        0x4 
 .text.nan      0x0000000008008d58       0x10 /home/aristizabal/st/stm32cubeide_1.10.1/plugins/com.st.stm32cube.ide.mcu.externaltools.gnu-tools-for-stm32.10.3-2021.10.linux64_1.0.0.202111181127/tools/bin/../lib/gcc/arm-none-eabi/10.3.1/../../../../arm-none-eabi/lib/thumb/v7e-m+fp/hard/libc_nano.a(lib_a-s_nan.o)
                0x0000000008008d58                nan
 .text._sbrk_r  0x0000000008008d68       0x20 /home/aristizabal/st/stm32cubeide_1.10.1/plugins/com.st.stm32cube.ide.mcu.externaltools.gnu-tools-for-stm32.10.3-2021.10.linux64_1.0.0.202111181127/tools/bin/../lib/gcc/arm-none-eabi/10.3.1/../../../../arm-none-eabi/lib/thumb/v7e-m+fp/hard/libc_nano.a(lib_a-sbrkr.o)
                0x0000000008008d68                _sbrk_r
 .text.__sccl   0x0000000008008d88       0x70 /home/aristizabal/st/stm32cubeide_1.10.1/plugins/com.st.stm32cube.ide.mcu.externaltools.gnu-tools-for-stm32.10.3-2021.10.linux64_1.0.0.202111181127/tools/bin/../lib/gcc/arm-none-eabi/10.3.1/../../../../arm-none-eabi/lib/thumb/v7e-m+fp/hard/libc_nano.a(lib_a-sccl.o)
                0x0000000008008d88                __sccl
 .text.strncmp  0x0000000008008df8       0x28 /home/aristizabal/st/stm32cubeide_1.10.1/plugins/com.st.stm32cube.ide.mcu.externaltools.gnu-tools-for-stm32.10.3-2021.10.linux64_1.0.0.202111181127/tools/bin/../lib/gcc/arm-none-eabi/10.3.1/../../../../arm-none-eabi/lib/thumb/v7e-m+fp/hard/libc_nano.a(lib_a-strncmp.o)
                0x0000000008008df8                strncmp
 .text._strtoul_l.constprop.0
                0x0000000008008e20       0xe4 /home/aristizabal/st/stm32cubeide_1.10.1/plugins/com.st.stm32cube.ide.mcu.externaltools.gnu-tools-for-stm32.10.3-2021.10.linux64_1.0.0.202111181127/tools/bin/../lib/gcc/arm-none-eabi/10.3.1/../../../../arm-none-eabi/lib/thumb/v7e-m+fp/hard/libc_nano.a(lib_a-strtoul.o)
 .text._strtoul_r
                0x0000000008008f04        0x4 /home/aristizabal/st/stm32cubeide_1.10.1/plugins/com.st.stm32cube.ide.mcu.externaltools.gnu-tools-for-stm32.10.3-2021.10.linux64_1.0.0.202111181127/tools/bin/../lib/gcc/arm-none-eabi/10.3.1/../../../../arm-none-eabi/lib/thumb/v7e-m+fp/hard/libc_nano.a(lib_a-strtoul.o)
                0x0000000008008f04                _strtoul_r
 .text.__submore
                0x0000000008008f08       0x74 /home/aristizabal/st/stm32cubeide_1.10.1/plugins/com.st.stm32cube.ide.mcu.externaltools.gnu-tools-for-stm32.10.3-2021.10.linux64_1.0.0.202111181127/tools/bin/../lib/gcc/arm-none-eabi/10.3.1/../../../../arm-none-eabi/lib/thumb/v7e-m+fp/hard/libc_nano.a(lib_a-ungetc.o)
                0x0000000008008f08                __submore
 .text.__ascii_wctomb
                0x0000000008008f7c       0x1a /home/aristizabal/st/stm32cubeide_1.10.1/plugins/com.st.stm32cube.ide.mcu.externaltools.gnu-tools-for-stm32.10.3-2021.10.linux64_1.0.0.202111181127/tools/bin/../lib/gcc/arm-none-eabi/10.3.1/../../../../arm-none-eabi/lib/thumb/v7e-m+fp/hard/libc_nano.a(lib_a-wctomb_r.o)
                0x0000000008008f7c                __ascii_wctomb
 *fill*         0x0000000008008f96        0x2 
 .text.__assert_func
                0x0000000008008f98       0x3c /home/aristizabal/st/stm32cubeide_1.10.1/plugins/com.st.stm32cube.ide.mcu.externaltools.gnu-tools-for-stm32.10.3-2021.10.linux64_1.0.0.202111181127/tools/bin/../lib/gcc/arm-none-eabi/10.3.1/../../../../arm-none-eabi/lib/thumb/v7e-m+fp/hard/libc_nano.a(lib_a-assert.o)
                0x0000000008008f98                __assert_func
 .text.__sflush_r
                0x0000000008008fd4      0x10c /home/aristizabal/st/stm32cubeide_1.10.1/plugins/com.st.stm32cube.ide.mcu.externaltools.gnu-tools-for-stm32.10.3-2021.10.linux64_1.0.0.202111181127/tools/bin/../lib/gcc/arm-none-eabi/10.3.1/../../../../arm-none-eabi/lib/thumb/v7e-m+fp/hard/libc_nano.a(lib_a-fflush.o)
                0x0000000008008fd4                __sflush_r
 .text._fflush_r
                0x00000000080090e0       0x78 /home/aristizabal/st/stm32cubeide_1.10.1/plugins/com.st.stm32cube.ide.mcu.externaltools.gnu-tools-for-stm32.10.3-2021.10.linux64_1.0.0.202111181127/tools/bin/../lib/gcc/arm-none-eabi/10.3.1/../../../../arm-none-eabi/lib/thumb/v7e-m+fp/hard/libc_nano.a(lib_a-fflush.o)
                0x00000000080090e0                _fflush_r
 .text.std      0x0000000008009158       0x48 /home/aristizabal/st/stm32cubeide_1.10.1/plugins/com.st.stm32cube.ide.mcu.externaltools.gnu-tools-for-stm32.10.3-2021.10.linux64_1.0.0.202111181127/tools/bin/../lib/gcc/arm-none-eabi/10.3.1/../../../../arm-none-eabi/lib/thumb/v7e-m+fp/hard/libc_nano.a(lib_a-findfp.o)
 .text._cleanup_r
                0x00000000080091a0        0xc /home/aristizabal/st/stm32cubeide_1.10.1/plugins/com.st.stm32cube.ide.mcu.externaltools.gnu-tools-for-stm32.10.3-2021.10.linux64_1.0.0.202111181127/tools/bin/../lib/gcc/arm-none-eabi/10.3.1/../../../../arm-none-eabi/lib/thumb/v7e-m+fp/hard/libc_nano.a(lib_a-findfp.o)
                0x00000000080091a0                _cleanup_r
 .text.__sfmoreglue
                0x00000000080091ac       0x2c /home/aristizabal/st/stm32cubeide_1.10.1/plugins/com.st.stm32cube.ide.mcu.externaltools.gnu-tools-for-stm32.10.3-2021.10.linux64_1.0.0.202111181127/tools/bin/../lib/gcc/arm-none-eabi/10.3.1/../../../../arm-none-eabi/lib/thumb/v7e-m+fp/hard/libc_nano.a(lib_a-findfp.o)
                0x00000000080091ac                __sfmoreglue
 .text.__sfp_lock_acquire
                0x00000000080091d8        0xc /home/aristizabal/st/stm32cubeide_1.10.1/plugins/com.st.stm32cube.ide.mcu.externaltools.gnu-tools-for-stm32.10.3-2021.10.linux64_1.0.0.202111181127/tools/bin/../lib/gcc/arm-none-eabi/10.3.1/../../../../arm-none-eabi/lib/thumb/v7e-m+fp/hard/libc_nano.a(lib_a-findfp.o)
                0x00000000080091d8                __sfp_lock_acquire
 .text.__sfp_lock_release
                0x00000000080091e4        0xc /home/aristizabal/st/stm32cubeide_1.10.1/plugins/com.st.stm32cube.ide.mcu.externaltools.gnu-tools-for-stm32.10.3-2021.10.linux64_1.0.0.202111181127/tools/bin/../lib/gcc/arm-none-eabi/10.3.1/../../../../arm-none-eabi/lib/thumb/v7e-m+fp/hard/libc_nano.a(lib_a-findfp.o)
                0x00000000080091e4                __sfp_lock_release
 .text.__sinit_lock_acquire
                0x00000000080091f0        0xc /home/aristizabal/st/stm32cubeide_1.10.1/plugins/com.st.stm32cube.ide.mcu.externaltools.gnu-tools-for-stm32.10.3-2021.10.linux64_1.0.0.202111181127/tools/bin/../lib/gcc/arm-none-eabi/10.3.1/../../../../arm-none-eabi/lib/thumb/v7e-m+fp/hard/libc_nano.a(lib_a-findfp.o)
                0x00000000080091f0                __sinit_lock_acquire
 .text.__sinit_lock_release
                0x00000000080091fc        0xc /home/aristizabal/st/stm32cubeide_1.10.1/plugins/com.st.stm32cube.ide.mcu.externaltools.gnu-tools-for-stm32.10.3-2021.10.linux64_1.0.0.202111181127/tools/bin/../lib/gcc/arm-none-eabi/10.3.1/../../../../arm-none-eabi/lib/thumb/v7e-m+fp/hard/libc_nano.a(lib_a-findfp.o)
                0x00000000080091fc                __sinit_lock_release
 .text.__sinit  0x0000000008009208       0x70 /home/aristizabal/st/stm32cubeide_1.10.1/plugins/com.st.stm32cube.ide.mcu.externaltools.gnu-tools-for-stm32.10.3-2021.10.linux64_1.0.0.202111181127/tools/bin/../lib/gcc/arm-none-eabi/10.3.1/../../../../arm-none-eabi/lib/thumb/v7e-m+fp/hard/libc_nano.a(lib_a-findfp.o)
                0x0000000008009208                __sinit
 .text.__sfp    0x0000000008009278       0x8c /home/aristizabal/st/stm32cubeide_1.10.1/plugins/com.st.stm32cube.ide.mcu.externaltools.gnu-tools-for-stm32.10.3-2021.10.linux64_1.0.0.202111181127/tools/bin/../lib/gcc/arm-none-eabi/10.3.1/../../../../arm-none-eabi/lib/thumb/v7e-m+fp/hard/libc_nano.a(lib_a-findfp.o)
                0x0000000008009278                __sfp
 .text.fprintf  0x0000000008009304       0x24 /home/aristizabal/st/stm32cubeide_1.10.1/plugins/com.st.stm32cube.ide.mcu.externaltools.gnu-tools-for-stm32.10.3-2021.10.linux64_1.0.0.202111181127/tools/bin/../lib/gcc/arm-none-eabi/10.3.1/../../../../arm-none-eabi/lib/thumb/v7e-m+fp/hard/libc_nano.a(lib_a-fprintf.o)
                0x0000000008009304                fprintf
                0x0000000008009304                fiprintf
 .text._fwalk_reent
                0x0000000008009328       0x3e /home/aristizabal/st/stm32cubeide_1.10.1/plugins/com.st.stm32cube.ide.mcu.externaltools.gnu-tools-for-stm32.10.3-2021.10.linux64_1.0.0.202111181127/tools/bin/../lib/gcc/arm-none-eabi/10.3.1/../../../../arm-none-eabi/lib/thumb/v7e-m+fp/hard/libc_nano.a(lib_a-fwalk.o)
                0x0000000008009328                _fwalk_reent
 .text.__retarget_lock_init_recursive
                0x0000000008009366        0x2 /home/aristizabal/st/stm32cubeide_1.10.1/plugins/com.st.stm32cube.ide.mcu.externaltools.gnu-tools-for-stm32.10.3-2021.10.linux64_1.0.0.202111181127/tools/bin/../lib/gcc/arm-none-eabi/10.3.1/../../../../arm-none-eabi/lib/thumb/v7e-m+fp/hard/libc_nano.a(lib_a-lock.o)
                0x0000000008009366                __retarget_lock_init_recursive
 .text.__retarget_lock_acquire_recursive
                0x0000000008009368        0x2 /home/aristizabal/st/stm32cubeide_1.10.1/plugins/com.st.stm32cube.ide.mcu.externaltools.gnu-tools-for-stm32.10.3-2021.10.linux64_1.0.0.202111181127/tools/bin/../lib/gcc/arm-none-eabi/10.3.1/../../../../arm-none-eabi/lib/thumb/v7e-m+fp/hard/libc_nano.a(lib_a-lock.o)
                0x0000000008009368                __retarget_lock_acquire_recursive
 .text.__retarget_lock_release_recursive
                0x000000000800936a        0x2 /home/aristizabal/st/stm32cubeide_1.10.1/plugins/com.st.stm32cube.ide.mcu.externaltools.gnu-tools-for-stm32.10.3-2021.10.linux64_1.0.0.202111181127/tools/bin/../lib/gcc/arm-none-eabi/10.3.1/../../../../arm-none-eabi/lib/thumb/v7e-m+fp/hard/libc_nano.a(lib_a-lock.o)
                0x000000000800936a                __retarget_lock_release_recursive
 .text.memmove  0x000000000800936c       0x34 /home/aristizabal/st/stm32cubeide_1.10.1/plugins/com.st.stm32cube.ide.mcu.externaltools.gnu-tools-for-stm32.10.3-2021.10.linux64_1.0.0.202111181127/tools/bin/../lib/gcc/arm-none-eabi/10.3.1/../../../../arm-none-eabi/lib/thumb/v7e-m+fp/hard/libc_nano.a(lib_a-memmove.o)
                0x000000000800936c                memmove
 .text.__malloc_lock
                0x00000000080093a0        0xc /home/aristizabal/st/stm32cubeide_1.10.1/plugins/com.st.stm32cube.ide.mcu.externaltools.gnu-tools-for-stm32.10.3-2021.10.linux64_1.0.0.202111181127/tools/bin/../lib/gcc/arm-none-eabi/10.3.1/../../../../arm-none-eabi/lib/thumb/v7e-m+fp/hard/libc_nano.a(lib_a-mlock.o)
                0x00000000080093a0                __malloc_lock
 .text.__malloc_unlock
                0x00000000080093ac        0xc /home/aristizabal/st/stm32cubeide_1.10.1/plugins/com.st.stm32cube.ide.mcu.externaltools.gnu-tools-for-stm32.10.3-2021.10.linux64_1.0.0.202111181127/tools/bin/../lib/gcc/arm-none-eabi/10.3.1/../../../../arm-none-eabi/lib/thumb/v7e-m+fp/hard/libc_nano.a(lib_a-mlock.o)
                0x00000000080093ac                __malloc_unlock
 .text._realloc_r
                0x00000000080093b8       0x5e /home/aristizabal/st/stm32cubeide_1.10.1/plugins/com.st.stm32cube.ide.mcu.externaltools.gnu-tools-for-stm32.10.3-2021.10.linux64_1.0.0.202111181127/tools/bin/../lib/gcc/arm-none-eabi/10.3.1/../../../../arm-none-eabi/lib/thumb/v7e-m+fp/hard/libc_nano.a(lib_a-nano-reallocr.o)
                0x00000000080093b8                _realloc_r
 .text.__sfputc_r
                0x0000000008009416       0x2e /home/aristizabal/st/stm32cubeide_1.10.1/plugins/com.st.stm32cube.ide.mcu.externaltools.gnu-tools-for-stm32.10.3-2021.10.linux64_1.0.0.202111181127/tools/bin/../lib/gcc/arm-none-eabi/10.3.1/../../../../arm-none-eabi/lib/thumb/v7e-m+fp/hard/libc_nano.a(lib_a-nano-vfprintf.o)
 .text.__sfputs_r
                0x0000000008009444       0x24 /home/aristizabal/st/stm32cubeide_1.10.1/plugins/com.st.stm32cube.ide.mcu.externaltools.gnu-tools-for-stm32.10.3-2021.10.linux64_1.0.0.202111181127/tools/bin/../lib/gcc/arm-none-eabi/10.3.1/../../../../arm-none-eabi/lib/thumb/v7e-m+fp/hard/libc_nano.a(lib_a-nano-vfprintf.o)
                0x0000000008009444                __sfputs_r
 .text._vfprintf_r
                0x0000000008009468      0x260 /home/aristizabal/st/stm32cubeide_1.10.1/plugins/com.st.stm32cube.ide.mcu.externaltools.gnu-tools-for-stm32.10.3-2021.10.linux64_1.0.0.202111181127/tools/bin/../lib/gcc/arm-none-eabi/10.3.1/../../../../arm-none-eabi/lib/thumb/v7e-m+fp/hard/libc_nano.a(lib_a-nano-vfprintf.o)
                0x0000000008009468                _vfiprintf_r
                0x0000000008009468                _vfprintf_r
 .text.__swbuf_r
                0x00000000080096c8       0xa4 /home/aristizabal/st/stm32cubeide_1.10.1/plugins/com.st.stm32cube.ide.mcu.externaltools.gnu-tools-for-stm32.10.3-2021.10.linux64_1.0.0.202111181127/tools/bin/../lib/gcc/arm-none-eabi/10.3.1/../../../../arm-none-eabi/lib/thumb/v7e-m+fp/hard/libc_nano.a(lib_a-wbuf.o)
                0x00000000080096c8                __swbuf_r
 .text.__swsetup_r
                0x000000000800976c       0xdc /home/aristizabal/st/stm32cubeide_1.10.1/plugins/com.st.stm32cube.ide.mcu.externaltools.gnu-tools-for-stm32.10.3-2021.10.linux64_1.0.0.202111181127/tools/bin/../lib/gcc/arm-none-eabi/10.3.1/../../../../arm-none-eabi/lib/thumb/v7e-m+fp/hard/libc_nano.a(lib_a-wsetup.o)
                0x000000000800976c                __swsetup_r
 .text.abort    0x0000000008009848        0xe /home/aristizabal/st/stm32cubeide_1.10.1/plugins/com.st.stm32cube.ide.mcu.externaltools.gnu-tools-for-stm32.10.3-2021.10.linux64_1.0.0.202111181127/tools/bin/../lib/gcc/arm-none-eabi/10.3.1/../../../../arm-none-eabi/lib/thumb/v7e-m+fp/hard/libc_nano.a(lib_a-abort.o)
                0x0000000008009848                abort
 .text.__swhatbuf_r
                0x0000000008009856       0x4a /home/aristizabal/st/stm32cubeide_1.10.1/plugins/com.st.stm32cube.ide.mcu.externaltools.gnu-tools-for-stm32.10.3-2021.10.linux64_1.0.0.202111181127/tools/bin/../lib/gcc/arm-none-eabi/10.3.1/../../../../arm-none-eabi/lib/thumb/v7e-m+fp/hard/libc_nano.a(lib_a-makebuf.o)
                0x0000000008009856                __swhatbuf_r
 .text.__smakebuf_r
                0x00000000080098a0       0x80 /home/aristizabal/st/stm32cubeide_1.10.1/plugins/com.st.stm32cube.ide.mcu.externaltools.gnu-tools-for-stm32.10.3-2021.10.linux64_1.0.0.202111181127/tools/bin/../lib/gcc/arm-none-eabi/10.3.1/../../../../arm-none-eabi/lib/thumb/v7e-m+fp/hard/libc_nano.a(lib_a-makebuf.o)
                0x00000000080098a0                __smakebuf_r
 .text._malloc_usable_size_r
                0x0000000008009920       0x10 /home/aristizabal/st/stm32cubeide_1.10.1/plugins/com.st.stm32cube.ide.mcu.externaltools.gnu-tools-for-stm32.10.3-2021.10.linux64_1.0.0.202111181127/tools/bin/../lib/gcc/arm-none-eabi/10.3.1/../../../../arm-none-eabi/lib/thumb/v7e-m+fp/hard/libc_nano.a(lib_a-nano-msizer.o)
                0x0000000008009920                _malloc_usable_size_r
 .text._raise_r
                0x0000000008009930       0x50 /home/aristizabal/st/stm32cubeide_1.10.1/plugins/com.st.stm32cube.ide.mcu.externaltools.gnu-tools-for-stm32.10.3-2021.10.linux64_1.0.0.202111181127/tools/bin/../lib/gcc/arm-none-eabi/10.3.1/../../../../arm-none-eabi/lib/thumb/v7e-m+fp/hard/libc_nano.a(lib_a-signal.o)
                0x0000000008009930                _raise_r
 .text.raise    0x0000000008009980       0x10 /home/aristizabal/st/stm32cubeide_1.10.1/plugins/com.st.stm32cube.ide.mcu.externaltools.gnu-tools-for-stm32.10.3-2021.10.linux64_1.0.0.202111181127/tools/bin/../lib/gcc/arm-none-eabi/10.3.1/../../../../arm-none-eabi/lib/thumb/v7e-m+fp/hard/libc_nano.a(lib_a-signal.o)
                0x0000000008009980                raise
 .text._kill_r  0x0000000008009990       0x24 /home/aristizabal/st/stm32cubeide_1.10.1/plugins/com.st.stm32cube.ide.mcu.externaltools.gnu-tools-for-stm32.10.3-2021.10.linux64_1.0.0.202111181127/tools/bin/../lib/gcc/arm-none-eabi/10.3.1/../../../../arm-none-eabi/lib/thumb/v7e-m+fp/hard/libc_nano.a(lib_a-signalr.o)
                0x0000000008009990                _kill_r
 .text._getpid_r
                0x00000000080099b4        0x4 /home/aristizabal/st/stm32cubeide_1.10.1/plugins/com.st.stm32cube.ide.mcu.externaltools.gnu-tools-for-stm32.10.3-2021.10.linux64_1.0.0.202111181127/tools/bin/../lib/gcc/arm-none-eabi/10.3.1/../../../../arm-none-eabi/lib/thumb/v7e-m+fp/hard/libc_nano.a(lib_a-signalr.o)
                0x00000000080099b4                _getpid_r
 .text._fstat_r
                0x00000000080099b8       0x24 /home/aristizabal/st/stm32cubeide_1.10.1/plugins/com.st.stm32cube.ide.mcu.externaltools.gnu-tools-for-stm32.10.3-2021.10.linux64_1.0.0.202111181127/tools/bin/../lib/gcc/arm-none-eabi/10.3.1/../../../../arm-none-eabi/lib/thumb/v7e-m+fp/hard/libc_nano.a(lib_a-fstatr.o)
                0x00000000080099b8                _fstat_r
 .text._isatty_r
                0x00000000080099dc       0x20 /home/aristizabal/st/stm32cubeide_1.10.1/plugins/com.st.stm32cube.ide.mcu.externaltools.gnu-tools-for-stm32.10.3-2021.10.linux64_1.0.0.202111181127/tools/bin/../lib/gcc/arm-none-eabi/10.3.1/../../../../arm-none-eabi/lib/thumb/v7e-m+fp/hard/libc_nano.a(lib_a-isattyr.o)
                0x00000000080099dc                _isatty_r
 *(.glue_7)
 .glue_7        0x00000000080099fc        0x0 linker stubs
 *(.glue_7t)
 .glue_7t       0x00000000080099fc        0x0 linker stubs
 *(.eh_frame)
 .eh_frame      0x00000000080099fc        0x0 /home/aristizabal/st/stm32cubeide_1.10.1/plugins/com.st.stm32cube.ide.mcu.externaltools.gnu-tools-for-stm32.10.3-2021.10.linux64_1.0.0.202111181127/tools/bin/../lib/gcc/arm-none-eabi/10.3.1/thumb/v7e-m+fp/hard/crtbegin.o
 *(.init)
 .init          0x00000000080099fc        0x4 /home/aristizabal/st/stm32cubeide_1.10.1/plugins/com.st.stm32cube.ide.mcu.externaltools.gnu-tools-for-stm32.10.3-2021.10.linux64_1.0.0.202111181127/tools/bin/../lib/gcc/arm-none-eabi/10.3.1/thumb/v7e-m+fp/hard/crti.o
                0x00000000080099fc                _init
 .init          0x0000000008009a00        0x8 /home/aristizabal/st/stm32cubeide_1.10.1/plugins/com.st.stm32cube.ide.mcu.externaltools.gnu-tools-for-stm32.10.3-2021.10.linux64_1.0.0.202111181127/tools/bin/../lib/gcc/arm-none-eabi/10.3.1/thumb/v7e-m+fp/hard/crtn.o
 *(.fini)
 .fini          0x0000000008009a08        0x4 /home/aristizabal/st/stm32cubeide_1.10.1/plugins/com.st.stm32cube.ide.mcu.externaltools.gnu-tools-for-stm32.10.3-2021.10.linux64_1.0.0.202111181127/tools/bin/../lib/gcc/arm-none-eabi/10.3.1/thumb/v7e-m+fp/hard/crti.o
                0x0000000008009a08                _fini
 .fini          0x0000000008009a0c        0x8 /home/aristizabal/st/stm32cubeide_1.10.1/plugins/com.st.stm32cube.ide.mcu.externaltools.gnu-tools-for-stm32.10.3-2021.10.linux64_1.0.0.202111181127/tools/bin/../lib/gcc/arm-none-eabi/10.3.1/thumb/v7e-m+fp/hard/crtn.o
                0x0000000008009a14                . = ALIGN (0x4)
                0x0000000008009a14                _etext = .

.vfp11_veneer   0x0000000008009a14        0x0
 .vfp11_veneer  0x0000000008009a14        0x0 linker stubs

.v4_bx          0x0000000008009a14        0x0
 .v4_bx         0x0000000008009a14        0x0 linker stubs

.iplt           0x0000000008009a14        0x0
 .iplt          0x0000000008009a14        0x0 /home/aristizabal/st/stm32cubeide_1.10.1/plugins/com.st.stm32cube.ide.mcu.externaltools.gnu-tools-for-stm32.10.3-2021.10.linux64_1.0.0.202111181127/tools/bin/../lib/gcc/arm-none-eabi/10.3.1/thumb/v7e-m+fp/hard/crtbegin.o

.rodata         0x0000000008009a18      0x814
                0x0000000008009a18                . = ALIGN (0x4)
 *(.rodata)
 .rodata        0x0000000008009a18      0x34f ./Src/main1.o
 *fill*         0x0000000008009d67        0x1 
 .rodata        0x0000000008009d68        0xc /home/aristizabal/st/stm32cubeide_1.10.1/plugins/com.st.stm32cube.ide.mcu.externaltools.gnu-tools-for-stm32.10.3-2021.10.linux64_1.0.0.202111181127/tools/bin/../lib/gcc/arm-none-eabi/10.3.1/../../../../arm-none-eabi/lib/thumb/v7e-m+fp/hard/libc_nano.a(lib_a-nano-vfscanf_i.o)
 *(.rodata*)
 .rodata._global_impure_ptr
                0x0000000008009d74        0x4 /home/aristizabal/st/stm32cubeide_1.10.1/plugins/com.st.stm32cube.ide.mcu.externaltools.gnu-tools-for-stm32.10.3-2021.10.linux64_1.0.0.202111181127/tools/bin/../lib/gcc/arm-none-eabi/10.3.1/../../../../arm-none-eabi/lib/thumb/v7e-m+fp/hard/libc_nano.a(lib_a-impure.o)
                0x0000000008009d74                _global_impure_ptr
 .rodata._printf_float.str1.1
                0x0000000008009d78       0x10 /home/aristizabal/st/stm32cubeide_1.10.1/plugins/com.st.stm32cube.ide.mcu.externaltools.gnu-tools-for-stm32.10.3-2021.10.linux64_1.0.0.202111181127/tools/bin/../lib/gcc/arm-none-eabi/10.3.1/../../../../arm-none-eabi/lib/thumb/v7e-m+fp/hard/libc_nano.a(lib_a-nano-vfprintf_float.o)
                                         0x12 (size before relaxing)
 .rodata._printf_i.str1.1
                0x0000000008009d88       0x22 /home/aristizabal/st/stm32cubeide_1.10.1/plugins/com.st.stm32cube.ide.mcu.externaltools.gnu-tools-for-stm32.10.3-2021.10.linux64_1.0.0.202111181127/tools/bin/../lib/gcc/arm-none-eabi/10.3.1/../../../../arm-none-eabi/lib/thumb/v7e-m+fp/hard/libc_nano.a(lib_a-nano-vfprintf_i.o)
 .rodata._scanf_float.str1.1
                0x0000000008009daa        0x5 /home/aristizabal/st/stm32cubeide_1.10.1/plugins/com.st.stm32cube.ide.mcu.externaltools.gnu-tools-for-stm32.10.3-2021.10.linux64_1.0.0.202111181127/tools/bin/../lib/gcc/arm-none-eabi/10.3.1/../../../../arm-none-eabi/lib/thumb/v7e-m+fp/hard/libc_nano.a(lib_a-nano-vfscanf_float.o)
                                          0x6 (size before relaxing)
 .rodata._strtod_l.str1.1
                0x0000000008009daf        0x5 /home/aristizabal/st/stm32cubeide_1.10.1/plugins/com.st.stm32cube.ide.mcu.externaltools.gnu-tools-for-stm32.10.3-2021.10.linux64_1.0.0.202111181127/tools/bin/../lib/gcc/arm-none-eabi/10.3.1/../../../../arm-none-eabi/lib/thumb/v7e-m+fp/hard/libc_nano.a(lib_a-strtod.o)
                                          0xd (size before relaxing)
 *fill*         0x0000000008009daf        0x1 
 .rodata.fpi.1  0x0000000008009db0       0x14 /home/aristizabal/st/stm32cubeide_1.10.1/plugins/com.st.stm32cube.ide.mcu.externaltools.gnu-tools-for-stm32.10.3-2021.10.linux64_1.0.0.202111181127/tools/bin/../lib/gcc/arm-none-eabi/10.3.1/../../../../arm-none-eabi/lib/thumb/v7e-m+fp/hard/libc_nano.a(lib_a-strtod.o)
 .rodata.fpinan.0
                0x0000000008009dc4       0x14 /home/aristizabal/st/stm32cubeide_1.10.1/plugins/com.st.stm32cube.ide.mcu.externaltools.gnu-tools-for-stm32.10.3-2021.10.linux64_1.0.0.202111181127/tools/bin/../lib/gcc/arm-none-eabi/10.3.1/../../../../arm-none-eabi/lib/thumb/v7e-m+fp/hard/libc_nano.a(lib_a-strtod.o)
 .rodata.tinytens
                0x0000000008009dd8       0x28 /home/aristizabal/st/stm32cubeide_1.10.1/plugins/com.st.stm32cube.ide.mcu.externaltools.gnu-tools-for-stm32.10.3-2021.10.linux64_1.0.0.202111181127/tools/bin/../lib/gcc/arm-none-eabi/10.3.1/../../../../arm-none-eabi/lib/thumb/v7e-m+fp/hard/libc_nano.a(lib_a-strtod.o)
 .rodata._ctype_
                0x0000000008009e00      0x101 /home/aristizabal/st/stm32cubeide_1.10.1/plugins/com.st.stm32cube.ide.mcu.externaltools.gnu-tools-for-stm32.10.3-2021.10.linux64_1.0.0.202111181127/tools/bin/../lib/gcc/arm-none-eabi/10.3.1/../../../../arm-none-eabi/lib/thumb/v7e-m+fp/hard/libc_nano.a(lib_a-ctype_.o)
                0x0000000008009e00                _ctype_
 .rodata._dtoa_r.str1.1
                0x0000000008009f01       0x90 /home/aristizabal/st/stm32cubeide_1.10.1/plugins/com.st.stm32cube.ide.mcu.externaltools.gnu-tools-for-stm32.10.3-2021.10.linux64_1.0.0.202111181127/tools/bin/../lib/gcc/arm-none-eabi/10.3.1/../../../../arm-none-eabi/lib/thumb/v7e-m+fp/hard/libc_nano.a(lib_a-dtoa.o)
                                         0x92 (size before relaxing)
 .rodata.__gethex.str1.1
                0x0000000008009f91       0x63 /home/aristizabal/st/stm32cubeide_1.10.1/plugins/com.st.stm32cube.ide.mcu.externaltools.gnu-tools-for-stm32.10.3-2021.10.linux64_1.0.0.202111181127/tools/bin/../lib/gcc/arm-none-eabi/10.3.1/../../../../arm-none-eabi/lib/thumb/v7e-m+fp/hard/libc_nano.a(lib_a-gdtoa-gethex.o)
                                         0x74 (size before relaxing)
 .rodata.str1.1
                0x0000000008009ff4        0x2 /home/aristizabal/st/stm32cubeide_1.10.1/plugins/com.st.stm32cube.ide.mcu.externaltools.gnu-tools-for-stm32.10.3-2021.10.linux64_1.0.0.202111181127/tools/bin/../lib/gcc/arm-none-eabi/10.3.1/../../../../arm-none-eabi/lib/thumb/v7e-m+fp/hard/libc_nano.a(lib_a-lnumeric.o)
                                          0x3 (size before relaxing)
 *fill*         0x0000000008009ff6        0x2 
 .rodata._C_numeric_locale
                0x0000000008009ff8        0xc /home/aristizabal/st/stm32cubeide_1.10.1/plugins/com.st.stm32cube.ide.mcu.externaltools.gnu-tools-for-stm32.10.3-2021.10.linux64_1.0.0.202111181127/tools/bin/../lib/gcc/arm-none-eabi/10.3.1/../../../../arm-none-eabi/lib/thumb/v7e-m+fp/hard/libc_nano.a(lib_a-lnumeric.o)
                0x0000000008009ff8                _C_numeric_locale
 .rodata._setlocale_r.str1.1
                0x000000000800a004        0x8 /home/aristizabal/st/stm32cubeide_1.10.1/plugins/com.st.stm32cube.ide.mcu.externaltools.gnu-tools-for-stm32.10.3-2021.10.linux64_1.0.0.202111181127/tools/bin/../lib/gcc/arm-none-eabi/10.3.1/../../../../arm-none-eabi/lib/thumb/v7e-m+fp/hard/libc_nano.a(lib_a-locale.o)
                                          0x9 (size before relaxing)
 .rodata.str1.1
                0x000000000800a00c        0x2 /home/aristizabal/st/stm32cubeide_1.10.1/plugins/com.st.stm32cube.ide.mcu.externaltools.gnu-tools-for-stm32.10.3-2021.10.linux64_1.0.0.202111181127/tools/bin/../lib/gcc/arm-none-eabi/10.3.1/../../../../arm-none-eabi/lib/thumb/v7e-m+fp/hard/libc_nano.a(lib_a-locale.o)
 .rodata._Balloc.str1.1
                0x000000000800a00c       0x5c /home/aristizabal/st/stm32cubeide_1.10.1/plugins/com.st.stm32cube.ide.mcu.externaltools.gnu-tools-for-stm32.10.3-2021.10.linux64_1.0.0.202111181127/tools/bin/../lib/gcc/arm-none-eabi/10.3.1/../../../../arm-none-eabi/lib/thumb/v7e-m+fp/hard/libc_nano.a(lib_a-mprec.o)