Archive member included to satisfy reference by file (symbol)

/home/sebas/Repositories/GitHub/sgaviriav_Robotica/PeripheralsDrivers/Debug/libPeripheralsDrivers.a(exti_driver_hal.o)
                              ./Src/main.o (exti_Config)
/home/sebas/Repositories/GitHub/sgaviriav_Robotica/PeripheralsDrivers/Debug/libPeripheralsDrivers.a(gpio_driver_hal.o)
                              ./Src/main.o (gpio_Config)
/home/sebas/Repositories/GitHub/sgaviriav_Robotica/PeripheralsDrivers/Debug/libPeripheralsDrivers.a(pll_driver_hal.o)
                              ./Src/main.o (systemClock_100MHz)
/home/sebas/Repositories/GitHub/sgaviriav_Robotica/PeripheralsDrivers/Debug/libPeripheralsDrivers.a(pwm_driver_hal.o)
                              ./Src/main.o (pwm_Config)
/home/sebas/Repositories/GitHub/sgaviriav_Robotica/PeripheralsDrivers/Debug/libPeripheralsDrivers.a(systick_driver_hal.o)
                              ./Src/main.o (systick_Config)
/home/sebas/Repositories/GitHub/sgaviriav_Robotica/PeripheralsDrivers/Debug/libPeripheralsDrivers.a(timer_driver_hal.o)
                              ./Src/main.o (timer_Config)
/opt/st/stm32cubeide_1.10.1/plugins/com.st.stm32cube.ide.mcu.externaltools.gnu-tools-for-stm32.10.3-2021.10.linux64_1.0.0.202111181127/tools/bin/../lib/gcc/arm-none-eabi/10.3.1/../../../../arm-none-eabi/lib/thumb/v7e-m+fp/hard/libc_nano.a(lib_a-errno.o)
                              ./Src/syscalls.o (__errno)
/opt/st/stm32cubeide_1.10.1/plugins/com.st.stm32cube.ide.mcu.externaltools.gnu-tools-for-stm32.10.3-2021.10.linux64_1.0.0.202111181127/tools/bin/../lib/gcc/arm-none-eabi/10.3.1/../../../../arm-none-eabi/lib/thumb/v7e-m+fp/hard/libc_nano.a(lib_a-exit.o)
                              /opt/st/stm32cubeide_1.10.1/plugins/com.st.stm32cube.ide.mcu.externaltools.gnu-tools-for-stm32.10.3-2021.10.linux64_1.0.0.202111181127/tools/bin/../lib/gcc/arm-none-eabi/10.3.1/../../../../arm-none-eabi/lib/thumb/v7e-m+fp/hard/crt0.o (exit)
/opt/st/stm32cubeide_1.10.1/plugins/com.st.stm32cube.ide.mcu.externaltools.gnu-tools-for-stm32.10.3-2021.10.linux64_1.0.0.202111181127/tools/bin/../lib/gcc/arm-none-eabi/10.3.1/../../../../arm-none-eabi/lib/thumb/v7e-m+fp/hard/libc_nano.a(lib_a-impure.o)
                              /opt/st/stm32cubeide_1.10.1/plugins/com.st.stm32cube.ide.mcu.externaltools.gnu-tools-for-stm32.10.3-2021.10.linux64_1.0.0.202111181127/tools/bin/../lib/gcc/arm-none-eabi/10.3.1/../../../../arm-none-eabi/lib/thumb/v7e-m+fp/hard/libc_nano.a(lib_a-exit.o) (_global_impure_ptr)
/opt/st/stm32cubeide_1.10.1/plugins/com.st.stm32cube.ide.mcu.externaltools.gnu-tools-for-stm32.10.3-2021.10.linux64_1.0.0.202111181127/tools/bin/../lib/gcc/arm-none-eabi/10.3.1/../../../../arm-none-eabi/lib/thumb/v7e-m+fp/hard/libc_nano.a(lib_a-init.o)
                              /opt/st/stm32cubeide_1.10.1/plugins/com.st.stm32cube.ide.mcu.externaltools.gnu-tools-for-stm32.10.3-2021.10.linux64_1.0.0.202111181127/tools/bin/../lib/gcc/arm-none-eabi/10.3.1/../../../../arm-none-eabi/lib/thumb/v7e-m+fp/hard/crt0.o (__libc_init_array)
/opt/st/stm32cubeide_1.10.1/plugins/com.st.stm32cube.ide.mcu.externaltools.gnu-tools-for-stm32.10.3-2021.10.linux64_1.0.0.202111181127/tools/bin/../lib/gcc/arm-none-eabi/10.3.1/../../../../arm-none-eabi/lib/thumb/v7e-m+fp/hard/libc_nano.a(lib_a-memset.o)
                              /opt/st/stm32cubeide_1.10.1/plugins/com.st.stm32cube.ide.mcu.externaltools.gnu-tools-for-stm32.10.3-2021.10.linux64_1.0.0.202111181127/tools/bin/../lib/gcc/arm-none-eabi/10.3.1/../../../../arm-none-eabi/lib/thumb/v7e-m+fp/hard/crt0.o (memset)
/opt/st/stm32cubeide_1.10.1/plugins/com.st.stm32cube.ide.mcu.externaltools.gnu-tools-for-stm32.10.3-2021.10.linux64_1.0.0.202111181127/tools/bin/../lib/gcc/arm-none-eabi/10.3.1/../../../../arm-none-eabi/lib/thumb/v7e-m+fp/hard/libc_nano.a(lib_a-nano-vfprintf_float.o)
                              (_printf_float)
/opt/st/stm32cubeide_1.10.1/plugins/com.st.stm32cube.ide.mcu.externaltools.gnu-tools-for-stm32.10.3-2021.10.linux64_1.0.0.202111181127/tools/bin/../lib/gcc/arm-none-eabi/10.3.1/../../../../arm-none-eabi/lib/thumb/v7e-m+fp/hard/libc_nano.a(lib_a-nano-vfprintf_i.o)
                              /opt/st/stm32cubeide_1.10.1/plugins/com.st.stm32cube.ide.mcu.externaltools.gnu-tools-for-stm32.10.3-2021.10.linux64_1.0.0.202111181127/tools/bin/../lib/gcc/arm-none-eabi/10.3.1/../../../../arm-none-eabi/lib/thumb/v7e-m+fp/hard/libc_nano.a(lib_a-nano-vfprintf_float.o) (_printf_common)
/opt/st/stm32cubeide_1.10.1/plugins/com.st.stm32cube.ide.mcu.externaltools.gnu-tools-for-stm32.10.3-2021.10.linux64_1.0.0.202111181127/tools/bin/../lib/gcc/arm-none-eabi/10.3.1/../../../../arm-none-eabi/lib/thumb/v7e-m+fp/hard/libc_nano.a(lib_a-nano-vfscanf_float.o)
                              (_scanf_float)
[...]
Memory Configuration

Name             Origin             Length             Attributes
RAM              0x0000000020000000 0x0000000000020000 xrw
FLASH            0x0000000008000000 0x0000000000080000 xr
*default*        0x0000000000000000 0xffffffffffffffff

Linker script and memory map

LOAD /opt/st/stm32cubeide_1.10.1/plugins/com.st.stm32cube.ide.mcu.externaltools.gnu-tools-for-stm32.10.3-2021.10.linux64_1.0.0.202111181127/tools/bin/../lib/gcc/arm-none-eabi/10.3.1/thumb/v7e-m+fp/hard/crti.o
LOAD /opt/st/stm32cubeide_1.10.1/plugins/com.st.stm32cube.ide.mcu.externaltools.gnu-tools-for-stm32.10.3-2021.10.linux64_1.0.0.202111181127/tools/bin/../lib/gcc/arm-none-eabi/10.3.1/thumb/v7e-m+fp/hard/crtbegin.o
LOAD /opt/st/stm32cubeide_1.10.1/plugins/com.st.stm32cube.ide.mcu.externaltools.gnu-tools-for-stm32.10.3-2021.10.linux64_1.0.0.202111181127/tools/bin/../lib/gcc/arm-none-eabi/10.3.1/../../../../arm-none-eabi/lib/thumb/v7e-m+fp/hard/crt0.o
LOAD ./Src/main.o
LOAD ./Src/syscalls.o
LOAD ./Src/sysmem.o
LOAD ./Startup/startup_stm32f411retx.o
LOAD /home/sebas/Repositories/GitHub/sgaviriav_Robotica/PeripheralsDrivers/Debug/libPeripheralsDrivers.a
START GROUP
LOAD /opt/st/stm32cubeide_1.10.1/plugins/com.st.stm32cube.ide.mcu.externaltools.gnu-tools-for-stm32.10.3-2021.10.linux64_1.0.0.202111181127/tools/bin/../lib/gcc/arm-none-eabi/10.3.1/../../../../arm-none-eabi/lib/thumb/v7e-m+fp/hard/libc_nano.a
LOAD /opt/st/stm32cubeide_1.10.1/plugins/com.st.stm32cube.ide.mcu.externaltools.gnu-tools-for-stm32.10.3-2021.10.linux64_1.0.0.202111181127/tools/bin/../lib/gcc/arm-none-eabi/10.3.1/../../../../arm-none-eabi/lib/thumb/v7e-m+fp/hard/libm.a
END GROUP
START GROUP
LOAD /opt/st/stm32cubeide_1.10.1/plugins/com.st.stm32cube.ide.mcu.externaltools.gnu-tools-for-stm32.10.3-2021.10.linux64_1.0.0.202111181127/tools/bin/../lib/gcc/arm-none-eabi/10.3.1/thumb/v7e-m+fp/hard/libgcc.a
LOAD /opt/st/stm32cubeide_1.10.1/plugins/com.st.stm32cube.ide.mcu.externaltools.gnu-tools-for-stm32.10.3-2021.10.linux64_1.0.0.202111181127/tools/bin/../lib/gcc/arm-none-eabi/10.3.1/../../../../arm-none-eabi/lib/thumb/v7e-m+fp/hard/libc_nano.a
END GROUP
START GROUP
LOAD /opt/st/stm32cubeide_1.10.1/plugins/com.st.stm32cube.ide.mcu.externaltools.gnu-tools-for-stm32.10.3-2021.10.linux64_1.0.0.202111181127/tools/bin/../lib/gcc/arm-none-eabi/10.3.1/thumb/v7e-m+fp/hard/libgcc.a
LOAD /opt/st/stm32cubeide_1.10.1/plugins/com.st.stm32cube.ide.mcu.externaltools.gnu-tools-for-stm32.10.3-2021.10.linux64_1.0.0.202111181127/tools/bin/../lib/gcc/arm-none-eabi/10.3.1/../../../../arm-none-eabi/lib/thumb/v7e-m+fp/hard/libc_nano.a
LOAD /opt/st/stm32cubeide_1.10.1/plugins/com.st.stm32cube.ide.mcu.externaltools.gnu-tools-for-stm32.10.3-2021.10.linux64_1.0.0.202111181127/tools/bin/../lib/gcc/arm-none-eabi/10.3.1/../../../../arm-none-eabi/lib/thumb/v7e-m+fp/hard/libnosys.a
END GROUP
START GROUP
LOAD /opt/st/stm32cubeide_1.10.1/plugins/com.st.stm32cube.ide.mcu.externaltools.gnu-tools-for-stm32.10.3-2021.10.linux64_1.0.0.202111181127/tools/bin/../lib/gcc/arm-none-eabi/10.3.1/thumb/v7e-m+fp/hard/libgcc.a
LOAD /opt/st/stm32cubeide_1.10.1/plugins/com.st.stm32cube.ide.mcu.externaltools.gnu-tools-for-stm32.10.3-2021.10.linux64_1.0.0.202111181127/tools/bin/../lib/gcc/arm-none-eabi/10.3.1/../../../../arm-none-eabi/lib/thumb/v7e-m+fp/hard/libc_nano.a
LOAD /opt/st/stm32cubeide_1.10.1/plugins/com.st.stm32cube.ide.mcu.externaltools.gnu-tools-for-stm32.10.3-2021.10.linux64_1.0.0.202111181127/tools/bin/../lib/gcc/arm-none-eabi/10.3.1/../../../../arm-none-eabi/lib/thumb/v7e-m+fp/hard/libnosys.a
END GROUP
LOAD /opt/st/stm32cubeide_1.10.1/plugins/com.st.stm32cube.ide.mcu.externaltools.gnu-tools-for-stm32.10.3-2021.10.linux64_1.0.0.202111181127/tools/bin/../lib/gcc/arm-none-eabi/10.3.1/thumb/v7e-m+fp/hard/crtend.o
LOAD /opt/st/stm32cubeide_1.10.1/plugins/com.st.stm32cube.ide.mcu.externaltools.gnu-tools-for-stm32.10.3-2021.10.linux64_1.0.0.202111181127/tools/bin/../lib/gcc/arm-none-eabi/10.3.1/thumb/v7e-m+fp/hard/crtn.o
                0x0000000020020000                _estack = (ORIGIN (RAM) + LENGTH (RAM))
                0x0000000000000200                _Min_Heap_Size = 0x200
                0x0000000000000400                _Min_Stack_Size = 0x400

.isr_vector     0x0000000008000000      0x198
                0x0000000008000000                . = ALIGN (0x4)
 *(.isr_vector)
 .isr_vector    0x0000000008000000      0x198 ./Startup/startup_stm32f411retx.o
                0x0000000008000000                g_pfnVectors
                0x0000000008000198                . = ALIGN (0x4)

.text           0x00000000080001a0     0x82d8
                0x00000000080001a0                . = ALIGN (0x4)
 *(.text)
 .text          0x00000000080001a0       0x40 /opt/st/stm32cubeide_1.10.1/plugins/com.st.stm32cube.ide.mcu.externaltools.gnu-tools-for-stm32.10.3-2021.10.linux64_1.0.0.202111181127/tools/bin/../lib/gcc/arm-none-eabi/10.3.1/thumb/v7e-m+fp/hard/crtbegin.o
 .text          0x00000000080001e0       0x10 /opt/st/stm32cubeide_1.10.1/plugins/com.st.stm32cube.ide.mcu.externaltools.gnu-tools-for-stm32.10.3-2021.10.linux64_1.0.0.202111181127/tools/bin/../lib/gcc/arm-none-eabi/10.3.1/../../../../arm-none-eabi/lib/thumb/v7e-m+fp/hard/libc_nano.a(lib_a-strlen.o)
                0x00000000080001e0                strlen
 .text          0x00000000080001f0       0xa0 /opt/st/stm32cubeide_1.10.1/plugins/com.st.stm32cube.ide.mcu.externaltools.gnu-tools-for-stm32.10.3-2021.10.linux64_1.0.0.202111181127/tools/bin/../lib/gcc/arm-none-eabi/10.3.1/../../../../arm-none-eabi/lib/thumb/v7e-m+fp/hard/libc_nano.a(lib_a-memchr.o)
                0x00000000080001f0                memchr
 .text          0x0000000008000290      0x378 /opt/st/stm32cubeide_1.10.1/plugins/com.st.stm32cube.ide.mcu.externaltools.gnu-tools-for-stm32.10.3-2021.10.linux64_1.0.0.202111181127/tools/bin/../lib/gcc/arm-none-eabi/10.3.1/thumb/v7e-m+fp/hard/libgcc.a(_arm_addsubdf3.o)
                0x0000000008000290                __aeabi_drsub
                0x0000000008000298                __aeabi_dsub
                0x0000000008000298                __subdf3
                0x000000000800029c                __adddf3
                0x000000000800029c                __aeabi_dadd
                0x0000000008000514                __aeabi_ui2d
                0x0000000008000514                __floatunsidf
                0x0000000008000534                __floatsidf
                0x0000000008000534                __aeabi_i2d
                0x0000000008000558                __extendsfdf2
                0x0000000008000558                __aeabi_f2d
                0x000000000800059c                __aeabi_ul2d
                0x000000000800059c                __floatundidf
                0x00000000080005ac                __floatdidf
                0x00000000080005ac                __aeabi_l2d
 .text          0x0000000008000608      0x424 /opt/st/stm32cubeide_1.10.1/plugins/com.st.stm32cube.ide.mcu.externaltools.gnu-tools-for-stm32.10.3-2021.10.linux64_1.0.0.202111181127/tools/bin/../lib/gcc/arm-none-eabi/10.3.1/thumb/v7e-m+fp/hard/libgcc.a(_arm_muldivdf3.o)
                0x0000000008000608                __aeabi_dmul
                0x0000000008000608                __muldf3
                0x000000000800085c                __aeabi_ddiv
                0x000000000800085c                __divdf3
 .text          0x0000000008000a2c      0x110 /opt/st/stm32cubeide_1.10.1/plugins/com.st.stm32cube.ide.mcu.externaltools.gnu-tools-for-stm32.10.3-2021.10.linux64_1.0.0.202111181127/tools/bin/../lib/gcc/arm-none-eabi/10.3.1/thumb/v7e-m+fp/hard/libgcc.a(_arm_cmpdf2.o)
                0x0000000008000a2c                __gtdf2
                0x0000000008000a2c                __gedf2
                0x0000000008000a34                __ltdf2
                0x0000000008000a34                __ledf2
                0x0000000008000a3c                __cmpdf2
                0x0000000008000a3c                __eqdf2
                0x0000000008000a3c                __nedf2
                0x0000000008000ab8                __aeabi_cdrcmple
                0x0000000008000ac8                __aeabi_cdcmple
                0x0000000008000ac8                __aeabi_cdcmpeq
                0x0000000008000ad8                __aeabi_dcmpeq
                0x0000000008000aec                __aeabi_dcmplt
                0x0000000008000b00                __aeabi_dcmple
                0x0000000008000b14                __aeabi_dcmpge
                0x0000000008000b28                __aeabi_dcmpgt
 .text          0x0000000008000b3c       0x2c /opt/st/stm32cubeide_1.10.1/plugins/com.st.stm32cube.ide.mcu.externaltools.gnu-tools-for-stm32.10.3-2021.10.linux64_1.0.0.202111181127/tools/bin/../lib/gcc/arm-none-eabi/10.3.1/thumb/v7e-m+fp/hard/libgcc.a(_arm_unorddf2.o)
                0x0000000008000b3c                __aeabi_dcmpun
                0x0000000008000b3c                __unorddf2
 .text          0x0000000008000b68       0x50 /opt/st/stm32cubeide_1.10.1/plugins/com.st.stm32cube.ide.mcu.externaltools.gnu-tools-for-stm32.10.3-2021.10.linux64_1.0.0.202111181127/tools/bin/../lib/gcc/arm-none-eabi/10.3.1/thumb/v7e-m+fp/hard/libgcc.a(_arm_fixdfsi.o)
                0x0000000008000b68                __fixdfsi
                0x0000000008000b68                __aeabi_d2iz
 .text          0x0000000008000bb8       0x40 /opt/st/stm32cubeide_1.10.1/plugins/com.st.stm32cube.ide.mcu.externaltools.gnu-tools-for-stm32.10.3-2021.10.linux64_1.0.0.202111181127/tools/bin/../lib/gcc/arm-none-eabi/10.3.1/thumb/v7e-m+fp/hard/libgcc.a(_arm_fixunsdfsi.o)
                0x0000000008000bb8                __fixunsdfsi
                0x0000000008000bb8                __aeabi_d2uiz
 .text          0x0000000008000bf8       0xa0 /opt/st/stm32cubeide_1.10.1/plugins/com.st.stm32cube.ide.mcu.externaltools.gnu-tools-for-stm32.10.3-2021.10.linux64_1.0.0.202111181127/tools/bin/../lib/gcc/arm-none-eabi/10.3.1/thumb/v7e-m+fp/hard/libgcc.a(_arm_truncdfsf2.o)
                0x0000000008000bf8                __aeabi_d2f
                0x0000000008000bf8                __truncdfsf2
 .text          0x0000000008000c98       0x30 /opt/st/stm32cubeide_1.10.1/plugins/com.st.stm32cube.ide.mcu.externaltools.gnu-tools-for-stm32.10.3-2021.10.linux64_1.0.0.202111181127/tools/bin/../lib/gcc/arm-none-eabi/10.3.1/thumb/v7e-m+fp/hard/libgcc.a(_fixdfdi.o)
                0x0000000008000c98                __aeabi_d2lz
                0x0000000008000c98                __fixdfdi
 .text          0x0000000008000cc8       0x3c /opt/st/stm32cubeide_1.10.1/plugins/com.st.stm32cube.ide.mcu.externaltools.gnu-tools-for-stm32.10.3-2021.10.linux64_1.0.0.202111181127/tools/bin/../lib/gcc/arm-none-eabi/10.3.1/thumb/v7e-m+fp/hard/libgcc.a(_fixunsdfdi.o)
                0x0000000008000cc8                __aeabi_d2ulz
                0x0000000008000cc8                __fixunsdfdi
 *(.text*)
 .text.main     0x0000000008000d04       0xb8 ./Src/main.o
                0x0000000008000d04                main
 .text.initSystem
                0x0000000008000dbc      0x274 ./Src/main.o
                0x0000000008000dbc                initSystem
 .text.callback_ExtInt1
                0x0000000008001030       0x20 ./Src/main.o
                0x0000000008001030                callback_ExtInt1
 .text.Timer2_Callback
                0x0000000008001050       0x24 ./Src/main.o
                0x0000000008001050                Timer2_Callback
 .text._getpid  0x0000000008001074       0x10 ./Src/syscalls.o
                0x0000000008001074                _getpid
 .text._kill    0x0000000008001084       0x20 ./Src/syscalls.o
                0x0000000008001084                _kill
 .text._exit    0x00000000080010a4       0x14 ./Src/syscalls.o
                0x00000000080010a4                _exit
 .text._read    0x00000000080010b8       0x3a ./Src/syscalls.o
                0x00000000080010b8                _read
 .text._write   0x00000000080010f2       0x38 ./Src/syscalls.o
                0x00000000080010f2                _write
 .text._close   0x000000000800112a       0x18 ./Src/syscalls.o
                0x000000000800112a                _close
 .text._fstat   0x0000000008001142       0x20 ./Src/syscalls.o
                0x0000000008001142                _fstat
 .text._isatty  0x0000000008001162       0x16 ./Src/syscalls.o
                0x0000000008001162                _isatty
 .text._lseek   0x0000000008001178       0x1a ./Src/syscalls.o
                0x0000000008001178                _lseek
 *fill*         0x0000000008001192        0x2 
 .text._sbrk    0x0000000008001194       0x6c ./Src/sysmem.o
                0x0000000008001194                _sbrk
 .text.Reset_Handler
                0x0000000008001200       0x50 ./Startup/startup_stm32f411retx.o
                0x0000000008001200                Reset_Handler
 .text.Default_Handler
                0x0000000008001250        0x2 ./Startup/startup_stm32f411retx.o
                0x0000000008001250                RTC_Alarm_IRQHandler
                0x0000000008001250                DebugMon_Handler
                0x0000000008001250                SPI4_IRQHandler
                0x0000000008001250                TIM1_CC_IRQHandler
                0x0000000008001250                DMA2_Stream5_IRQHandler
                0x0000000008001250                HardFault_Handler
                0x0000000008001250                DMA1_Stream5_IRQHandler
                0x0000000008001250                PVD_IRQHandler
                0x0000000008001250                SDIO_IRQHandler
                0x0000000008001250                TAMP_STAMP_IRQHandler
                0x0000000008001250                PendSV_Handler
                0x0000000008001250                NMI_Handler
                0x0000000008001250                TIM1_UP_TIM10_IRQHandler
                0x0000000008001250                I2C3_ER_IRQHandler
                0x0000000008001250                I2C2_EV_IRQHandler
                0x0000000008001250                DMA1_Stream2_IRQHandler
                0x0000000008001250                FPU_IRQHandler
                0x0000000008001250                UsageFault_Handler
                0x0000000008001250                DMA2_Stream2_IRQHandler
                0x0000000008001250                SPI1_IRQHandler
                0x0000000008001250                TIM1_BRK_TIM9_IRQHandler
                0x0000000008001250                DMA2_Stream3_IRQHandler
                0x0000000008001250                USART6_IRQHandler
                0x0000000008001250                DMA2_Stream0_IRQHandler
                0x0000000008001250                I2C1_EV_IRQHandler
                0x0000000008001250                DMA1_Stream6_IRQHandler
                0x0000000008001250                DMA1_Stream1_IRQHandler
                0x0000000008001250                RCC_IRQHandler
                0x0000000008001250                Default_Handler
                0x0000000008001250                ADC_IRQHandler
                0x0000000008001250                DMA1_Stream7_IRQHandler
                0x0000000008001250                SPI5_IRQHandler
                0x0000000008001250                DMA2_Stream7_IRQHandler
                0x0000000008001250                I2C3_EV_IRQHandler
                0x0000000008001250                RTC_WKUP_IRQHandler
                0x0000000008001250                SPI2_IRQHandler
                0x0000000008001250                MemManage_Handler
                0x0000000008001250                DMA1_Stream0_IRQHandler
                0x0000000008001250                SVC_Handler
                0x0000000008001250                WWDG_IRQHandler
                0x0000000008001250                OTG_FS_WKUP_IRQHandler
                0x0000000008001250                TIM1_TRG_COM_TIM11_IRQHandler
                0x0000000008001250                USART2_IRQHandler
                0x0000000008001250                I2C2_ER_IRQHandler
                0x0000000008001250                DMA2_Stream1_IRQHandler
                0x0000000008001250                FLASH_IRQHandler
                0x0000000008001250                DMA2_Stream4_IRQHandler
                0x0000000008001250                BusFault_Handler
                0x0000000008001250                USART1_IRQHandler
                0x0000000008001250                OTG_FS_IRQHandler
                0x0000000008001250                SPI3_IRQHandler
                0x0000000008001250                DMA1_Stream4_IRQHandler
                0x0000000008001250                I2C1_ER_IRQHandler
                0x0000000008001250                DMA2_Stream6_IRQHandler
                0x0000000008001250                DMA1_Stream3_IRQHandler
 *fill*         0x0000000008001252        0x2 
 .text.__NVIC_EnableIRQ
                0x0000000008001254       0x3c /home/sebas/Repositories/GitHub/sgaviriav_Robotica/PeripheralsDrivers/Debug/libPeripheralsDrivers.a(exti_driver_hal.o)
 .text.exti_Config
                0x0000000008001290       0x38 /home/sebas/Repositories/GitHub/sgaviriav_Robotica/PeripheralsDrivers/Debug/libPeripheralsDrivers.a(exti_driver_hal.o)
                0x0000000008001290                exti_Config
 .text.exti_enable_clock_peripheral
                0x00000000080012c8       0x20 /home/sebas/Repositories/GitHub/sgaviriav_Robotica/PeripheralsDrivers/Debug/libPeripheralsDrivers.a(exti_driver_hal.o)
 .text.exti_assign_channel
                0x00000000080012e8      0xbc8 /home/sebas/Repositories/GitHub/sgaviriav_Robotica/PeripheralsDrivers/Debug/libPeripheralsDrivers.a(exti_driver_hal.o)
 .text.exti_select_edge
                0x0000000008001eb0      0x414 /home/sebas/Repositories/GitHub/sgaviriav_Robotica/PeripheralsDrivers/Debug/libPeripheralsDrivers.a(exti_driver_hal.o)
 .text.exti_config_interrupt
                0x00000000080022c4      0x1d8 /home/sebas/Repositories/GitHub/sgaviriav_Robotica/PeripheralsDrivers/Debug/libPeripheralsDrivers.a(exti_driver_hal.o)
 .text.callback_ExtInt0
                0x000000000800249c       0x10 /home/sebas/Repositories/GitHub/sgaviriav_Robotica/PeripheralsDrivers/Debug/libPeripheralsDrivers.a(exti_driver_hal.o)
                0x000000000800249c                callback_ExtInt0
 .text.callback_ExtInt2
                0x00000000080024ac       0x10 /home/sebas/Repositories/GitHub/sgaviriav_Robotica/PeripheralsDrivers/Debug/libPeripheralsDrivers.a(exti_driver_hal.o)
                0x00000000080024ac                callback_ExtInt2
 .text.callback_ExtInt3
                0x00000000080024bc       0x10 /home/sebas/Repositories/GitHub/sgaviriav_Robotica/PeripheralsDrivers/Debug/libPeripheralsDrivers.a(exti_driver_hal.o)
                0x00000000080024bc                callback_ExtInt3
 .text.callback_ExtInt4
                0x00000000080024cc       0x10 /home/sebas/Repositories/GitHub/sgaviriav_Robotica/PeripheralsDrivers/Debug/libPeripheralsDrivers.a(exti_driver_hal.o)
                0x00000000080024cc                callback_ExtInt4
 .text.callback_ExtInt5
                0x00000000080024dc       0x10 /home/sebas/Repositories/GitHub/sgaviriav_Robotica/PeripheralsDrivers/Debug/libPeripheralsDrivers.a(exti_driver_hal.o)
                0x00000000080024dc                callback_ExtInt5
 .text.callback_ExtInt6
                0x00000000080024ec       0x10 /home/sebas/Repositories/GitHub/sgaviriav_Robotica/PeripheralsDrivers/Debug/libPeripheralsDrivers.a(exti_driver_hal.o)
                0x00000000080024ec                callback_ExtInt6
 .text.callback_ExtInt7
                0x00000000080024fc       0x10 /home/sebas/Repositories/GitHub/sgaviriav_Robotica/PeripheralsDrivers/Debug/libPeripheralsDrivers.a(exti_driver_hal.o)
                0x00000000080024fc                callback_ExtInt7
 .text.callback_ExtInt8
                0x000000000800250c       0x10 /home/sebas/Repositories/GitHub/sgaviriav_Robotica/PeripheralsDrivers/Debug/libPeripheralsDrivers.a(exti_driver_hal.o)
                0x000000000800250c                callback_ExtInt8
 .text.callback_ExtInt9
                0x000000000800251c       0x10 /home/sebas/Repositories/GitHub/sgaviriav_Robotica/PeripheralsDrivers/Debug/libPeripheralsDrivers.a(exti_driver_hal.o)
                0x000000000800251c                callback_ExtInt9
 .text.callback_ExtInt10
                0x000000000800252c       0x10 /home/sebas/Repositories/GitHub/sgaviriav_Robotica/PeripheralsDrivers/Debug/libPeripheralsDrivers.a(exti_driver_hal.o)
                0x000000000800252c                callback_ExtInt10
 .text.callback_ExtInt11
                0x000000000800253c       0x10 /home/sebas/Repositories/GitHub/sgaviriav_Robotica/PeripheralsDrivers/Debug/libPeripheralsDrivers.a(exti_driver_hal.o)
                0x000000000800253c                callback_ExtInt11
 .text.callback_ExtInt12
                0x000000000800254c       0x10 /home/sebas/Repositories/GitHub/sgaviriav_Robotica/PeripheralsDrivers/Debug/libPeripheralsDrivers.a(exti_driver_hal.o)
                0x000000000800254c                callback_ExtInt12
 .text.callback_ExtInt13
                0x000000000800255c       0x10 /home/sebas/Repositories/GitHub/sgaviriav_Robotica/PeripheralsDrivers/Debug/libPeripheralsDrivers.a(exti_driver_hal.o)
                0x000000000800255c                callback_ExtInt13
 .text.callback_ExtInt14
                0x000000000800256c       0x10 /home/sebas/Repositories/GitHub/sgaviriav_Robotica/PeripheralsDrivers/Debug/libPeripheralsDrivers.a(exti_driver_hal.o)
                0x000000000800256c                callback_ExtInt14
 .text.callback_ExtInt15
                0x000000000800257c       0x10 /home/sebas/Repositories/GitHub/sgaviriav_Robotica/PeripheralsDrivers/Debug/libPeripheralsDrivers.a(exti_driver_hal.o)
                0x000000000800257c                callback_ExtInt15
 .text.EXTI0_IRQHandler
                0x000000000800258c       0x28 /home/sebas/Repositories/GitHub/sgaviriav_Robotica/PeripheralsDrivers/Debug/libPeripheralsDrivers.a(exti_driver_hal.o)
                0x000000000800258c                EXTI0_IRQHandler
 .text.EXTI1_IRQHandler
                0x00000000080025b4       0x28 /home/sebas/Repositories/GitHub/sgaviriav_Robotica/PeripheralsDrivers/Debug/libPeripheralsDrivers.a(exti_driver_hal.o)
                0x00000000080025b4                EXTI1_IRQHandler
 .text.EXTI2_IRQHandler
                0x00000000080025dc       0x28 /home/sebas/Repositories/GitHub/sgaviriav_Robotica/PeripheralsDrivers/Debug/libPeripheralsDrivers.a(exti_driver_hal.o)
                0x00000000080025dc                EXTI2_IRQHandler
 .text.EXTI3_IRQHandler
                0x0000000008002604       0x28 /home/sebas/Repositories/GitHub/sgaviriav_Robotica/PeripheralsDrivers/Debug/libPeripheralsDrivers.a(exti_driver_hal.o)
                0x0000000008002604                EXTI3_IRQHandler
 .text.EXTI4_IRQHandler
                0x000000000800262c       0x28 /home/sebas/Repositories/GitHub/sgaviriav_Robotica/PeripheralsDrivers/Debug/libPeripheralsDrivers.a(exti_driver_hal.o)
                0x000000000800262c                EXTI4_IRQHandler
 .text.EXTI9_5_IRQHandler
                0x0000000008002654       0xa4 /home/sebas/Repositories/GitHub/sgaviriav_Robotica/PeripheralsDrivers/Debug/libPeripheralsDrivers.a(exti_driver_hal.o)
                0x0000000008002654                EXTI9_5_IRQHandler
 .text.EXTI15_10_IRQHandler
                0x00000000080026f8       0xc4 /home/sebas/Repositories/GitHub/sgaviriav_Robotica/PeripheralsDrivers/Debug/libPeripheralsDrivers.a(exti_driver_hal.o)
                0x00000000080026f8                EXTI15_10_IRQHandler
 .text.gpio_Config
                0x00000000080027bc       0x34 /home/sebas/Repositories/GitHub/sgaviriav_Robotica/PeripheralsDrivers/Debug/libPeripheralsDrivers.a(gpio_driver_hal.o)
                0x00000000080027bc                gpio_Config
 .text.gpio_enable_clock_peripheral
                0x00000000080027f0       0xc0 /home/sebas/Repositories/GitHub/sgaviriav_Robotica/PeripheralsDrivers/Debug/libPeripheralsDrivers.a(gpio_driver_hal.o)
 .text.gpio_config_mode
                0x00000000080028b0       0x58 /home/sebas/Repositories/GitHub/sgaviriav_Robotica/PeripheralsDrivers/Debug/libPeripheralsDrivers.a(gpio_driver_hal.o)
 .text.gpio_config_output_type
                0x0000000008002908       0x54 /home/sebas/Repositories/GitHub/sgaviriav_Robotica/PeripheralsDrivers/Debug/libPeripheralsDrivers.a(gpio_driver_hal.o)
 .text.gpio_config_output_speed
                0x000000000800295c       0x58 /home/sebas/Repositories/GitHub/sgaviriav_Robotica/PeripheralsDrivers/Debug/libPeripheralsDrivers.a(gpio_driver_hal.o)
 .text.gpio_config_pullup_pulldown
                0x00000000080029b4       0x58 /home/sebas/Repositories/GitHub/sgaviriav_Robotica/PeripheralsDrivers/Debug/libPeripheralsDrivers.a(gpio_driver_hal.o)
 .text.gpio_config_alternate_function
                0x0000000008002a0c       0xa8 /home/sebas/Repositories/GitHub/sgaviriav_Robotica/PeripheralsDrivers/Debug/libPeripheralsDrivers.a(gpio_driver_hal.o)
 .text.gpio_WritePin
                0x0000000008002ab4       0x56 /home/sebas/Repositories/GitHub/sgaviriav_Robotica/PeripheralsDrivers/Debug/libPeripheralsDrivers.a(gpio_driver_hal.o)
                0x0000000008002ab4                gpio_WritePin
 .text.gpio_ReadPin
                0x0000000008002b0a       0x48 /home/sebas/Repositories/GitHub/sgaviriav_Robotica/PeripheralsDrivers/Debug/libPeripheralsDrivers.a(gpio_driver_hal.o)
                0x0000000008002b0a                gpio_ReadPin
 .text.gpio_TooglePin
                0x0000000008002b52       0x32 /home/sebas/Repositories/GitHub/sgaviriav_Robotica/PeripheralsDrivers/Debug/libPeripheralsDrivers.a(gpio_driver_hal.o)
                0x0000000008002b52                gpio_TooglePin
 .text.PLL_config
                0x0000000008002b84       0x4c /home/sebas/Repositories/GitHub/sgaviriav_Robotica/PeripheralsDrivers/Debug/libPeripheralsDrivers.a(pll_driver_hal.o)
                0x0000000008002b84                PLL_config
 .text.PLL_DriverOnOff
                0x0000000008002bd0       0x3c /home/sebas/Repositories/GitHub/sgaviriav_Robotica/PeripheralsDrivers/Debug/libPeripheralsDrivers.a(pll_driver_hal.o)
                0x0000000008002bd0                PLL_DriverOnOff
 .text.PLL_chooseClock
                0x0000000008002c0c       0x38 /home/sebas/Repositories/GitHub/sgaviriav_Robotica/PeripheralsDrivers/Debug/libPeripheralsDrivers.a(pll_driver_hal.o)
                0x0000000008002c0c                PLL_chooseClock
 .text.PLL_reFactorM
                0x0000000008002c44       0x60 /home/sebas/Repositories/GitHub/sgaviriav_Robotica/PeripheralsDrivers/Debug/libPeripheralsDrivers.a(pll_driver_hal.o)
                0x0000000008002c44                PLL_reFactorM
 .text.PLL_reFactorN
                0x0000000008002ca4       0x60 /home/sebas/Repositories/GitHub/sgaviriav_Robotica/PeripheralsDrivers/Debug/libPeripheralsDrivers.a(pll_driver_hal.o)
                0x0000000008002ca4                PLL_reFactorN
 .text.PLL_reFactorP
                0x0000000008002d04       0x38 /home/sebas/Repositories/GitHub/sgaviriav_Robotica/PeripheralsDrivers/Debug/libPeripheralsDrivers.a(pll_driver_hal.o)
                0x0000000008002d04                PLL_reFactorP
 .text.restartBits
                0x0000000008002d3c       0x8c /home/sebas/Repositories/GitHub/sgaviriav_Robotica/PeripheralsDrivers/Debug/libPeripheralsDrivers.a(pll_driver_hal.o)
                0x0000000008002d3c                restartBits
 .text.PLL_ON_forSystem
                0x0000000008002dc8       0xf0 /home/sebas/Repositories/GitHub/sgaviriav_Robotica/PeripheralsDrivers/Debug/libPeripheralsDrivers.a(pll_driver_hal.o)
                0x0000000008002dc8                PLL_ON_forSystem
 .text.systemClock_100MHz
                0x0000000008002eb8       0x34 /home/sebas/Repositories/GitHub/sgaviriav_Robotica/PeripheralsDrivers/Debug/libPeripheralsDrivers.a(pll_driver_hal.o)
                0x0000000008002eb8                systemClock_100MHz
 .text.systemClock_Output
                0x0000000008002eec       0x54 /home/sebas/Repositories/GitHub/sgaviriav_Robotica/PeripheralsDrivers/Debug/libPeripheralsDrivers.a(pll_driver_hal.o)
                0x0000000008002eec                systemClock_Output
 .text.pwm_Config
                0x0000000008002f40      0x16c /home/sebas/Repositories/GitHub/sgaviriav_Robotica/PeripheralsDrivers/Debug/libPeripheralsDrivers.a(pwm_driver_hal.o)
                0x0000000008002f40                pwm_Config
 .text.timer_enable_clock_peripheral
                0x00000000080030ac       0xdc /home/sebas/Repositories/GitHub/sgaviriav_Robotica/PeripheralsDrivers/Debug/libPeripheralsDrivers.a(pwm_driver_hal.o)
                0x00000000080030ac                timer_enable_clock_peripheral
 .text.startPwmSignal
                0x0000000008003188       0x2c /home/sebas/Repositories/GitHub/sgaviriav_Robotica/PeripheralsDrivers/Debug/libPeripheralsDrivers.a(pwm_driver_hal.o)
                0x0000000008003188                startPwmSignal
 .text.stopPwmSignal
                0x00000000080031b4       0x24 /home/sebas/Repositories/GitHub/sgaviriav_Robotica/PeripheralsDrivers/Debug/libPeripheralsDrivers.a(pwm_driver_hal.o)
                0x00000000080031b4                stopPwmSignal
 .text.enableOutput
                0x00000000080031d8       0x80 /home/sebas/Repositories/GitHub/sgaviriav_Robotica/PeripheralsDrivers/Debug/libPeripheralsDrivers.a(pwm_driver_hal.o)
                0x00000000080031d8                enableOutput
 .text.selectPolarity
                0x0000000008003258       0xdc /home/sebas/Repositories/GitHub/sgaviriav_Robotica/PeripheralsDrivers/Debug/libPeripheralsDrivers.a(pwm_driver_hal.o)
                0x0000000008003258                selectPolarity
 .text.setFrequency
                0x0000000008003334       0x28 /home/sebas/Repositories/GitHub/sgaviriav_Robotica/PeripheralsDrivers/Debug/libPeripheralsDrivers.a(pwm_driver_hal.o)
                0x0000000008003334                setFrequency
 .text.setDutyCycle
                0x000000000800335c       0xc4 /home/sebas/Repositories/GitHub/sgaviriav_Robotica/PeripheralsDrivers/Debug/libPeripheralsDrivers.a(pwm_driver_hal.o)
                0x000000000800335c                setDutyCycle
 .text.updateDutyCycle
                0x0000000008003420       0x20 /home/sebas/Repositories/GitHub/sgaviriav_Robotica/PeripheralsDrivers/Debug/libPeripheralsDrivers.a(pwm_driver_hal.o)
                0x0000000008003420                updateDutyCycle
 .text.__NVIC_EnableIRQ
                0x0000000008003440       0x3c /home/sebas/Repositories/GitHub/sgaviriav_Robotica/PeripheralsDrivers/Debug/libPeripheralsDrivers.a(systick_driver_hal.o)
 .text.__NVIC_DisableIRQ
                0x000000000800347c       0x48 /home/sebas/Repositories/GitHub/sgaviriav_Robotica/PeripheralsDrivers/Debug/libPeripheralsDrivers.a(systick_driver_hal.o)
 .text.systick_Config
                0x00000000080034c4       0x64 /home/sebas/Repositories/GitHub/sgaviriav_Robotica/PeripheralsDrivers/Debug/libPeripheralsDrivers.a(systick_driver_hal.o)
                0x00000000080034c4                systick_Config
 .text.systick_SetState
                0x0000000008003528       0x4a /home/sebas/Repositories/GitHub/sgaviriav_Robotica/PeripheralsDrivers/Debug/libPeripheralsDrivers.a(systick_driver_hal.o)
                0x0000000008003528                systick_SetState
 *fill*         0x0000000008003572        0x2 
 .text.systick_GetTicks
                0x0000000008003574       0x24 /home/sebas/Repositories/GitHub/sgaviriav_Robotica/PeripheralsDrivers/Debug/libPeripheralsDrivers.a(systick_driver_hal.o)
                0x0000000008003574                systick_GetTicks
 .text.systick_config_interrupt
                0x0000000008003598       0x5a /home/sebas/Repositories/GitHub/sgaviriav_Robotica/PeripheralsDrivers/Debug/libPeripheralsDrivers.a(systick_driver_hal.o)
 *fill*         0x00000000080035f2        0x2 
 .text.systick_Delay_ms
                0x00000000080035f4       0x78 /home/sebas/Repositories/GitHub/sgaviriav_Robotica/PeripheralsDrivers/Debug/libPeripheralsDrivers.a(systick_driver_hal.o)
                0x00000000080035f4                systick_Delay_ms
 .text.systick_Callback
                0x000000000800366c       0x10 /home/sebas/Repositories/GitHub/sgaviriav_Robotica/PeripheralsDrivers/Debug/libPeripheralsDrivers.a(systick_driver_hal.o)
                0x000000000800366c                systick_Callback
 .text.SysTick_Handler
                0x000000000800367c       0x38 /home/sebas/Repositories/GitHub/sgaviriav_Robotica/PeripheralsDrivers/Debug/libPeripheralsDrivers.a(systick_driver_hal.o)
                0x000000000800367c                SysTick_Handler
 .text.__NVIC_EnableIRQ
                0x00000000080036b4       0x3c /home/sebas/Repositories/GitHub/sgaviriav_Robotica/PeripheralsDrivers/Debug/libPeripheralsDrivers.a(timer_driver_hal.o)
 .text.__NVIC_DisableIRQ
                0x00000000080036f0       0x48 /home/sebas/Repositories/GitHub/sgaviriav_Robotica/PeripheralsDrivers/Debug/libPeripheralsDrivers.a(timer_driver_hal.o)
 .text.timer_Config
                0x0000000008003738       0x4c /home/sebas/Repositories/GitHub/sgaviriav_Robotica/PeripheralsDrivers/Debug/libPeripheralsDrivers.a(timer_driver_hal.o)
                0x0000000008003738                timer_Config
 .text.timer_enable_clock_peripheral
                0x0000000008003784       0xdc /home/sebas/Repositories/GitHub/sgaviriav_Robotica/PeripheralsDrivers/Debug/libPeripheralsDrivers.a(timer_driver_hal.o)
 .text.timer_set_prescaler
                0x0000000008003860       0x20 /home/sebas/Repositories/GitHub/sgaviriav_Robotica/PeripheralsDrivers/Debug/libPeripheralsDrivers.a(timer_driver_hal.o)
 .text.timer_set_mode
                0x0000000008003880       0x3e /home/sebas/Repositories/GitHub/sgaviriav_Robotica/PeripheralsDrivers/Debug/libPeripheralsDrivers.a(timer_driver_hal.o)
 .text.timer_set_period
                0x00000000080038be       0x20 /home/sebas/Repositories/GitHub/sgaviriav_Robotica/PeripheralsDrivers/Debug/libPeripheralsDrivers.a(timer_driver_hal.o)
 *fill*         0x00000000080038de        0x2 
 .text.timer_config_interrupt
                0x00000000080038e0      0x154 /home/sebas/Repositories/GitHub/sgaviriav_Robotica/PeripheralsDrivers/Debug/libPeripheralsDrivers.a(timer_driver_hal.o)
 .text.timer_SetState
                0x0000000008003a34       0x48 /home/sebas/Repositories/GitHub/sgaviriav_Robotica/PeripheralsDrivers/Debug/libPeripheralsDrivers.a(timer_driver_hal.o)
                0x0000000008003a34                timer_SetState
 .text.Timer3_Callback
                0x0000000008003a7c       0x10 /home/sebas/Repositories/GitHub/sgaviriav_Robotica/PeripheralsDrivers/Debug/libPeripheralsDrivers.a(timer_driver_hal.o)
                0x0000000008003a7c                Timer3_Callback
 .text.Timer4_Callback
                0x0000000008003a8c       0x10 /home/sebas/Repositories/GitHub/sgaviriav_Robotica/PeripheralsDrivers/Debug/libPeripheralsDrivers.a(timer_driver_hal.o)
                0x0000000008003a8c                Timer4_Callback
 .text.Timer5_Callback
                0x0000000008003a9c       0x10 /home/sebas/Repositories/GitHub/sgaviriav_Robotica/PeripheralsDrivers/Debug/libPeripheralsDrivers.a(timer_driver_hal.o)
                0x0000000008003a9c                Timer5_Callback
 .text.TIM2_IRQHandler
                0x0000000008003aac       0x1c /home/sebas/Repositories/GitHub/sgaviriav_Robotica/PeripheralsDrivers/Debug/libPeripheralsDrivers.a(timer_driver_hal.o)
                0x0000000008003aac                TIM2_IRQHandler
 .text.TIM3_IRQHandler
                0x0000000008003ac8       0x1c /home/sebas/Repositories/GitHub/sgaviriav_Robotica/PeripheralsDrivers/Debug/libPeripheralsDrivers.a(timer_driver_hal.o)
                0x0000000008003ac8                TIM3_IRQHandler
 .text.TIM4_IRQHandler
                0x0000000008003ae4       0x1c /home/sebas/Repositories/GitHub/sgaviriav_Robotica/PeripheralsDrivers/Debug/libPeripheralsDrivers.a(timer_driver_hal.o)
                0x0000000008003ae4                TIM4_IRQHandler
 .text.TIM5_IRQHandler
                0x0000000008003b00       0x1c /home/sebas/Repositories/GitHub/sgaviriav_Robotica/PeripheralsDrivers/Debug/libPeripheralsDrivers.a(timer_driver_hal.o)
                0x0000000008003b00                TIM5_IRQHandler
 .text.__errno  0x0000000008003b1c        0xc /opt/st/stm32cubeide_1.10.1/plugins/com.st.stm32cube.ide.mcu.externaltools.gnu-tools-for-stm32.10.3-2021.10.linux64_1.0.0.202111181127/tools/bin/../lib/gcc/arm-none-eabi/10.3.1/../../../../arm-none-eabi/lib/thumb/v7e-m+fp/hard/libc_nano.a(lib_a-errno.o)
                0x0000000008003b1c                __errno
 .text.__libc_init_array
                0x0000000008003b28       0x48 /opt/st/stm32cubeide_1.10.1/plugins/com.st.stm32cube.ide.mcu.externaltools.gnu-tools-for-stm32.10.3-2021.10.linux64_1.0.0.202111181127/tools/bin/../lib/gcc/arm-none-eabi/10.3.1/../../../../arm-none-eabi/lib/thumb/v7e-m+fp/hard/libc_nano.a(lib_a-init.o)
                0x0000000008003b28                __libc_init_array
 .text.memset   0x0000000008003b70       0x10 /opt/st/stm32cubeide_1.10.1/plugins/com.st.stm32cube.ide.mcu.externaltools.gnu-tools-for-stm32.10.3-2021.10.linux64_1.0.0.202111181127/tools/bin/../lib/gcc/arm-none-eabi/10.3.1/../../../../arm-none-eabi/lib/thumb/v7e-m+fp/hard/libc_nano.a(lib_a-memset.o)
                0x0000000008003b70                memset
 .text.__cvt    0x0000000008003b80       0xc4 /opt/st/stm32cubeide_1.10.1/plugins/com.st.stm32cube.ide.mcu.externaltools.gnu-tools-for-stm32.10.3-2021.10.linux64_1.0.0.202111181127/tools/bin/../lib/gcc/arm-none-eabi/10.3.1/../../../../arm-none-eabi/lib/thumb/v7e-m+fp/hard/libc_nano.a(lib_a-nano-vfprintf_float.o)
                0x0000000008003b80                __cvt
 .text.__exponent
                0x0000000008003c44       0x7c /opt/st/stm32cubeide_1.10.1/plugins/com.st.stm32cube.ide.mcu.externaltools.gnu-tools-for-stm32.10.3-2021.10.linux64_1.0.0.202111181127/tools/bin/../lib/gcc/arm-none-eabi/10.3.1/../../../../arm-none-eabi/lib/thumb/v7e-m+fp/hard/libc_nano.a(lib_a-nano-vfprintf_float.o)
                0x0000000008003c44                __exponent
 .text._printf_float
                0x0000000008003cc0      0x46c /opt/st/stm32cubeide_1.10.1/plugins/com.st.stm32cube.ide.mcu.externaltools.gnu-tools-for-stm32.10.3-2021.10.linux64_1.0.0.202111181127/tools/bin/../lib/gcc/arm-none-eabi/10.3.1/../../../../arm-none-eabi/lib/thumb/v7e-m+fp/hard/libc_nano.a(lib_a-nano-vfprintf_float.o)
                0x0000000008003cc0                _printf_float
 .text._printf_common
                0x000000000800412c       0xda /opt/st/stm32cubeide_1.10.1/plugins/com.st.stm32cube.ide.mcu.externaltools.gnu-tools-for-stm32.10.3-2021.10.linux64_1.0.0.202111181127/tools/bin/../lib/gcc/arm-none-eabi/10.3.1/../../../../arm-none-eabi/lib/thumb/v7e-m+fp/hard/libc_nano.a(lib_a-nano-vfprintf_i.o)
                0x000000000800412c                _printf_common
 *fill*         0x0000000008004206        0x2 
 .text._printf_i
                0x0000000008004208      0x24c /opt/st/stm32cubeide_1.10.1/plugins/com.st.stm32cube.ide.mcu.externaltools.gnu-tools-for-stm32.10.3-2021.10.linux64_1.0.0.202111181127/tools/bin/../lib/gcc/arm-none-eabi/10.3.1/../../../../arm-none-eabi/lib/thumb/v7e-m+fp/hard/libc_nano.a(lib_a-nano-vfprintf_i.o)
                0x0000000008004208                _printf_i
 .text._scanf_float
                0x0000000008004454      0x420 /opt/st/stm32cubeide_1.10.1/plugins/com.st.stm32cube.ide.mcu.externaltools.gnu-tools-for-stm32.10.3-2021.10.linux64_1.0.0.202111181127/tools/bin/../lib/gcc/arm-none-eabi/10.3.1/../../../../arm-none-eabi/lib/thumb/v7e-m+fp/hard/libc_nano.a(lib_a-nano-vfscanf_float.o)
                0x0000000008004454                _scanf_float
 .text.nanf     0x0000000008004874        0xc /opt/st/stm32cubeide_1.10.1/plugins/com.st.stm32cube.ide.mcu.externaltools.gnu-tools-for-stm32.10.3-2021.10.linux64_1.0.0.202111181127/tools/bin/../lib/gcc/arm-none-eabi/10.3.1/../../../../arm-none-eabi/lib/thumb/v7e-m+fp/hard/libc_nano.a(lib_a-sf_nan.o)
                0x0000000008004874                nanf
 .text.sprintf  0x0000000008004880       0x40 /opt/st/stm32cubeide_1.10.1/plugins/com.st.stm32cube.ide.mcu.externaltools.gnu-tools-for-stm32.10.3-2021.10.linux64_1.0.0.202111181127/tools/bin/../lib/gcc/arm-none-eabi/10.3.1/../../../../arm-none-eabi/lib/thumb/v7e-m+fp/hard/libc_nano.a(lib_a-sprintf.o)
                0x0000000008004880                sprintf
                0x0000000008004880                siprintf
 .text.sulp     0x00000000080048c0       0x38 /opt/st/stm32cubeide_1.10.1/plugins/com.st.stm32cube.ide.mcu.externaltools.gnu-tools-for-stm32.10.3-2021.10.linux64_1.0.0.202111181127/tools/bin/../lib/gcc/arm-none-eabi/10.3.1/../../../../arm-none-eabi/lib/thumb/v7e-m+fp/hard/libc_nano.a(lib_a-strtod.o)
 .text._strtod_l
                0x00000000080048f8      0xc0c /opt/st/stm32cubeide_1.10.1/plugins/com.st.stm32cube.ide.mcu.externaltools.gnu-tools-for-stm32.10.3-2021.10.linux64_1.0.0.202111181127/tools/bin/../lib/gcc/arm-none-eabi/10.3.1/../../../../arm-none-eabi/lib/thumb/v7e-m+fp/hard/libc_nano.a(lib_a-strtod.o)
                0x00000000080048f8                _strtod_l
 .text._strtod_r
                0x0000000008005504        0xc /opt/st/stm32cubeide_1.10.1/plugins/com.st.stm32cube.ide.mcu.externaltools.gnu-tools-for-stm32.10.3-2021.10.linux64_1.0.0.202111181127/tools/bin/../lib/gcc/arm-none-eabi/10.3.1/../../../../arm-none-eabi/lib/thumb/v7e-m+fp/hard/libc_nano.a(lib_a-strtod.o)
                0x0000000008005504                _strtod_r
 .text._strtol_l.constprop.0
                0x0000000008005510      0x104 /opt/st/stm32cubeide_1.10.1/plugins/com.st.stm32cube.ide.mcu.externaltools.gnu-tools-for-stm32.10.3-2021.10.linux64_1.0.0.202111181127/tools/bin/../lib/gcc/arm-none-eabi/10.3.1/../../../../arm-none-eabi/lib/thumb/v7e-m+fp/hard/libc_nano.a(lib_a-strtol.o)
 .text._strtol_r
                0x0000000008005614        0x4 /opt/st/stm32cubeide_1.10.1/plugins/com.st.stm32cube.ide.mcu.externaltools.gnu-tools-for-stm32.10.3-2021.10.linux64_1.0.0.202111181127/tools/bin/../lib/gcc/arm-none-eabi/10.3.1/../../../../arm-none-eabi/lib/thumb/v7e-m+fp/hard/libc_nano.a(lib_a-strtol.o)
                0x0000000008005614                _strtol_r
 .text.quorem   0x0000000008005618      0x116 /opt/st/stm32cubeide_1.10.1/plugins/com.st.stm32cube.ide.mcu.externaltools.gnu-tools-for-stm32.10.3-2021.10.linux64_1.0.0.202111181127/tools/bin/../lib/gcc/arm-none-eabi/10.3.1/../../../../arm-none-eabi/lib/thumb/v7e-m+fp/hard/libc_nano.a(lib_a-dtoa.o)
 *fill*         0x000000000800572e        0x2 
 .text._dtoa_r  0x0000000008005730      0xbdc /opt/st/stm32cubeide_1.10.1/plugins/com.st.stm32cube.ide.mcu.externaltools.gnu-tools-for-stm32.10.3-2021.10.linux64_1.0.0.202111181127/tools/bin/../lib/gcc/arm-none-eabi/10.3.1/../../../../arm-none-eabi/lib/thumb/v7e-m+fp/hard/libc_nano.a(lib_a-dtoa.o)
                0x0000000008005730                _dtoa_r
 .text.rshift   0x000000000800630c       0xa4 /opt/st/stm32cubeide_1.10.1/plugins/com.st.stm32cube.ide.mcu.externaltools.gnu-tools-for-stm32.10.3-2021.10.linux64_1.0.0.202111181127/tools/bin/../lib/gcc/arm-none-eabi/10.3.1/../../../../arm-none-eabi/lib/thumb/v7e-m+fp/hard/libc_nano.a(lib_a-gdtoa-gethex.o)
 .text.__hexdig_fun
                0x00000000080063b0       0x2a /opt/st/stm32cubeide_1.10.1/plugins/com.st.stm32cube.ide.mcu.externaltools.gnu-tools-for-stm32.10.3-2021.10.linux64_1.0.0.202111181127/tools/bin/../lib/gcc/arm-none-eabi/10.3.1/../../../../arm-none-eabi/lib/thumb/v7e-m+fp/hard/libc_nano.a(lib_a-gdtoa-gethex.o)
                0x00000000080063b0                __hexdig_fun
 *fill*         0x00000000080063da        0x2 
 .text.__gethex
                0x00000000080063dc      0x48c /opt/st/stm32cubeide_1.10.1/plugins/com.st.stm32cube.ide.mcu.externaltools.gnu-tools-for-stm32.10.3-2021.10.linux64_1.0.0.202111181127/tools/bin/../lib/gcc/arm-none-eabi/10.3.1/../../../../arm-none-eabi/lib/thumb/v7e-m+fp/hard/libc_nano.a(lib_a-gdtoa-gethex.o)
                0x00000000080063dc                __gethex
 .text.L_shift  0x0000000008006868       0x24 /opt/st/stm32cubeide_1.10.1/plugins/com.st.stm32cube.ide.mcu.externaltools.gnu-tools-for-stm32.10.3-2021.10.linux64_1.0.0.202111181127/tools/bin/../lib/gcc/arm-none-eabi/10.3.1/../../../../arm-none-eabi/lib/thumb/v7e-m+fp/hard/libc_nano.a(lib_a-gdtoa-hexnan.o)
 .text.__match  0x000000000800688c       0x28 /opt/st/stm32cubeide_1.10.1/plugins/com.st.stm32cube.ide.mcu.externaltools.gnu-tools-for-stm32.10.3-2021.10.linux64_1.0.0.202111181127/tools/bin/../lib/gcc/arm-none-eabi/10.3.1/../../../../arm-none-eabi/lib/thumb/v7e-m+fp/hard/libc_nano.a(lib_a-gdtoa-hexnan.o)
                0x000000000800688c                __match
 .text.__hexnan
                0x00000000080068b4      0x138 /opt/st/stm32cubeide_1.10.1/plugins/com.st.stm32cube.ide.mcu.externaltools.gnu-tools-for-stm32.10.3-2021.10.linux64_1.0.0.202111181127/tools/bin/../lib/gcc/arm-none-eabi/10.3.1/../../../../arm-none-eabi/lib/thumb/v7e-m+fp/hard/libc_nano.a(lib_a-gdtoa-hexnan.o)
                0x00000000080068b4                __hexnan
 .text._localeconv_r
                0x00000000080069ec        0x8 /opt/st/stm32cubeide_1.10.1/plugins/com.st.stm32cube.ide.mcu.externaltools.gnu-tools-for-stm32.10.3-2021.10.linux64_1.0.0.202111181127/tools/bin/../lib/gcc/arm-none-eabi/10.3.1/../../../../arm-none-eabi/lib/thumb/v7e-m+fp/hard/libc_nano.a(lib_a-localeconv.o)
                0x00000000080069ec                _localeconv_r
 .text.malloc   0x00000000080069f4       0x10 /opt/st/stm32cubeide_1.10.1/plugins/com.st.stm32cube.ide.mcu.externaltools.gnu-tools-for-stm32.10.3-2021.10.linux64_1.0.0.202111181127/tools/bin/../lib/gcc/arm-none-eabi/10.3.1/../../../../arm-none-eabi/lib/thumb/v7e-m+fp/hard/libc_nano.a(lib_a-malloc.o)
                0x00000000080069f4                malloc
 .text.__ascii_mbtowc
                0x0000000008006a04       0x24 /opt/st/stm32cubeide_1.10.1/plugins/com.st.stm32cube.ide.mcu.externaltools.gnu-tools-for-stm32.10.3-2021.10.linux64_1.0.0.202111181127/tools/bin/../lib/gcc/arm-none-eabi/10.3.1/../../../../arm-none-eabi/lib/thumb/v7e-m+fp/hard/libc_nano.a(lib_a-mbtowc_r.o)
                0x0000000008006a04                __ascii_mbtowc
 .text.memcpy   0x0000000008006a28       0x1c /opt/st/stm32cubeide_1.10.1/plugins/com.st.stm32cube.ide.mcu.externaltools.gnu-tools-for-stm32.10.3-2021.10.linux64_1.0.0.202111181127/tools/bin/../lib/gcc/arm-none-eabi/10.3.1/../../../../arm-none-eabi/lib/thumb/v7e-m+fp/hard/libc_nano.a(lib_a-memcpy-stub.o)
                0x0000000008006a28                memcpy
 .text._Balloc  0x0000000008006a44       0x80 /opt/st/stm32cubeide_1.10.1/plugins/com.st.stm32cube.ide.mcu.externaltools.gnu-tools-for-stm32.10.3-2021.10.linux64_1.0.0.202111181127/tools/bin/../lib/gcc/arm-none-eabi/10.3.1/../../../../arm-none-eabi/lib/thumb/v7e-m+fp/hard/libc_nano.a(lib_a-mprec.o)
                0x0000000008006a44                _Balloc
 .text._Bfree   0x0000000008006ac4       0x44 /opt/st/stm32cubeide_1.10.1/plugins/com.st.stm32cube.ide.mcu.externaltools.gnu-tools-for-stm32.10.3-2021.10.linux64_1.0.0.202111181127/tools/bin/../lib/gcc/arm-none-eabi/10.3.1/../../../../arm-none-eabi/lib/thumb/v7e-m+fp/hard/libc_nano.a(lib_a-mprec.o)
                0x0000000008006ac4                _Bfree
 .text.__multadd
                0x0000000008006b08       0x8c /opt/st/stm32cubeide_1.10.1/plugins/com.st.stm32cube.ide.mcu.externaltools.gnu-tools-for-stm32.10.3-2021.10.linux64_1.0.0.202111181127/tools/bin/../lib/gcc/arm-none-eabi/10.3.1/../../../../arm-none-eabi/lib/thumb/v7e-m+fp/hard/libc_nano.a(lib_a-mprec.o)
                0x0000000008006b08                __multadd
 .text.__s2b    0x0000000008006b94       0x94 /opt/st/stm32cubeide_1.10.1/plugins/com.st.stm32cube.ide.mcu.externaltools.gnu-tools-for-stm32.10.3-2021.10.linux64_1.0.0.202111181127/tools/bin/../lib/gcc/arm-none-eabi/10.3.1/../../../../arm-none-eabi/lib/thumb/v7e-m+fp/hard/libc_nano.a(lib_a-mprec.o)
                0x0000000008006b94                __s2b
 .text.__hi0bits
                0x0000000008006c28       0x40 /opt/st/stm32cubeide_1.10.1/plugins/com.st.stm32cube.ide.mcu.externaltools.gnu-tools-for-stm32.10.3-2021.10.linux64_1.0.0.202111181127/tools/bin/../lib/gcc/arm-none-eabi/10.3.1/../../../../arm-none-eabi/lib/thumb/v7e-m+fp/hard/libc_nano.a(lib_a-mprec.o)
                0x0000000008006c28                __hi0bits
 .text.__lo0bits
                0x0000000008006c68       0x5e /opt/st/stm32cubeide_1.10.1/plugins/com.st.stm32cube.ide.mcu.externaltools.gnu-tools-for-stm32.10.3-2021.10.linux64_1.0.0.202111181127/tools/bin/../lib/gcc/arm-none-eabi/10.3.1/../../../../arm-none-eabi/lib/thumb/v7e-m+fp/hard/libc_nano.a(lib_a-mprec.o)
                0x0000000008006c68                __lo0bits
 *fill*         0x0000000008006cc6        0x2 
 .text.__i2b    0x0000000008006cc8       0x2c /opt/st/stm32cubeide_1.10.1/plugins/com.st.stm32cube.ide.mcu.externaltools.gnu-tools-for-stm32.10.3-2021.10.linux64_1.0.0.202111181127/tools/bin/../lib/gcc/arm-none-eabi/10.3.1/../../../../arm-none-eabi/lib/thumb/v7e-m+fp/hard/libc_nano.a(lib_a-mprec.o)
                0x0000000008006cc8                __i2b
 .text.__multiply
                0x0000000008006cf4      0x154 /opt/st/stm32cubeide_1.10.1/plugins/com.st.stm32cube.ide.mcu.externaltools.gnu-tools-for-stm32.10.3-2021.10.linux64_1.0.0.202111181127/tools/bin/../lib/gcc/arm-none-eabi/10.3.1/../../../../arm-none-eabi/lib/thumb/v7e-m+fp/hard/libc_nano.a(lib_a-mprec.o)
                0x0000000008006cf4                __multiply
 .text.__pow5mult
                0x0000000008006e48       0xb4 /opt/st/stm32cubeide_1.10.1/plugins/com.st.stm32cube.ide.mcu.externaltools.gnu-tools-for-stm32.10.3-2021.10.linux64_1.0.0.202111181127/tools/bin/../lib/gcc/arm-none-eabi/10.3.1/../../../../arm-none-eabi/lib/thumb/v7e-m+fp/hard/libc_nano.a(lib_a-mprec.o)
                0x0000000008006e48                __pow5mult
 .text.__lshift
                0x0000000008006efc       0xe0 /opt/st/stm32cubeide_1.10.1/plugins/com.st.stm32cube.ide.mcu.externaltools.gnu-tools-for-stm32.10.3-2021.10.linux64_1.0.0.202111181127/tools/bin/../lib/gcc/arm-none-eabi/10.3.1/../../../../arm-none-eabi/lib/thumb/v7e-m+fp/hard/libc_nano.a(lib_a-mprec.o)
                0x0000000008006efc                __lshift
 .text.__mcmp   0x0000000008006fdc       0x38 /opt/st/stm32cubeide_1.10.1/plugins/com.st.stm32cube.ide.mcu.externaltools.gnu-tools-for-stm32.10.3-2021.10.linux64_1.0.0.202111181127/tools/bin/../lib/gcc/arm-none-eabi/10.3.1/../../../../arm-none-eabi/lib/thumb/v7e-m+fp/hard/libc_nano.a(lib_a-mprec.o)
                0x0000000008006fdc                __mcmp
 .text.__mdiff  0x0000000008007014      0x114 /opt/st/stm32cubeide_1.10.1/plugins/com.st.stm32cube.ide.mcu.externaltools.gnu-tools-for-stm32.10.3-2021.10.linux64_1.0.0.202111181127/tools/bin/../lib/gcc/arm-none-eabi/10.3.1/../../../../arm-none-eabi/lib/thumb/v7e-m+fp/hard/libc_nano.a(lib_a-mprec.o)
                0x0000000008007014                __mdiff
 .text.__ulp    0x0000000008007128       0x58 /opt/st/stm32cubeide_1.10.1/plugins/com.st.stm32cube.ide.mcu.externaltools.gnu-tools-for-stm32.10.3-2021.10.linux64_1.0.0.202111181127/tools/bin/../lib/gcc/arm-none-eabi/10.3.1/../../../../arm-none-eabi/lib/thumb/v7e-m+fp/hard/libc_nano.a(lib_a-mprec.o)
                0x0000000008007128                __ulp
 .text.__b2d    0x0000000008007180       0xa0 /opt/st/stm32cubeide_1.10.1/plugins/com.st.stm32cube.ide.mcu.externaltools.gnu-tools-for-stm32.10.3-2021.10.linux64_1.0.0.202111181127/tools/bin/../lib/gcc/arm-none-eabi/10.3.1/../../../../arm-none-eabi/lib/thumb/v7e-m+fp/hard/libc_nano.a(lib_a-mprec.o)
                0x0000000008007180                __b2d
 .text.__d2b    0x0000000008007220       0xb8 /opt/st/stm32cubeide_1.10.1/plugins/com.st.stm32cube.ide.mcu.externaltools.gnu-tools-for-stm32.10.3-2021.10.linux64_1.0.0.202111181127/tools/bin/../lib/gcc/arm-none-eabi/10.3.1/../../../../arm-none-eabi/lib/thumb/v7e-m+fp/hard/libc_nano.a(lib_a-mprec.o)
                0x0000000008007220                __d2b
 .text.__ratio  0x00000000080072d8       0x66 /opt/st/stm32cubeide_1.10.1/plugins/com.st.stm32cube.ide.mcu.externaltools.gnu-tools-for-stm32.10.3-2021.10.linux64_1.0.0.202111181127/tools/bin/../lib/gcc/arm-none-eabi/10.3.1/../../../../arm-none-eabi/lib/thumb/v7e-m+fp/hard/libc_nano.a(lib_a-mprec.o)
                0x00000000080072d8                __ratio
 .text.__copybits
                0x000000000800733e       0x46 /opt/st/stm32cubeide_1.10.1/plugins/com.st.stm32cube.ide.mcu.externaltools.gnu-tools-for-stm32.10.3-2021.10.linux64_1.0.0.202111181127/tools/bin/../lib/gcc/arm-none-eabi/10.3.1/../../../../arm-none-eabi/lib/thumb/v7e-m+fp/hard/libc_nano.a(lib_a-mprec.o)
                0x000000000800733e                __copybits
 .text.__any_on
                0x0000000008007384       0x42 /opt/st/stm32cubeide_1.10.1/plugins/com.st.stm32cube.ide.mcu.externaltools.gnu-tools-for-stm32.10.3-2021.10.linux64_1.0.0.202111181127/tools/bin/../lib/gcc/arm-none-eabi/10.3.1/../../../../arm-none-eabi/lib/thumb/v7e-m+fp/hard/libc_nano.a(lib_a-mprec.o)
                0x0000000008007384                __any_on
 .text._calloc_r
                0x00000000080073c6       0x2c /opt/st/stm32cubeide_1.10.1/plugins/com.st.stm32cube.ide.mcu.externaltools.gnu-tools-for-stm32.10.3-2021.10.linux64_1.0.0.202111181127/tools/bin/../lib/gcc/arm-none-eabi/10.3.1/../../../../arm-none-eabi/lib/thumb/v7e-m+fp/hard/libc_nano.a(lib_a-nano-callocr.o)
                0x00000000080073c6                _calloc_r
 *fill*         0x00000000080073f2        0x2 
 .text._free_r  0x00000000080073f4       0x98 /opt/st/stm32cubeide_1.10.1/plugins/com.st.stm32cube.ide.mcu.externaltools.gnu-tools-for-stm32.10.3-2021.10.linux64_1.0.0.202111181127/tools/bin/../lib/gcc/arm-none-eabi/10.3.1/../../../../arm-none-eabi/lib/thumb/v7e-m+fp/hard/libc_nano.a(lib_a-nano-freer.o)
                0x00000000080073f4                _free_r
 .text.sbrk_aligned
                0x000000000800748c       0x40 /opt/st/stm32cubeide_1.10.1/plugins/com.st.stm32cube.ide.mcu.externaltools.gnu-tools-for-stm32.10.3-2021.10.linux64_1.0.0.202111181127/tools/bin/../lib/gcc/arm-none-eabi/10.3.1/../../../../arm-none-eabi/lib/thumb/v7e-m+fp/hard/libc_nano.a(lib_a-nano-mallocr.o)
 .text._malloc_r
                0x00000000080074cc       0xe8 /opt/st/stm32cubeide_1.10.1/plugins/com.st.stm32cube.ide.mcu.externaltools.gnu-tools-for-stm32.10.3-2021.10.linux64_1.0.0.202111181127/tools/bin/../lib/gcc/arm-none-eabi/10.3.1/../../../../arm-none-eabi/lib/thumb/v7e-m+fp/hard/libc_nano.a(lib_a-nano-mallocr.o)
                0x00000000080074cc                _malloc_r
 .text.__ssputs_r
                0x00000000080075b4       0xb6 /opt/st/stm32cubeide_1.10.1/plugins/com.st.stm32cube.ide.mcu.externaltools.gnu-tools-for-stm32.10.3-2021.10.linux64_1.0.0.202111181127/tools/bin/../lib/gcc/arm-none-eabi/10.3.1/../../../../arm-none-eabi/lib/thumb/v7e-m+fp/hard/libc_nano.a(lib_a-nano-svfprintf.o)
                0x00000000080075b4                __ssputs_r
 *fill*         0x000000000800766a        0x2 
 .text._svfprintf_r
                0x000000000800766c      0x200 /opt/st/stm32cubeide_1.10.1/plugins/com.st.stm32cube.ide.mcu.externaltools.gnu-tools-for-stm32.10.3-2021.10.linux64_1.0.0.202111181127/tools/bin/../lib/gcc/arm-none-eabi/10.3.1/../../../../arm-none-eabi/lib/thumb/v7e-m+fp/hard/libc_nano.a(lib_a-nano-svfprintf.o)
                0x000000000800766c                _svfprintf_r
                0x000000000800766c                _svfiprintf_r
 *fill*         0x000000000800786c        0x4 
 .text.nan      0x0000000008007870       0x10 /opt/st/stm32cubeide_1.10.1/plugins/com.st.stm32cube.ide.mcu.externaltools.gnu-tools-for-stm32.10.3-2021.10.linux64_1.0.0.202111181127/tools/bin/../lib/gcc/arm-none-eabi/10.3.1/../../../../arm-none-eabi/lib/thumb/v7e-m+fp/hard/libc_nano.a(lib_a-s_nan.o)
                0x0000000008007870                nan
 .text._sbrk_r  0x0000000008007880       0x20 /opt/st/stm32cubeide_1.10.1/plugins/com.st.stm32cube.ide.mcu.externaltools.gnu-tools-for-stm32.10.3-2021.10.linux64_1.0.0.202111181127/tools/bin/../lib/gcc/arm-none-eabi/10.3.1/../../../../arm-none-eabi/lib/thumb/v7e-m+fp/hard/libc_nano.a(lib_a-sbrkr.o)
                0x0000000008007880                _sbrk_r
 .text.strncmp  0x00000000080078a0       0x28 /opt/st/stm32cubeide_1.10.1/plugins/com.st.stm32cube.ide.mcu.externaltools.gnu-tools-for-stm32.10.3-2021.10.linux64_1.0.0.202111181127/tools/bin/../lib/gcc/arm-none-eabi/10.3.1/../../../../arm-none-eabi/lib/thumb/v7e-m+fp/hard/libc_nano.a(lib_a-strncmp.o)
                0x00000000080078a0                strncmp
 .text.__ascii_wctomb
                0x00000000080078c8       0x1a /opt/st/stm32cubeide_1.10.1/plugins/com.st.stm32cube.ide.mcu.externaltools.gnu-tools-for-stm32.10.3-2021.10.linux64_1.0.0.202111181127/tools/bin/../lib/gcc/arm-none-eabi/10.3.1/../../../../arm-none-eabi/lib/thumb/v7e-m+fp/hard/libc_nano.a(lib_a-wctomb_r.o)
                0x00000000080078c8                __ascii_wctomb
 *fill*         0x00000000080078e2        0x2 
 .text.__assert_func
                0x00000000080078e4       0x3c /opt/st/stm32cubeide_1.10.1/plugins/com.st.stm32cube.ide.mcu.externaltools.gnu-tools-for-stm32.10.3-2021.10.linux64_1.0.0.202111181127/tools/bin/../lib/gcc/arm-none-eabi/10.3.1/../../../../arm-none-eabi/lib/thumb/v7e-m+fp/hard/libc_nano.a(lib_a-assert.o)
                0x00000000080078e4                __assert_func
 .text.fprintf  0x0000000008007920       0x24 /opt/st/stm32cubeide_1.10.1/plugins/com.st.stm32cube.ide.mcu.externaltools.gnu-tools-for-stm32.10.3-2021.10.linux64_1.0.0.202111181127/tools/bin/../lib/gcc/arm-none-eabi/10.3.1/../../../../arm-none-eabi/lib/thumb/v7e-m+fp/hard/libc_nano.a(lib_a-fprintf.o)
                0x0000000008007920                fprintf
                0x0000000008007920                fiprintf
 .text.memmove  0x0000000008007944       0x34 /opt/st/stm32cubeide_1.10.1/plugins/com.st.stm32cube.ide.mcu.externaltools.gnu-tools-for-stm32.10.3-2021.10.linux64_1.0.0.202111181127/tools/bin/../lib/gcc/arm-none-eabi/10.3.1/../../../../arm-none-eabi/lib/thumb/v7e-m+fp/hard/libc_nano.a(lib_a-memmove.o)
                0x0000000008007944                memmove
 .text.__malloc_lock
                0x0000000008007978        0xc /opt/st/stm32cubeide_1.10.1/plugins/com.st.stm32cube.ide.mcu.externaltools.gnu-tools-for-stm32.10.3-2021.10.linux64_1.0.0.202111181127/tools/bin/../lib/gcc/arm-none-eabi/10.3.1/../../../../arm-none-eabi/lib/thumb/v7e-m+fp/hard/libc_nano.a(lib_a-mlock.o)
                0x0000000008007978                __malloc_lock
 .text.__malloc_unlock
                0x0000000008007984        0xc /opt/st/stm32cubeide_1.10.1/plugins/com.st.stm32cube.ide.mcu.externaltools.gnu-tools-for-stm32.10.3-2021.10.linux64_1.0.0.202111181127/tools/bin/../lib/gcc/arm-none-eabi/10.3.1/../../../../arm-none-eabi/lib/thumb/v7e-m+fp/hard/libc_nano.a(lib_a-mlock.o)
                0x0000000008007984                __malloc_unlock
 .text._realloc_r
                0x0000000008007990       0x5e /opt/st/stm32cubeide_1.10.1/plugins/com.st.stm32cube.ide.mcu.externaltools.gnu-tools-for-stm32.10.3-2021.10.linux64_1.0.0.202111181127/tools/bin/../lib/gcc/arm-none-eabi/10.3.1/../../../../arm-none-eabi/lib/thumb/v7e-m+fp/hard/libc_nano.a(lib_a-nano-reallocr.o)
                0x0000000008007990                _realloc_r
 .text.__sfputc_r
                0x00000000080079ee       0x2e /opt/st/stm32cubeide_1.10.1/plugins/com.st.stm32cube.ide.mcu.externaltools.gnu-tools-for-stm32.10.3-2021.10.linux64_1.0.0.202111181127/tools/bin/../lib/gcc/arm-none-eabi/10.3.1/../../../../arm-none-eabi/lib/thumb/v7e-m+fp/hard/libc_nano.a(lib_a-nano-vfprintf.o)
 .text.__sfputs_r
                0x0000000008007a1c       0x24 /opt/st/stm32cubeide_1.10.1/plugins/com.st.stm32cube.ide.mcu.externaltools.gnu-tools-for-stm32.10.3-2021.10.linux64_1.0.0.202111181127/tools/bin/../lib/gcc/arm-none-eabi/10.3.1/../../../../arm-none-eabi/lib/thumb/v7e-m+fp/hard/libc_nano.a(lib_a-nano-vfprintf.o)
                0x0000000008007a1c                __sfputs_r
 .text._vfprintf_r
                0x0000000008007a40      0x260 /opt/st/stm32cubeide_1.10.1/plugins/com.st.stm32cube.ide.mcu.externaltools.gnu-tools-for-stm32.10.3-2021.10.linux64_1.0.0.202111181127/tools/bin/../lib/gcc/arm-none-eabi/10.3.1/../../../../arm-none-eabi/lib/thumb/v7e-m+fp/hard/libc_nano.a(lib_a-nano-vfprintf.o)
                0x0000000008007a40                _vfiprintf_r
                0x0000000008007a40                _vfprintf_r
 .text.__swbuf_r
                0x0000000008007ca0       0xa4 /opt/st/stm32cubeide_1.10.1/plugins/com.st.stm32cube.ide.mcu.externaltools.gnu-tools-for-stm32.10.3-2021.10.linux64_1.0.0.202111181127/tools/bin/../lib/gcc/arm-none-eabi/10.3.1/../../../../arm-none-eabi/lib/thumb/v7e-m+fp/hard/libc_nano.a(lib_a-wbuf.o)
                0x0000000008007ca0                __swbuf_r
 .text.__swsetup_r
                0x0000000008007d44       0xdc /opt/st/stm32cubeide_1.10.1/plugins/com.st.stm32cube.ide.mcu.externaltools.gnu-tools-for-stm32.10.3-2021.10.linux64_1.0.0.202111181127/tools/bin/../lib/gcc/arm-none-eabi/10.3.1/../../../../arm-none-eabi/lib/thumb/v7e-m+fp/hard/libc_nano.a(lib_a-wsetup.o)
                0x0000000008007d44                __swsetup_r
 .text.abort    0x0000000008007e20        0xe /opt/st/stm32cubeide_1.10.1/plugins/com.st.stm32cube.ide.mcu.externaltools.gnu-tools-for-stm32.10.3-2021.10.linux64_1.0.0.202111181127/tools/bin/../lib/gcc/arm-none-eabi/10.3.1/../../../../arm-none-eabi/lib/thumb/v7e-m+fp/hard/libc_nano.a(lib_a-abort.o)
                0x0000000008007e20                abort
 *fill*         0x0000000008007e2e        0x2 
 .text.__sflush_r
                0x0000000008007e30      0x10c /opt/st/stm32cubeide_1.10.1/plugins/com.st.stm32cube.ide.mcu.externaltools.gnu-tools-for-stm32.10.3-2021.10.linux64_1.0.0.202111181127/tools/bin/../lib/gcc/arm-none-eabi/10.3.1/../../../../arm-none-eabi/lib/thumb/v7e-m+fp/hard/libc_nano.a(lib_a-fflush.o)
                0x0000000008007e30                __sflush_r
 .text._fflush_r
                0x0000000008007f3c       0x78 /opt/st/stm32cubeide_1.10.1/plugins/com.st.stm32cube.ide.mcu.externaltools.gnu-tools-for-stm32.10.3-2021.10.linux64_1.0.0.202111181127/tools/bin/../lib/gcc/arm-none-eabi/10.3.1/../../../../arm-none-eabi/lib/thumb/v7e-m+fp/hard/libc_nano.a(lib_a-fflush.o)
                0x0000000008007f3c                _fflush_r
 .text.std      0x0000000008007fb4       0x48 /opt/st/stm32cubeide_1.10.1/plugins/com.st.stm32cube.ide.mcu.externaltools.gnu-tools-for-stm32.10.3-2021.10.linux64_1.0.0.202111181127/tools/bin/../lib/gcc/arm-none-eabi/10.3.1/../../../../arm-none-eabi/lib/thumb/v7e-m+fp/hard/libc_nano.a(lib_a-findfp.o)
 .text._cleanup_r
                0x0000000008007ffc        0xc /opt/st/stm32cubeide_1.10.1/plugins/com.st.stm32cube.ide.mcu.externaltools.gnu-tools-for-stm32.10.3-2021.10.linux64_1.0.0.202111181127/tools/bin/../lib/gcc/arm-none-eabi/10.3.1/../../../../arm-none-eabi/lib/thumb/v7e-m+fp/hard/libc_nano.a(lib_a-findfp.o)
                0x0000000008007ffc                _cleanup_r
 .text.__sfmoreglue
                0x0000000008008008       0x2c /opt/st/stm32cubeide_1.10.1/plugins/com.st.stm32cube.ide.mcu.externaltools.gnu-tools-for-stm32.10.3-2021.10.linux64_1.0.0.202111181127/tools/bin/../lib/gcc/arm-none-eabi/10.3.1/../../../../arm-none-eabi/lib/thumb/v7e-m+fp/hard/libc_nano.a(lib_a-findfp.o)
                0x0000000008008008                __sfmoreglue
 .text.__sfp_lock_acquire
                0x0000000008008034        0xc /opt/st/stm32cubeide_1.10.1/plugins/com.st.stm32cube.ide.mcu.externaltools.gnu-tools-for-stm32.10.3-2021.10.linux64_1.0.0.202111181127/tools/bin/../lib/gcc/arm-none-eabi/10.3.1/../../../../arm-none-eabi/lib/thumb/v7e-m+fp/hard/libc_nano.a(lib_a-findfp.o)
                0x0000000008008034                __sfp_lock_acquire
 .text.__sfp_lock_release
                0x0000000008008040        0xc /opt/st/stm32cubeide_1.10.1/plugins/com.st.stm32cube.ide.mcu.externaltools.gnu-tools-for-stm32.10.3-2021.10.linux64_1.0.0.202111181127/tools/bin/../lib/gcc/arm-none-eabi/10.3.1/../../../../arm-none-eabi/lib/thumb/v7e-m+fp/hard/libc_nano.a(lib_a-findfp.o)
                0x0000000008008040                __sfp_lock_release
 .text.__sinit_lock_acquire
                0x000000000800804c        0xc /opt/st/stm32cubeide_1.10.1/plugins/com.st.stm32cube.ide.mcu.externaltools.gnu-tools-for-stm32.10.3-2021.10.linux64_1.0.0.202111181127/tools/bin/../lib/gcc/arm-none-eabi/10.3.1/../../../../arm-none-eabi/lib/thumb/v7e-m+fp/hard/libc_nano.a(lib_a-findfp.o)
                0x000000000800804c                __sinit_lock_acquire
 .text.__sinit_lock_release
                0x0000000008008058        0xc /opt/st/stm32cubeide_1.10.1/plugins/com.st.stm32cube.ide.mcu.externaltools.gnu-tools-for-stm32.10.3-2021.10.linux64_1.0.0.202111181127/tools/bin/../lib/gcc/arm-none-eabi/10.3.1/../../../../arm-none-eabi/lib/thumb/v7e-m+fp/hard/libc_nano.a(lib_a-findfp.o)
                0x0000000008008058                __sinit_lock_release
 .text.__sinit  0x0000000008008064       0x70 /opt/st/stm32cubeide_1.10.1/plugins/com.st.stm32cube.ide.mcu.externaltools.gnu-tools-for-stm32.10.3-2021.10.linux64_1.0.0.202111181127/tools/bin/../lib/gcc/arm-none-eabi/10.3.1/../../../../arm-none-eabi/lib/thumb/v7e-m+fp/hard/libc_nano.a(lib_a-findfp.o)
                0x0000000008008064                __sinit
 .text.__sfp    0x00000000080080d4       0x8c /opt/st/stm32cubeide_1.10.1/plugins/com.st.stm32cube.ide.mcu.externaltools.gnu-tools-for-stm32.10.3-2021.10.linux64_1.0.0.202111181127/tools/bin/../lib/gcc/arm-none-eabi/10.3.1/../../../../arm-none-eabi/lib/thumb/v7e-m+fp/hard/libc_nano.a(lib_a-findfp.o)
                0x00000000080080d4                __sfp
 .text._fwalk_reent
                0x0000000008008160       0x3e /opt/st/stm32cubeide_1.10.1/plugins/com.st.stm32cube.ide.mcu.externaltools.gnu-tools-for-stm32.10.3-2021.10.linux64_1.0.0.202111181127/tools/bin/../lib/gcc/arm-none-eabi/10.3.1/../../../../arm-none-eabi/lib/thumb/v7e-m+fp/hard/libc_nano.a(lib_a-fwalk.o)
                0x0000000008008160                _fwalk_reent
 .text.__retarget_lock_init_recursive
                0x000000000800819e        0x2 /opt/st/stm32cubeide_1.10.1/plugins/com.st.stm32cube.ide.mcu.externaltools.gnu-tools-for-stm32.10.3-2021.10.linux64_1.0.0.202111181127/tools/bin/../lib/gcc/arm-none-eabi/10.3.1/../../../../arm-none-eabi/lib/thumb/v7e-m+fp/hard/libc_nano.a(lib_a-lock.o)
                0x000000000800819e                __retarget_lock_init_recursive
 .text.__retarget_lock_acquire_recursive
                0x00000000080081a0        0x2 /opt/st/stm32cubeide_1.10.1/plugins/com.st.stm32cube.ide.mcu.externaltools.gnu-tools-for-stm32.10.3-2021.10.linux64_1.0.0.202111181127/tools/bin/../lib/gcc/arm-none-eabi/10.3.1/../../../../arm-none-eabi/lib/thumb/v7e-m+fp/hard/libc_nano.a(lib_a-lock.o)
                0x00000000080081a0                __retarget_lock_acquire_recursive
 .text.__retarget_lock_release_recursive
                0x00000000080081a2        0x2 /opt/st/stm32cubeide_1.10.1/plugins/com.st.stm32cube.ide.mcu.externaltools.gnu-tools-for-stm32.10.3-2021.10.linux64_1.0.0.202111181127/tools/bin/../lib/gcc/arm-none-eabi/10.3.1/../../../../arm-none-eabi/lib/thumb/v7e-m+fp/hard/libc_nano.a(lib_a-lock.o)
                0x00000000080081a2                __retarget_lock_release_recursive
 .text.__swhatbuf_r
                0x00000000080081a4       0x4a /opt/st/stm32cubeide_1.10.1/plugins/com.st.stm32cube.ide.mcu.externaltools.gnu-tools-for-stm32.10.3-2021.10.linux64_1.0.0.202111181127/tools/bin/../lib/gcc/arm-none-eabi/10.3.1/../../../../arm-none-eabi/lib/thumb/v7e-m+fp/hard/libc_nano.a(lib_a-makebuf.o)
                0x00000000080081a4                __swhatbuf_r
 *fill*         0x00000000080081ee        0x2 
 .text.__smakebuf_r
                0x00000000080081f0       0x80 /opt/st/stm32cubeide_1.10.1/plugins/com.st.stm32cube.ide.mcu.externaltools.gnu-tools-for-stm32.10.3-2021.10.linux64_1.0.0.202111181127/tools/bin/../lib/gcc/arm-none-eabi/10.3.1/../../../../arm-none-eabi/lib/thumb/v7e-m+fp/hard/libc_nano.a(lib_a-makebuf.o)
                0x00000000080081f0                __smakebuf_r
 .text._malloc_usable_size_r
                0x0000000008008270       0x10 /opt/st/stm32cubeide_1.10.1/plugins/com.st.stm32cube.ide.mcu.externaltools.gnu-tools-for-stm32.10.3-2021.10.linux64_1.0.0.202111181127/tools/bin/../lib/gcc/arm-none-eabi/10.3.1/../../../../arm-none-eabi/lib/thumb/v7e-m+fp/hard/libc_nano.a(lib_a-nano-msizer.o)
                0x0000000008008270                _malloc_usable_size_r
 .text._raise_r
                0x0000000008008280       0x50 /opt/st/stm32cubeide_1.10.1/plugins/com.st.stm32cube.ide.mcu.externaltools.gnu-tools-for-stm32.10.3-2021.10.linux64_1.0.0.202111181127/tools/bin/../lib/gcc/arm-none-eabi/10.3.1/../../../../arm-none-eabi/lib/thumb/v7e-m+fp/hard/libc_nano.a(lib_a-signal.o)
                0x0000000008008280                _raise_r
 .text.raise    0x00000000080082d0       0x10 /opt/st/stm32cubeide_1.10.1/plugins/com.st.stm32cube.ide.mcu.externaltools.gnu-tools-for-stm32.10.3-2021.10.linux64_1.0.0.202111181127/tools/bin/../lib/gcc/arm-none-eabi/10.3.1/../../../../arm-none-eabi/lib/thumb/v7e-m+fp/hard/libc_nano.a(lib_a-signal.o)
                0x00000000080082d0                raise
 .text._kill_r  0x00000000080082e0       0x24 /opt/st/stm32cubeide_1.10.1/plugins/com.st.stm32cube.ide.mcu.externaltools.gnu-tools-for-stm32.10.3-2021.10.linux64_1.0.0.202111181127/tools/bin/../lib/gcc/arm-none-eabi/10.3.1/../../../../arm-none-eabi/lib/thumb/v7e-m+fp/hard/libc_nano.a(lib_a-signalr.o)
                0x00000000080082e0                _kill_r
 .text._getpid_r
                0x0000000008008304        0x4 /opt/st/stm32cubeide_1.10.1/plugins/com.st.stm32cube.ide.mcu.externaltools.gnu-tools-for-stm32.10.3-2021.10.linux64_1.0.0.202111181127/tools/bin/../lib/gcc/arm-none-eabi/10.3.1/../../../../arm-none-eabi/lib/thumb/v7e-m+fp/hard/libc_nano.a(lib_a-signalr.o)
                0x0000000008008304                _getpid_r
 .text.__sread  0x0000000008008308       0x22 /opt/st/stm32cubeide_1.10.1/plugins/com.st.stm32cube.ide.mcu.externaltools.gnu-tools-for-stm32.10.3-2021.10.linux64_1.0.0.202111181127/tools/bin/../lib/gcc/arm-none-eabi/10.3.1/../../../../arm-none-eabi/lib/thumb/v7e-m+fp/hard/libc_nano.a(lib_a-stdio.o)
                0x0000000008008308                __sread
 .text.__swrite
                0x000000000800832a       0x38 /opt/st/stm32cubeide_1.10.1/plugins/com.st.stm32cube.ide.mcu.externaltools.gnu-tools-for-stm32.10.3-2021.10.linux64_1.0.0.202111181127/tools/bin/../lib/gcc/arm-none-eabi/10.3.1/../../../../arm-none-eabi/lib/thumb/v7e-m+fp/hard/libc_nano.a(lib_a-stdio.o)
                0x000000000800832a                __swrite
 .text.__sseek  0x0000000008008362       0x24 /opt/st/stm32cubeide_1.10.1/plugins/com.st.stm32cube.ide.mcu.externaltools.gnu-tools-for-stm32.10.3-2021.10.linux64_1.0.0.202111181127/tools/bin/../lib/gcc/arm-none-eabi/10.3.1/../../../../arm-none-eabi/lib/thumb/v7e-m+fp/hard/libc_nano.a(lib_a-stdio.o)
                0x0000000008008362                __sseek
 .text.__sclose
                0x0000000008008386        0x8 /opt/st/stm32cubeide_1.10.1/plugins/com.st.stm32cube.ide.mcu.externaltools.gnu-tools-for-stm32.10.3-2021.10.linux64_1.0.0.202111181127/tools/bin/../lib/gcc/arm-none-eabi/10.3.1/../../../../arm-none-eabi/lib/thumb/v7e-m+fp/hard/libc_nano.a(lib_a-stdio.o)
                0x0000000008008386                __sclose
 *fill*         0x000000000800838e        0x2 
 .text._write_r
                0x0000000008008390       0x24 /opt/st/stm32cubeide_1.10.1/plugins/com.st.stm32cube.ide.mcu.externaltools.gnu-tools-for-stm32.10.3-2021.10.linux64_1.0.0.202111181127/tools/bin/../lib/gcc/arm-none-eabi/10.3.1/../../../../arm-none-eabi/lib/thumb/v7e-m+fp/hard/libc_nano.a(lib_a-writer.o)
                0x0000000008008390                _write_r
 .text._close_r
                0x00000000080083b4       0x20 /opt/st/stm32cubeide_1.10.1/plugins/com.st.stm32cube.ide.mcu.externaltools.gnu-tools-for-stm32.10.3-2021.10.linux64_1.0.0.202111181127/tools/bin/../lib/gcc/arm-none-eabi/10.3.1/../../../../arm-none-eabi/lib/thumb/v7e-m+fp/hard/libc_nano.a(lib_a-closer.o)
                0x00000000080083b4                _close_r
 .text._fstat_r
                0x00000000080083d4       0x24 /opt/st/stm32cubeide_1.10.1/plugins/com.st.stm32cube.ide.mcu.externaltools.gnu-tools-for-stm32.10.3-2021.10.linux64_1.0.0.202111181127/tools/bin/../lib/gcc/arm-none-eabi/10.3.1/../../../../arm-none-eabi/lib/thumb/v7e-m+fp/hard/libc_nano.a(lib_a-fstatr.o)
                0x00000000080083d4                _fstat_r
 .text._isatty_r
                0x00000000080083f8       0x20 /opt/st/stm32cubeide_1.10.1/plugins/com.st.stm32cube.ide.mcu.externaltools.gnu-tools-for-stm32.10.3-2021.10.linux64_1.0.0.202111181127/tools/bin/../lib/gcc/arm-none-eabi/10.3.1/../../../../arm-none-eabi/lib/thumb/v7e-m+fp/hard/libc_nano.a(lib_a-isattyr.o)
                0x00000000080083f8                _isatty_r
 .text._lseek_r
                0x0000000008008418       0x24 /opt/st/stm32cubeide_1.10.1/plugins/com.st.stm32cube.ide.mcu.externaltools.gnu-tools-for-stm32.10.3-2021.10.linux64_1.0.0.202111181127/tools/bin/../lib/gcc/arm-none-eabi/10.3.1/../../../../arm-none-eabi/lib/thumb/v7e-m+fp/hard/libc_nano.a(lib_a-lseekr.o)
                0x0000000008008418                _lseek_r
 .text._read_r  0x000000000800843c       0x24 /opt/st/stm32cubeide_1.10.1/plugins/com.st.stm32cube.ide.mcu.externaltools.gnu-tools-for-stm32.10.3-2021.10.linux64_1.0.0.202111181127/tools/bin/../lib/gcc/arm-none-eabi/10.3.1/../../../../arm-none-eabi/lib/thumb/v7e-m+fp/hard/libc_nano.a(lib_a-readr.o)
                0x000000000800843c                _read_r
 *(.glue_7)
 .glue_7        0x0000000008008460        0x0 linker stubs
 *(.glue_7t)
 .glue_7t       0x0000000008008460        0x0 linker stubs
 *(.eh_frame)
 .eh_frame      0x0000000008008460        0x0 /opt/st/stm32cubeide_1.10.1/plugins/com.st.stm32cube.ide.mcu.externaltools.gnu-tools-for-stm32.10.3-2021.10.linux64_1.0.0.202111181127/tools/bin/../lib/gcc/arm-none-eabi/10.3.1/thumb/v7e-m+fp/hard/crtbegin.o
 *(.init)
 .init          0x0000000008008460        0x4 /opt/st/stm32cubeide_1.10.1/plugins/com.st.stm32cube.ide.mcu.externaltools.gnu-tools-for-stm32.10.3-2021.10.linux64_1.0.0.202111181127/tools/bin/../lib/gcc/arm-none-eabi/10.3.1/thumb/v7e-m+fp/hard/crti.o
                0x0000000008008460                _init
 .init          0x0000000008008464        0x8 /opt/st/stm32cubeide_1.10.1/plugins/com.st.stm32cube.ide.mcu.externaltools.gnu-tools-for-stm32.10.3-2021.10.linux64_1.0.0.202111181127/tools/bin/../lib/gcc/arm-none-eabi/10.3.1/thumb/v7e-m+fp/hard/crtn.o
 *(.fini)
 .fini          0x000000000800846c        0x4 /opt/st/stm32cubeide_1.10.1/plugins/com.st.stm32cube.ide.mcu.externaltools.gnu-tools-for-stm32.10.3-2021.10.linux64_1.0.0.202111181127/tools/bin/../lib/gcc/arm-none-eabi/10.3.1/thumb/v7e-m+fp/hard/crti.o
                0x000000000800846c                _fini
 .fini          0x0000000008008470        0x8 /opt/st/stm32cubeide_1.10.1/plugins/com.st.stm32cube.ide.mcu.externaltools.gnu-tools-for-stm32.10.3-2021.10.linux64_1.0.0.202111181127/tools/bin/../lib/gcc/arm-none-eabi/10.3.1/thumb/v7e-m+fp/hard/crtn.o
                0x0000000008008478                . = ALIGN (0x4)
                0x0000000008008478                _etext = .

.vfp11_veneer   0x0000000008008478        0x0
 .vfp11_veneer  0x0000000008008478        0x0 linker stubs

.v4_bx          0x0000000008008478        0x0
 .v4_bx         0x0000000008008478        0x0 linker stubs

.iplt           0x0000000008008478        0x0
 .iplt          0x0000000008008478        0x0 /opt/st/stm32cubeide_1.10.1/plugins/com.st.stm32cube.ide.mcu.externaltools.gnu-tools-for-stm32.10.3-2021.10.linux64_1.0.0.202111181127/tools/bin/../lib/gcc/arm-none-eabi/10.3.1/thumb/v7e-m+fp/hard/crtbegin.o

.rodata         0x0000000008008478      0x4a4
                0x0000000008008478                . = ALIGN (0x4)
 *(.rodata)
 *(.rodata*)
 .rodata._global_impure_ptr
                0x0000000008008478        0x4 /opt/st/stm32cubeide_1.10.1/plugins/com.st.stm32cube.ide.mcu.externaltools.gnu-tools-for-stm32.10.3-2021.10.linux64_1.0.0.202111181127/tools/bin/../lib/gcc/arm-none-eabi/10.3.1/../../../../arm-none-eabi/lib/thumb/v7e-m+fp/hard/libc_nano.a(lib_a-impure.o)
                0x0000000008008478                _global_impure_ptr
 .rodata._printf_float.str1.1
                0x000000000800847c       0x12 /opt/st/stm32cubeide_1.10.1/plugins/com.st.stm32cube.ide.mcu.externaltools.gnu-tools-for-stm32.10.3-2021.10.linux64_1.0.0.202111181127/tools/bin/../lib/gcc/arm-none-eabi/10.3.1/../../../../arm-none-eabi/lib/thumb/v7e-m+fp/hard/libc_nano.a(lib_a-nano-vfprintf_float.o)
 .rodata._printf_i.str1.1
                0x000000000800848e       0x22 /opt/st/stm32cubeide_1.10.1/plugins/com.st.stm32cube.ide.mcu.externaltools.gnu-tools-for-stm32.10.3-2021.10.linux64_1.0.0.202111181127/tools/bin/../lib/gcc/arm-none-eabi/10.3.1/../../../../arm-none-eabi/lib/thumb/v7e-m+fp/hard/libc_nano.a(lib_a-nano-vfprintf_i.o)
 .rodata._scanf_float.str1.1
                0x00000000080084b0        0x5 /opt/st/stm32cubeide_1.10.1/plugins/com.st.stm32cube.ide.mcu.externaltools.gnu-tools-for-stm32.10.3-2021.10.linux64_1.0.0.202111181127/tools/bin/../lib/gcc/arm-none-eabi/10.3.1/../../../../arm-none-eabi/lib/thumb/v7e-m+fp/hard/libc_nano.a(lib_a-nano-vfscanf_float.o)
                                          0x6 (size before relaxing)
 .rodata._strtod_l.str1.1
                0x00000000080084b5        0x5 /opt/st/stm32cubeide_1.10.1/plugins/com.st.stm32cube.ide.mcu.externaltools.gnu-tools-for-stm32.10.3-2021.10.linux64_1.0.0.202111181127/tools/bin/../lib/gcc/arm-none-eabi/10.3.1/../../../../arm-none-eabi/lib/thumb/v7e-m+fp/hard/libc_nano.a(lib_a-strtod.o)
                                          0xd (size before relaxing)
 *fill*         0x00000000080084b5        0x3 
 .rodata.fpi.1  0x00000000080084b8       0x14 /opt/st/stm32cubeide_1.10.1/plugins/com.st.stm32cube.ide.mcu.externaltools.gnu-tools-for-stm32.10.3-2021.10.linux64_1.0.0.202111181127/tools/bin/../lib/gcc/arm-none-eabi/10.3.1/../../../../arm-none-eabi/lib/thumb/v7e-m+fp/hard/libc_nano.a(lib_a-strtod.o)
 .rodata.fpinan.0
                0x00000000080084cc       0x14 /opt/st/stm32cubeide_1.10.1/plugins/com.st.stm32cube.ide.mcu.externaltools.gnu-tools-for-stm32.10.3-2021.10.linux64_1.0.0.202111181127/tools/bin/../lib/gcc/arm-none-eabi/10.3.1/../../../../arm-none-eabi/lib/thumb/v7e-m+fp/hard/libc_nano.a(lib_a-strtod.o)
 .rodata.tinytens
                0x00000000080084e0       0x28 /opt/st/stm32cubeide_1.10.1/plugins/com.st.stm32cube.ide.mcu.externaltools.gnu-tools-for-stm32.10.3-2021.10.linux64_1.0.0.202111181127/tools/bin/../lib/gcc/arm-none-eabi/10.3.1/../../../../arm-none-eabi/lib/thumb/v7e-m+fp/hard/libc_nano.a(lib_a-strtod.o)
 .rodata._ctype_
                0x0000000008008508      0x101 /opt/st/stm32cubeide_1.10.1/plugins/com.st.stm32cube.ide.mcu.externaltools.gnu-tools-for-stm32.10.3-2021.10.linux64_1.0.0.202111181127/tools/bin/../lib/gcc/arm-none-eabi/10.3.1/../../../../arm-none-eabi/lib/thumb/v7e-m+fp/hard/libc_nano.a(lib_a-ctype_.o)
                0x0000000008008508                _ctype_
 .rodata._dtoa_r.str1.1
                0x0000000008008609       0x90 /opt/st/stm32cubeide_1.10.1/plugins/com.st.stm32cube.ide.mcu.externaltools.gnu-tools-for-stm32.10.3-2021.10.linux64_1.0.0.202111181127/tools/bin/../lib/gcc/arm-none-eabi/10.3.1/../../../../arm-none-eabi/lib/thumb/v7e-m+fp/hard/libc_nano.a(lib_a-dtoa.o)
                                         0x92 (size before relaxing)
 .rodata.__gethex.str1.1
                0x0000000008008699       0x63 /opt/st/stm32cubeide_1.10.1/plugins/com.st.stm32cube.ide.mcu.externaltools.gnu-tools-for-stm32.10.3-2021.10.linux64_1.0.0.202111181127/tools/bin/../lib/gcc/arm-none-eabi/10.3.1/../../../../arm-none-eabi/lib/thumb/v7e-m+fp/hard/libc_nano.a(lib_a-gdtoa-gethex.o)
                                         0x74 (size before relaxing)
 .rodata.str1.1
                0x00000000080086fc        0x2 /opt/st/stm32cubeide_1.10.1/plugins/com.st.stm32cube.ide.mcu.externaltools.gnu-tools-for-stm32.10.3-2021.10.linux64_1.0.0.202111181127/tools/bin/../lib/gcc/arm-none-eabi/10.3.1/../../../../arm-none-eabi/lib/thumb/v7e-m+fp/hard/libc_nano.a(lib_a-lnumeric.o)
                                          0x3 (size before relaxing)
 *fill*         0x00000000080086fe        0x2 
 .rodata._C_numeric_locale
                0x0000000008008700        0xc /opt/st/stm32cubeide_1.10.1/plugins/com.st.stm32cube.ide.mcu.externaltools.gnu-tools-for-stm32.10.3-2021.10.linux64_1.0.0.202111181127/tools/bin/../lib/gcc/arm-none-eabi/10.3.1/../../../../arm-none-eabi/lib/thumb/v7e-m+fp/hard/libc_nano.a(lib_a-lnumeric.o)
                0x0000000008008700                _C_numeric_locale
 .rodata._setlocale_r.str1.1
                0x000000000800870c        0x8 /opt/st/stm32cubeide_1.10.1/plugins/com.st.stm32cube.ide.mcu.externaltools.gnu-tools-for-stm32.10.3-2021.10.linux64_1.0.0.202111181127/tools/bin/../lib/gcc/arm-none-eabi/10.3.1/../../../../arm-none-eabi/lib/thumb/v7e-m+fp/hard/libc_nano.a(lib_a-locale.o)
                                          0x9 (size before relaxing)
 .rodata.str1.1
                0x0000000008008714        0x2 /opt/st/stm32cubeide_1.10.1/plugins/com.st.stm32cube.ide.mcu.externaltools.gnu-tools-for-stm32.10.3-2021.10.linux64_1.0.0.202111181127/tools/bin/../lib/gcc/arm-none-eabi/10.3.1/../../../../arm-none-eabi/lib/thumb/v7e-m+fp/hard/libc_nano.a(lib_a-locale.o)
 .rodata._Balloc.str1.1
                0x0000000008008714       0x5c /opt/st/stm32cubeide_1.10.1/plugins/com.st.stm32cube.ide.mcu.externaltools.gnu-tools-for-stm32.10.3-2021.10.linux64_1.0.0.202111181127/tools/bin/../lib/gcc/arm-none-eabi/10.3.1/../../../../arm-none-eabi/lib/thumb/v7e-m+fp/hard/libc_nano.a(lib_a-mprec.o)
                                         0x73 (size before relaxing)
 .rodata.__multadd.str1.1
                0x0000000008008770       0x11 /opt/st/stm32cubeide_1.10.1/plugins/com.st.stm32cube.ide.mcu.externaltools.gnu-tools-for-stm32.10.3-2021.10.linux64_1.0.0.202111181127/tools/bin/../lib/gcc/arm-none-eabi/10.3.1/../../../../arm-none-eabi/lib/thumb/v7e-m+fp/hard/libc_nano.a(lib_a-mprec.o)
 .rodata.__mprec_bigtens
                0x0000000008008770       0x28 /opt/st/stm32cubeide_1.10.1/plugins/com.st.stm32cube.ide.mcu.externaltools.gnu-tools-for-stm32.10.3-2021.10.linux64_1.0.0.202111181127/tools/bin/../lib/gcc/arm-none-eabi/10.3.1/../../../../arm-none-eabi/lib/thumb/v7e-m+fp/hard/libc_nano.a(lib_a-mprec.o)
                0x0000000008008770                __mprec_bigtens
 .rodata.__mprec_tens
                0x0000000008008798       0xc8 /opt/st/stm32cubeide_1.10.1/plugins/com.st.stm32cube.ide.mcu.externaltools.gnu-tools-for-stm32.10.3-2021.10.linux64_1.0.0.202111181127/tools/bin/../lib/gcc/arm-none-eabi/10.3.1/../../../../arm-none-eabi/lib/thumb/v7e-m+fp/hard/libc_nano.a(lib_a-mprec.o)
                0x0000000008008798                __mprec_tens
 .rodata.p05.0  0x0000000008008860        0xc /opt/st/stm32cubeide_1.10.1/plugins/com.st.stm32cube.ide.mcu.externaltools.gnu-tools-for-stm32.10.3-2021.10.linux64_1.0.0.202111181127/tools/bin/../lib/gcc/arm-none-eabi/10.3.1/../../../../arm-none-eabi/lib/thumb/v7e-m+fp/hard/libc_nano.a(lib_a-mprec.o)
 .rodata._svfprintf_r.str1.1
                0x000000000800886c       0x11 /opt/st/stm32cubeide_1.10.1/plugins/com.st.stm32cube.ide.mcu.externaltools.gnu-tools-for-stm32.10.3-2021.10.linux64_1.0.0.202111181127/tools/bin/../lib/gcc/arm-none-eabi/10.3.1/../../../../arm-none-eabi/lib/thumb/v7e-m+fp/hard/libc_nano.a(lib_a-nano-svfprintf.o)
 .rodata.__assert_func.str1.1
                0x000000000800887d       0x3c /opt/st/stm32cubeide_1.10.1/plugins/com.st.stm32cube.ide.mcu.externaltools.gnu-tools-for-stm32.10.3-2021.10.linux64_1.0.0.202111181127/tools/bin/../lib/gcc/arm-none-eabi/10.3.1/../../../../arm-none-eabi/lib/thumb/v7e-m+fp/hard/libc_nano.a(lib_a-assert.o)
                                         0x3d (size before relaxing)
 .rodata._vfprintf_r.str1.1
                0x00000000080088b9       0x11 /opt/st/stm32cubeide_1.10.1/plugins/com.st.stm32cube.ide.mcu.externaltools.gnu-tools-for-stm32.10.3-2021.10.linux64_1.0.0.202111181127/tools/bin/../lib/gcc/arm-none-eabi/10.3.1/../../../../arm-none-eabi/lib/thumb/v7e-m+fp/hard/libc_nano.a(lib_a-nano-vfprintf.o)
 *fill*         0x00000000080088b9        0x3 
 .rodata.__sf_fake_stderr
                0x00000000080088bc       0x20 /opt/st/stm32cubeide_1.10.1/plugins/com.st.stm32cube.ide.mcu.externaltools.gnu-tools-for-stm32.10.3-2021.10.linux64_1.0.0.202111181127/tools/bin/../lib/gcc/arm-none-eabi/10.3.1/../../../../arm-none-eabi/lib/thumb/v7e-m+fp/hard/libc_nano.a(lib_a-findfp.o)
                0x00000000080088bc                __sf_fake_stderr
 .rodata.__sf_fake_stdin
                0x00000000080088dc       0x20 /opt/st/stm32cubeide_1.10.1/plugins/com.st.stm32cube.ide.mcu.externaltools.gnu-tools-for-stm32.10.3-2021.10.linux64_1.0.0.202111181127/tools/bin/../lib/gcc/arm-none-eabi/10.3.1/../../../../arm-none-eabi/lib/thumb/v7e-m+fp/hard/libc_nano.a(lib_a-findfp.o)
                0x00000000080088dc                __sf_fake_stdin
 .rodata.__sf_fake_stdout
                0x00000000080088fc       0x20 /opt/st/stm32cubeide_1.10.1/plugins/com.st.stm32cube.ide.mcu.externaltools.gnu-tools-for-stm32.10.3-2021.10.linux64_1.0.0.202111181127/tools/bin/../lib/gcc/arm-none-eabi/10.3.1/../../../../arm-none-eabi/lib/thumb/v7e-m+fp/hard/libc_nano.a(lib_a-findfp.o)
                0x00000000080088fc                __sf_fake_stdout
                0x000000000800891c                . = ALIGN (0x4)

.rel.dyn        0x000000000800891c        0x0
 .rel.iplt      0x000000000800891c        0x0 /opt/st/stm32cubeide_1.10.1/plugins/com.st.stm32cube.ide.mcu.externaltools.gnu-tools-for-stm32.10.3-2021.10.linux64_1.0.0.202111181127/tools/bin/../lib/gcc/arm-none-eabi/10.3.1/thumb/v7e-m+fp/hard/crtbegin.o

.ARM.extab      0x000000000800891c        0x0
                0x000000000800891c                . = ALIGN (0x4)
 *(.ARM.extab* .gnu.linkonce.armextab.*)
                0x000000000800891c                . = ALIGN (0x4)

.ARM            0x000000000800891c        0x0
                0x000000000800891c                . = ALIGN (0x4)
                0x000000000800891c                __exidx_start = .
 *(.ARM.exidx*)
                0x000000000800891c                __exidx_end = .
                0x000000000800891c                . = ALIGN (0x4)

.preinit_array  0x000000000800891c        0x0
                0x000000000800891c                . = ALIGN (0x4)
                0x000000000800891c                PROVIDE (__preinit_array_start = .)
 *(.preinit_array*)
                0x000000000800891c                PROVIDE (__preinit_array_end = .)
                0x000000000800891c                . = ALIGN (0x4)

.init_array     0x000000000800891c        0x4
                0x000000000800891c                . = ALIGN (0x4)
                0x000000000800891c                PROVIDE (__init_array_start = .)
 *(SORT_BY_NAME(.init_array.*))
 *(.init_array*)
 .init_array    0x000000000800891c        0x4 /opt/st/stm32cubeide_1.10.1/plugins/com.st.stm32cube.ide.mcu.externaltools.gnu-tools-for-stm32.10.3-2021.10.linux64_1.0.0.202111181127/tools/bin/../lib/gcc/arm-none-eabi/10.3.1/thumb/v7e-m+fp/hard/crtbegin.o
                0x0000000008008920                PROVIDE (__init_array_end = .)
                0x0000000008008920                . = ALIGN (0x4)

.fini_array     0x0000000008008920        0x4
                0x0000000008008920                . = ALIGN (0x4)
                [!provide]                        PROVIDE (__fini_array_start = .)
 *(SORT_BY_NAME(.fini_array.*))
 *(.fini_array*)
 .fini_array    0x0000000008008920        0x4 /opt/st/stm32cubeide_1.10.1/plugins/com.st.stm32cube.ide.mcu.externaltools.gnu-tools-for-stm32.10.3-2021.10.linux64_1.0.0.202111181127/tools/bin/../lib/gcc/arm-none-eabi/10.3.1/thumb/v7e-m+fp/hard/crtbegin.o
                [!provide]                        PROVIDE (__fini_array_end = .)
                0x0000000008008924                . = ALIGN (0x4)
                0x0000000008008924                _sidata = LOADADDR (.data)

.data           0x0000000020000000      0x1d4 load address 0x0000000008008924
                0x0000000020000000                . = ALIGN (0x4)
                0x0000000020000000                _sdata = .
 *(.data)
 *(.data*)
 .data._impure_ptr
                0x0000000020000000        0x4 /opt/st/stm32cubeide_1.10.1/plugins/com.st.stm32cube.ide.mcu.externaltools.gnu-tools-for-stm32.10.3-2021.10.linux64_1.0.0.202111181127/tools/bin/../lib/gcc/arm-none-eabi/10.3.1/../../../../arm-none-eabi/lib/thumb/v7e-m+fp/hard/libc_nano.a(lib_a-impure.o)
                0x0000000020000000                _impure_ptr
 .data.impure_data
                0x0000000020000004       0x60 /opt/st/stm32cubeide_1.10.1/plugins/com.st.stm32cube.ide.mcu.externaltools.gnu-tools-for-stm32.10.3-2021.10.linux64_1.0.0.202111181127/tools/bin/../lib/gcc/arm-none-eabi/10.3.1/../../../../arm-none-eabi/lib/thumb/v7e-m+fp/hard/libc_nano.a(lib_a-impure.o)
 .data.numempty
                0x0000000020000064        0x2 /opt/st/stm32cubeide_1.10.1/plugins/com.st.stm32cube.ide.mcu.externaltools.gnu-tools-for-stm32.10.3-2021.10.linux64_1.0.0.202111181127/tools/bin/../lib/gcc/arm-none-eabi/10.3.1/../../../../arm-none-eabi/lib/thumb/v7e-m+fp/hard/libc_nano.a(lib_a-lnumeric.o)
 *fill*         0x0000000020000066        0x2 
 .data.__global_locale
                0x0000000020000068      0x16c /opt/st/stm32cubeide_1.10.1/plugins/com.st.stm32cube.ide.mcu.externaltools.gnu-tools-for-stm32.10.3-2021.10.linux64_1.0.0.202111181127/tools/bin/../lib/gcc/arm-none-eabi/10.3.1/../../../../arm-none-eabi/lib/thumb/v7e-m+fp/hard/libc_nano.a(lib_a-locale.o)
                0x0000000020000068                __global_locale
 *(.RamFunc)
 *(.RamFunc*)
                0x00000000200001d4                . = ALIGN (0x4)
                0x00000000200001d4                _edata = .

.igot.plt       0x00000000200001d4        0x0 load address 0x0000000008008af8
 .igot.plt      0x00000000200001d4        0x0 /opt/st/stm32cubeide_1.10.1/plugins/com.st.stm32cube.ide.mcu.externaltools.gnu-tools-for-stm32.10.3-2021.10.linux64_1.0.0.202111181127/tools/bin/../lib/gcc/arm-none-eabi/10.3.1/thumb/v7e-m+fp/hard/crtbegin.o
                0x00000000200001d4                . = ALIGN (0x4)

.bss            0x00000000200001d4      0x110 load address 0x0000000008008af8
                0x00000000200001d4                _sbss = .
                0x00000000200001d4                __bss_start__ = _sbss
 *(.bss)
 .bss           0x00000000200001d4       0x1c /opt/st/stm32cubeide_1.10.1/plugins/com.st.stm32cube.ide.mcu.externaltools.gnu-tools-for-stm32.10.3-2021.10.linux64_1.0.0.202111181127/tools/bin/../lib/gcc/arm-none-eabi/10.3.1/thumb/v7e-m+fp/hard/crtbegin.o
 *(.bss*)
 .bss.stateLed  0x00000000200001f0        0xc ./Src/main.o
                0x00000000200001f0                stateLed
 .bss.GPIO_Enb_R
                0x00000000200001fc        0xc ./Src/main.o
                0x00000000200001fc                GPIO_Enb_R
 .bss.GPIO_Dir_R
                0x0000000020000208        0xc ./Src/main.o
                0x0000000020000208                GPIO_Dir_R
 .bss.GPIO_PWM_R
                0x0000000020000214        0xc ./Src/main.o
                0x0000000020000214                GPIO_PWM_R
 .bss.GPIO_Enb_L
                0x0000000020000220        0xc ./Src/main.o
                0x0000000020000220                GPIO_Enb_L
 .bss.GPIO_Dir_L
                0x000000002000022c        0xc ./Src/main.o
                0x000000002000022c                GPIO_Dir_L
 .bss.GPIO_PWM_L
                0x0000000020000238        0xc ./Src/main.o
                0x0000000020000238                GPIO_PWM_L
 .bss.GPIO_Exti_R
                0x0000000020000244        0xc ./Src/main.o
                0x0000000020000244                GPIO_Exti_R
 .bss.GPIO_Exti_L
                0x0000000020000250        0xc ./Src/main.o
                0x0000000020000250                GPIO_Exti_L
 .bss.Tim_Blinky
                0x000000002000025c       0x14 ./Src/main.o
                0x000000002000025c                Tim_Blinky
 .bss.PWM_R     0x0000000020000270       0x14 ./Src/main.o
                0x0000000020000270                PWM_R
 .bss.PWM_L     0x0000000020000284       0x14 ./Src/main.o
                0x0000000020000284                PWM_L
 .bss.Exti_R    0x0000000020000298        0x8 ./Src/main.o
                0x0000000020000298                Exti_R
 .bss.Exti_L    0x00000000200002a0        0x8 ./Src/main.o
                0x00000000200002a0                Exti_L
 .bss.pllHandler
                0x00000000200002a8        0x8 ./Src/main.o
                0x00000000200002a8                pllHandler
 .bss.SystickHandler
                0x00000000200002b0        0xc ./Src/main.o
                0x00000000200002b0                SystickHandler
 .bss.counter_R
                0x00000000200002bc        0x2 ./Src/main.o
                0x00000000200002bc                counter_R
 .bss.counter_L
                0x00000000200002be        0x2 ./Src/main.o
                0x00000000200002be                counter_L
 .bss.__sbrk_heap_end
                0x00000000200002c0        0x4 ./Src/sysmem.o
 .bss.actual_Frequency
                0x00000000200002c4        0x1 /home/sebas/Repositories/GitHub/sgaviriav_Robotica/PeripheralsDrivers/Debug/libPeripheralsDrivers.a(pll_driver_hal.o)
                0x00000000200002c4                actual_Frequency
 *fill*         0x00000000200002c5        0x3 
 .bss.countTicks
                0x00000000200002c8        0x4 /home/sebas/Repositories/GitHub/sgaviriav_Robotica/PeripheralsDrivers/Debug/libPeripheralsDrivers.a(systick_driver_hal.o)
 .bss.startTick