/home/sebas/STM32Cube/Robotics/workspace_fundamentos_robotica/Software_Toolchain/STM32Cube_FW_F4_V1.27.0/Drivers/CMSIS/Include/core_cm4.h:1688:22:__NVIC_EnableIRQ	16	static
/home/sebas/STM32Cube/Robotics/workspace_fundamentos_robotica/Software_Toolchain/STM32Cube_FW_F4_V1.27.0/Drivers/CMSIS/Include/core_cm4.h:1724:22:__NVIC_DisableIRQ	16	static,ignoring_inline_asm
/home/sebas/STM32Cube/Robotics/workspace_fundamentos_robotica/Software_Toolchain/STM32Cube_FW_F4_V1.27.0/Drivers/CMSIS/Include/core_cm4.h:1816:22:__NVIC_SetPriority	16	static
../Src/adc_driver_hal.c:36:6:adc_ConfigSingleChannel	16	static,ignoring_inline_asm
../Src/adc_driver_hal.c:93:6:adc_ConfigMultiChannel	24	static,ignoring_inline_asm
../Src/adc_driver_hal.c:164:13:adc_enable_clock_peripheral	4	static
../Src/adc_driver_hal.c:172:13:adc_set_resolution	16	static
../Src/adc_driver_hal.c:209:13:adc_set_alignment	16	static
../Src/adc_driver_hal.c:234:13:adc_set_sampling_and_hold	16	static,ignoring_inline_asm
../Src/adc_driver_hal.c:968:13:adc_set_one_channel_sequence	16	static
../Src/adc_driver_hal.c:993:13:adc_set_sequence	24	static
../Src/adc_driver_hal.c:1040:6:adc_ExternalTrigger	16	static,ignoring_inline_asm
../Src/adc_driver_hal.c:1151:13:adc_config_interrupt	16	static,ignoring_inline_asm
../Src/adc_driver_hal.c:1190:6:adc_Config_Int_Priority	16	static,ignoring_inline_asm
../Src/adc_driver_hal.c:1208:6:adc_peripheralOnOFF	16	static
../Src/adc_driver_hal.c:1226:6:adc_ScanMode	16	static
../Src/adc_driver_hal.c:1242:6:adc_StartSingleConv	4	static
../Src/adc_driver_hal.c:1260:6:adc_StartContinuousConv	4	static
../Src/adc_driver_hal.c:1272:6:adc_StopContinuousConv	4	static
../Src/adc_driver_hal.c:1284:10:adc_GetValue	4	static
../Src/adc_driver_hal.c:1291:6:ADC_IRQHandler	8	static
../Src/adc_driver_hal.c:1312:28:adc_CompleteCallback	4	static,ignoring_inline_asm
../Src/adc_driver_hal.c:1319:6:adc_ConfigAnalogPin	16	static,ignoring_inline_asm
