/home/aristizabal/STM32CubeIDE/Robotics/RTOS_workspace/Software_Toolchain/STM32Cube_FW_F4_V1.27.0/Drivers/CMSIS/Include/core_cm4.h:1688:22:__NVIC_EnableIRQ	16	static
../Src/exti_driver_hal.c:22:6:exti_Config	16	static,ignoring_inline_asm
../Src/exti_driver_hal.c:50:13:exti_enable_clock_peripheral	4	static
../Src/exti_driver_hal.c:60:13:exti_assign_channel	16	static,ignoring_inline_asm
../Src/exti_driver_hal.c:604:13:exti_select_edge	16	static,ignoring_inline_asm
../Src/exti_driver_hal.c:955:13:exti_config_interrupt	16	static
../Src/exti_driver_hal.c:1111:29:callback_ExtInt0	4	static,ignoring_inline_asm
../Src/exti_driver_hal.c:1115:29:callback_ExtInt1	4	static,ignoring_inline_asm
../Src/exti_driver_hal.c:1119:29:callback_ExtInt2	4	static,ignoring_inline_asm
../Src/exti_driver_hal.c:1123:29:callback_ExtInt3	4	static,ignoring_inline_asm
../Src/exti_driver_hal.c:1127:29:callback_ExtInt4	4	static,ignoring_inline_asm
../Src/exti_driver_hal.c:1131:29:callback_ExtInt5	4	static,ignoring_inline_asm
../Src/exti_driver_hal.c:1135:29:callback_ExtInt6	4	static,ignoring_inline_asm
../Src/exti_driver_hal.c:1139:29:callback_ExtInt7	4	static,ignoring_inline_asm
../Src/exti_driver_hal.c:1143:29:callback_ExtInt8	4	static,ignoring_inline_asm
../Src/exti_driver_hal.c:1147:29:callback_ExtInt9	4	static,ignoring_inline_asm
../Src/exti_driver_hal.c:1151:29:callback_ExtInt10	4	static,ignoring_inline_asm
../Src/exti_driver_hal.c:1155:29:callback_ExtInt11	4	static,ignoring_inline_asm
../Src/exti_driver_hal.c:1159:29:callback_ExtInt12	4	static,ignoring_inline_asm
../Src/exti_driver_hal.c:1163:29:callback_ExtInt13	4	static,ignoring_inline_asm
../Src/exti_driver_hal.c:1167:29:callback_ExtInt14	4	static,ignoring_inline_asm
../Src/exti_driver_hal.c:1171:29:callback_ExtInt15	4	static,ignoring_inline_asm
../Src/exti_driver_hal.c:1182:6:EXTI0_IRQHandler	8	static
../Src/exti_driver_hal.c:1193:6:EXTI1_IRQHandler	8	static
../Src/exti_driver_hal.c:1205:6:EXTI2_IRQHandler	8	static
../Src/exti_driver_hal.c:1217:6:EXTI3_IRQHandler	8	static
../Src/exti_driver_hal.c:1229:6:EXTI4_IRQHandler	8	static
../Src/exti_driver_hal.c:1250:6:EXTI9_5_IRQHandler	8	static,ignoring_inline_asm
../Src/exti_driver_hal.c:1291:6:EXTI15_10_IRQHandler	8	static,ignoring_inline_asm
