/home/aristizabal/STM32CubeIDE/Robotics/RTOS_workspace/Software_Toolchain/STM32Cube_FW_F4_V1.27.0/Drivers/CMSIS/Include/core_cm4.h:1688:22:__NVIC_EnableIRQ	16	static
../Src/exti_driver_hal.c:22:6:exti_Config	16	static,ignoring_inline_asm
../Src/exti_driver_hal.c:50:13:exti_enable_clock_peripheral	4	static
../Src/exti_driver_hal.c:60:13:exti_assign_channel	16	static,ignoring_inline_asm
../Src/exti_driver_hal.c:604:13:exti_select_edge	16	static,ignoring_inline_asm
../Src/exti_driver_hal.c:955:13:exti_config_interrupt	16	static
../Src/exti_driver_hal.c:1110:6:exti_config_Int_Priority	16	static
../Src/exti_driver_hal.c:1117:29:callback_ExtInt0	4	static,ignoring_inline_asm
../Src/exti_driver_hal.c:1121:29:callback_ExtInt1	4	static,ignoring_inline_asm
../Src/exti_driver_hal.c:1125:29:callback_ExtInt2	4	static,ignoring_inline_asm
../Src/exti_driver_hal.c:1129:29:callback_ExtInt3	4	static,ignoring_inline_asm
../Src/exti_driver_hal.c:1133:29:callback_ExtInt4	4	static,ignoring_inline_asm
../Src/exti_driver_hal.c:1137:29:callback_ExtInt5	4	static,ignoring_inline_asm
../Src/exti_driver_hal.c:1141:29:callback_ExtInt6	4	static,ignoring_inline_asm
../Src/exti_driver_hal.c:1145:29:callback_ExtInt7	4	static,ignoring_inline_asm
../Src/exti_driver_hal.c:1149:29:callback_ExtInt8	4	static,ignoring_inline_asm
../Src/exti_driver_hal.c:1153:29:callback_ExtInt9	4	static,ignoring_inline_asm
../Src/exti_driver_hal.c:1157:29:callback_ExtInt10	4	static,ignoring_inline_asm
../Src/exti_driver_hal.c:1161:29:callback_ExtInt11	4	static,ignoring_inline_asm
../Src/exti_driver_hal.c:1165:29:callback_ExtInt12	4	static,ignoring_inline_asm
../Src/exti_driver_hal.c:1169:29:callback_ExtInt13	4	static,ignoring_inline_asm
../Src/exti_driver_hal.c:1173:29:callback_ExtInt14	4	static,ignoring_inline_asm
../Src/exti_driver_hal.c:1177:29:callback_ExtInt15	4	static,ignoring_inline_asm
../Src/exti_driver_hal.c:1188:6:EXTI0_IRQHandler	8	static
../Src/exti_driver_hal.c:1199:6:EXTI1_IRQHandler	8	static
../Src/exti_driver_hal.c:1211:6:EXTI2_IRQHandler	8	static
../Src/exti_driver_hal.c:1223:6:EXTI3_IRQHandler	8	static
../Src/exti_driver_hal.c:1235:6:EXTI4_IRQHandler	8	static
../Src/exti_driver_hal.c:1256:6:EXTI9_5_IRQHandler	8	static,ignoring_inline_asm
../Src/exti_driver_hal.c:1297:6:EXTI15_10_IRQHandler	8	static,ignoring_inline_asm
