/home/aristizabal/Documents/Repositories/Robotica_2024_01/Software_Toolchain/STM32Cube_FW_F4_V1.27.0/Drivers/CMSIS/Include/core_cm4.h:1688:22:__NVIC_EnableIRQ	16	static
../Src/exti_driver_hal.c:22:6:exti_Config	16	static,ignoring_inline_asm
../Src/exti_driver_hal.c:50:13:exti_enable_clock_peripheral	4	static
../Src/exti_driver_hal.c:60:13:exti_assign_channel	16	static,ignoring_inline_asm
../Src/exti_driver_hal.c:604:13:exti_select_edge	16	static,ignoring_inline_asm
../Src/exti_driver_hal.c:843:13:exti_config_interrupt	16	static
../Src/exti_driver_hal.c:999:29:callback_ExtInt0	4	static,ignoring_inline_asm
../Src/exti_driver_hal.c:1003:29:callback_ExtInt1	4	static,ignoring_inline_asm
../Src/exti_driver_hal.c:1007:29:callback_ExtInt2	4	static,ignoring_inline_asm
../Src/exti_driver_hal.c:1011:29:callback_ExtInt3	4	static,ignoring_inline_asm
../Src/exti_driver_hal.c:1015:29:callback_ExtInt4	4	static,ignoring_inline_asm
../Src/exti_driver_hal.c:1019:29:callback_ExtInt5	4	static,ignoring_inline_asm
../Src/exti_driver_hal.c:1023:29:callback_ExtInt6	4	static,ignoring_inline_asm
../Src/exti_driver_hal.c:1027:29:callback_ExtInt7	4	static,ignoring_inline_asm
../Src/exti_driver_hal.c:1031:29:callback_ExtInt8	4	static,ignoring_inline_asm
../Src/exti_driver_hal.c:1035:29:callback_ExtInt9	4	static,ignoring_inline_asm
../Src/exti_driver_hal.c:1039:29:callback_ExtInt10	4	static,ignoring_inline_asm
../Src/exti_driver_hal.c:1043:29:callback_ExtInt11	4	static,ignoring_inline_asm
../Src/exti_driver_hal.c:1047:29:callback_ExtInt12	4	static,ignoring_inline_asm
../Src/exti_driver_hal.c:1051:29:callback_ExtInt13	4	static,ignoring_inline_asm
../Src/exti_driver_hal.c:1055:29:callback_ExtInt14	4	static,ignoring_inline_asm
../Src/exti_driver_hal.c:1059:29:callback_ExtInt15	4	static,ignoring_inline_asm
../Src/exti_driver_hal.c:1070:6:EXTI0_IRQHandler	8	static
../Src/exti_driver_hal.c:1081:6:EXTI1_IRQHandler	8	static
../Src/exti_driver_hal.c:1093:6:EXTI2_IRQHandler	8	static
../Src/exti_driver_hal.c:1105:6:EXTI3_IRQHandler	8	static
../Src/exti_driver_hal.c:1117:6:EXTI4_IRQHandler	8	static
../Src/exti_driver_hal.c:1138:6:EXTI9_5_IRQHandler	8	static,ignoring_inline_asm
../Src/exti_driver_hal.c:1179:6:EXTI15_10_IRQHandler	8	static,ignoring_inline_asm
