/home/sebas/STM32Cube/Robotics/workspace_fundamentos_robotica/CMSIS-repo/Drivers/CMSIS/Include/core_cm4.h:1688:22:__NVIC_EnableIRQ	16	static
/home/sebas/STM32Cube/Robotics/workspace_fundamentos_robotica/CMSIS-repo/Drivers/CMSIS/Include/core_cm4.h:1724:22:__NVIC_DisableIRQ	16	static,ignoring_inline_asm
../Src/timer_driver_hal.c:46:6:timer_Config	16	static,ignoring_inline_asm
../Src/timer_driver_hal.c:81:7:timer_enable_clock_peripheral	16	static,ignoring_inline_asm
../Src/timer_driver_hal.c:130:7:timer_set_prescaler	16	static
../Src/timer_driver_hal.c:144:7:timer_set_mode	16	static
../Src/timer_driver_hal.c:167:7:timer_set_period	16	static
../Src/timer_driver_hal.c:180:7:timer_config_interrupt	16	static,ignoring_inline_asm
../Src/timer_driver_hal.c:251:7:timer_SetState	16	static
../Src/timer_driver_hal.c:271:29:Timer2_Callback	4	static,ignoring_inline_asm
../Src/timer_driver_hal.c:275:29:Timer3_Callback	4	static,ignoring_inline_asm
../Src/timer_driver_hal.c:279:29:Timer4_Callback	4	static,ignoring_inline_asm
../Src/timer_driver_hal.c:283:29:Timer5_Callback	4	static,ignoring_inline_asm
../Src/timer_driver_hal.c:287:29:Timer9_Callback	4	static,ignoring_inline_asm
../Src/timer_driver_hal.c:291:29:Timer10_Callback	4	static,ignoring_inline_asm
../Src/timer_driver_hal.c:295:29:Timer11_Callback	4	static,ignoring_inline_asm
../Src/timer_driver_hal.c:307:6:TIM2_IRQHandler	8	static
../Src/timer_driver_hal.c:315:6:TIM3_IRQHandler	8	static
../Src/timer_driver_hal.c:320:6:TIM4_IRQHandler	8	static
../Src/timer_driver_hal.c:325:6:TIM5_IRQHandler	8	static
../Src/timer_driver_hal.c:330:6:TIM9_IRQHandler	8	static
../Src/timer_driver_hal.c:338:6:TIM10_IRQHandler	8	static
../Src/timer_driver_hal.c:343:6:TIM11_IRQHandler	8	static
