/home/aristizabal/STM32CubeIDE/Robotics/RTOS_workspace/Software_Toolchain/STM32Cube_FW_F4_V1.27.0/Drivers/CMSIS/Include/core_cm4.h:1688:22:__NVIC_EnableIRQ	16	static
/home/aristizabal/STM32CubeIDE/Robotics/RTOS_workspace/Software_Toolchain/STM32Cube_FW_F4_V1.27.0/Drivers/CMSIS/Include/core_cm4.h:1724:22:__NVIC_DisableIRQ	16	static,ignoring_inline_asm
/home/aristizabal/STM32CubeIDE/Robotics/RTOS_workspace/Software_Toolchain/STM32Cube_FW_F4_V1.27.0/Drivers/CMSIS/Include/core_cm4.h:1816:22:__NVIC_SetPriority	16	static
../Src/usart_driver_hal.c:32:6:usart_Config	16	static,ignoring_inline_asm
../Src/usart_driver_hal.c:83:13:usart_enable_clock_peripheral	16	static,ignoring_inline_asm
../Src/usart_driver_hal.c:108:13:usart_config_parity	16	static
../Src/usart_driver_hal.c:139:13:usart_config_datasize	16	static
../Src/usart_driver_hal.c:162:13:usart_config_stopbits	16	static
../Src/usart_driver_hal.c:205:13:usart_config_baudrate	16	static
../Src/usart_driver_hal.c:263:13:usart_config_mode	16	static
../Src/usart_driver_hal.c:306:13:usart_config_interrupt	16	static
../Src/usart_driver_hal.c:355:13:usart_config_Int_Priority	16	static
../Src/usart_driver_hal.c:374:13:usart_enable_peripheral	16	static
../Src/usart_driver_hal.c:389:5:usart_WriteChar	16	static,ignoring_inline_asm
../Src/usart_driver_hal.c:404:6:usart_WriteMsg	16	static,ignoring_inline_asm
../Src/usart_driver_hal.c:420:9:usart1_getRxData	4	static
../Src/usart_driver_hal.c:424:9:usart2_getRxData	4	static
../Src/usart_driver_hal.c:428:9:usart6_getRxData	4	static
../Src/usart_driver_hal.c:433:29:usart1_RxCallback	4	static,ignoring_inline_asm
../Src/usart_driver_hal.c:440:29:usart2_RxCallback	4	static,ignoring_inline_asm
../Src/usart_driver_hal.c:447:29:usart6_RxCallback	4	static,ignoring_inline_asm
../Src/usart_driver_hal.c:458:6:USART1_IRQHandler	8	static,ignoring_inline_asm
../Src/usart_driver_hal.c:480:6:USART2_IRQHandler	8	static,ignoring_inline_asm
../Src/usart_driver_hal.c:502:6:USART6_IRQHandler	8	static,ignoring_inline_asm
