/home/aristizabal/Documents/Repositories/Robotica_2024_01/Software_Toolchain/STM32Cube_FW_F4_V1.27.0/Drivers/CMSIS/Include/core_cm4.h:1688:22:__NVIC_EnableIRQ	16	static
/home/aristizabal/Documents/Repositories/Robotica_2024_01/Software_Toolchain/STM32Cube_FW_F4_V1.27.0/Drivers/CMSIS/Include/core_cm4.h:1724:22:__NVIC_DisableIRQ	16	static,ignoring_inline_asm
/home/aristizabal/Documents/Repositories/Robotica_2024_01/Software_Toolchain/STM32Cube_FW_F4_V1.27.0/Drivers/CMSIS/Include/core_cm4.h:1816:22:__NVIC_SetPriority	16	static
../Src/usart_driver_hal.c:31:6:usart_Config	16	static,ignoring_inline_asm
../Src/usart_driver_hal.c:82:13:usart_enable_clock_peripheral	16	static,ignoring_inline_asm
../Src/usart_driver_hal.c:107:13:usart_config_parity	16	static
../Src/usart_driver_hal.c:138:13:usart_config_datasize	16	static
../Src/usart_driver_hal.c:161:13:usart_config_stopbits	16	static
../Src/usart_driver_hal.c:204:13:usart_config_baudrate	16	static
../Src/usart_driver_hal.c:262:13:usart_config_mode	16	static
../Src/usart_driver_hal.c:305:13:usart_config_interrupt	16	static
../Src/usart_driver_hal.c:351:13:usart_enable_peripheral	16	static
../Src/usart_driver_hal.c:366:5:usart_WriteChar	16	static,ignoring_inline_asm
../Src/usart_driver_hal.c:381:6:usart_WriteMsg	16	static,ignoring_inline_asm
../Src/usart_driver_hal.c:397:9:usart1_getRxData	4	static
../Src/usart_driver_hal.c:401:9:usart2_getRxData	4	static
../Src/usart_driver_hal.c:405:9:usart6_getRxData	4	static
../Src/usart_driver_hal.c:410:29:usart1_RxCallback	4	static,ignoring_inline_asm
../Src/usart_driver_hal.c:417:29:usart2_RxCallback	4	static,ignoring_inline_asm
../Src/usart_driver_hal.c:424:29:usart6_RxCallback	4	static,ignoring_inline_asm
../Src/usart_driver_hal.c:435:6:USART1_IRQHandler	8	static,ignoring_inline_asm
../Src/usart_driver_hal.c:457:6:USART2_IRQHandler	8	static,ignoring_inline_asm
../Src/usart_driver_hal.c:479:6:USART6_IRQHandler	8	static,ignoring_inline_asm
