Archive member included to satisfy reference by file (symbol)

/home/aristizabal/st/stm32cubeide_1.10.1/plugins/com.st.stm32cube.ide.mcu.externaltools.gnu-tools-for-stm32.10.3-2021.10.linux64_1.0.0.202111181127/tools/bin/../lib/gcc/arm-none-eabi/10.3.1/../../../../arm-none-eabi/lib/thumb/v7e-m+fp/hard/libc_nano.a(lib_a-errno.o)
                              ./Src/syscalls.o (__errno)
/home/aristizabal/st/stm32cubeide_1.10.1/plugins/com.st.stm32cube.ide.mcu.externaltools.gnu-tools-for-stm32.10.3-2021.10.linux64_1.0.0.202111181127/tools/bin/../lib/gcc/arm-none-eabi/10.3.1/../../../../arm-none-eabi/lib/thumb/v7e-m+fp/hard/libc_nano.a(lib_a-exit.o)
                              /home/aristizabal/st/stm32cubeide_1.10.1/plugins/com.st.stm32cube.ide.mcu.externaltools.gnu-tools-for-stm32.10.3-2021.10.linux64_1.0.0.202111181127/tools/bin/../lib/gcc/arm-none-eabi/10.3.1/../../../../arm-none-eabi/lib/thumb/v7e-m+fp/hard/crt0.o (exit)
/home/aristizabal/st/stm32cubeide_1.10.1/plugins/com.st.stm32cube.ide.mcu.externaltools.gnu-tools-for-stm32.10.3-2021.10.linux64_1.0.0.202111181127/tools/bin/../lib/gcc/arm-none-eabi/10.3.1/../../../../arm-none-eabi/lib/thumb/v7e-m+fp/hard/libc_nano.a(lib_a-impure.o)
                              /home/aristizabal/st/stm32cubeide_1.10.1/plugins/com.st.stm32cube.ide.mcu.externaltools.gnu-tools-for-stm32.10.3-2021.10.linux64_1.0.0.202111181127/tools/bin/../lib/gcc/arm-none-eabi/10.3.1/../../../../arm-none-eabi/lib/thumb/v7e-m+fp/hard/libc_nano.a(lib_a-exit.o) (_global_impure_ptr)
/home/aristizabal/st/stm32cubeide_1.10.1/plugins/com.st.stm32cube.ide.mcu.externaltools.gnu-tools-for-stm32.10.3-2021.10.linux64_1.0.0.202111181127/tools/bin/../lib/gcc/arm-none-eabi/10.3.1/../../../../arm-none-eabi/lib/thumb/v7e-m+fp/hard/libc_nano.a(lib_a-init.o)
                              /home/aristizabal/st/stm32cubeide_1.10.1/plugins/com.st.stm32cube.ide.mcu.externaltools.gnu-tools-for-stm32.10.3-2021.10.linux64_1.0.0.202111181127/tools/bin/../lib/gcc/arm-none-eabi/10.3.1/../../../../arm-none-eabi/lib/thumb/v7e-m+fp/hard/crt0.o (__libc_init_array)
/home/aristizabal/st/stm32cubeide_1.10.1/plugins/com.st.stm32cube.ide.mcu.externaltools.gnu-tools-for-stm32.10.3-2021.10.linux64_1.0.0.202111181127/tools/bin/../lib/gcc/arm-none-eabi/10.3.1/../../../../arm-none-eabi/lib/thumb/v7e-m+fp/hard/libc_nano.a(lib_a-memcmp.o)
                              ./ThirdParty/SEGGER/OS/SEGGER_SYSVIEW_FreeRTOS.o (memcmp)
/home/aristizabal/st/stm32cubeide_1.10.1/plugins/com.st.stm32cube.ide.mcu.externaltools.gnu-tools-for-stm32.10.3-2021.10.linux64_1.0.0.202111181127/tools/bin/../lib/gcc/arm-none-eabi/10.3.1/../../../../arm-none-eabi/lib/thumb/v7e-m+fp/hard/libc_nano.a(lib_a-memcpy-stub.o)
                              ./ThirdParty/FreeRTOS/queue.o (memcpy)
/home/aristizabal/st/stm32cubeide_1.10.1/plugins/com.st.stm32cube.ide.mcu.externaltools.gnu-tools-for-stm32.10.3-2021.10.linux64_1.0.0.202111181127/tools/bin/../lib/gcc/arm-none-eabi/10.3.1/../../../../arm-none-eabi/lib/thumb/v7e-m+fp/hard/libc_nano.a(lib_a-memset.o)
                              /home/aristizabal/st/stm32cubeide_1.10.1/plugins/com.st.stm32cube.ide.mcu.externaltools.gnu-tools-for-stm32.10.3-2021.10.linux64_1.0.0.202111181127/tools/bin/../lib/gcc/arm-none-eabi/10.3.1/../../../../arm-none-eabi/lib/thumb/v7e-m+fp/hard/crt0.o (memset)
/home/aristizabal/st/stm32cubeide_1.10.1/plugins/com.st.stm32cube.ide.mcu.externaltools.gnu-tools-for-stm32.10.3-2021.10.linux64_1.0.0.202111181127/tools/bin/../lib/gcc/arm-none-eabi/10.3.1/../../../../arm-none-eabi/lib/thumb/v7e-m+fp/hard/libc_nano.a(lib_a-sprintf.o)
                              ./Src/main.o (sprintf)
/home/aristizabal/st/stm32cubeide_1.10.1/plugins/com.st.stm32cube.ide.mcu.externaltools.gnu-tools-for-stm32.10.3-2021.10.linux64_1.0.0.202111181127/tools/bin/../lib/gcc/arm-none-eabi/10.3.1/../../../../arm-none-eabi/lib/thumb/v7e-m+fp/hard/libc_nano.a(lib_a-strlen.o)
                              ./ThirdParty/SEGGER/SEGGER/SEGGER_RTT.o (strlen)
/home/aristizabal/st/stm32cubeide_1.10.1/plugins/com.st.stm32cube.ide.mcu.externaltools.gnu-tools-for-stm32.10.3-2021.10.linux64_1.0.0.202111181127/tools/bin/../lib/gcc/arm-none-eabi/10.3.1/../../../../arm-none-eabi/lib/thumb/v7e-m+fp/hard/libc_nano.a(lib_a-nano-svfprintf.o)
                              /home/aristizabal/st/stm32cubeide_1.10.1/plugins/com.st.stm32cube.ide.mcu.externaltools.gnu-tools-for-stm32.10.3-2021.10.linux64_1.0.0.202111181127/tools/bin/../lib/gcc/arm-none-eabi/10.3.1/../../../../arm-none-eabi/lib/thumb/v7e-m+fp/hard/libc_nano.a(lib_a-sprintf.o) (_svfprintf_r)
/home/aristizabal/st/stm32cubeide_1.10.1/plugins/com.st.stm32cube.ide.mcu.externaltools.gnu-tools-for-stm32.10.3-2021.10.linux64_1.0.0.202111181127/tools/bin/../lib/gcc/arm-none-eabi/10.3.1/../../../../arm-none-eabi/lib/thumb/v7e-m+fp/hard/libc_nano.a(lib_a-nano-vfprintf_i.o)
[...]
Memory Configuration

Name             Origin             Length             Attributes
RAM              0x0000000020000000 0x0000000000020000 xrw
FLASH            0x0000000008000000 0x0000000000080000 xr
*default*        0x0000000000000000 0xffffffffffffffff

Linker script and memory map

LOAD /home/aristizabal/st/stm32cubeide_1.10.1/plugins/com.st.stm32cube.ide.mcu.externaltools.gnu-tools-for-stm32.10.3-2021.10.linux64_1.0.0.202111181127/tools/bin/../lib/gcc/arm-none-eabi/10.3.1/thumb/v7e-m+fp/hard/crti.o
LOAD /home/aristizabal/st/stm32cubeide_1.10.1/plugins/com.st.stm32cube.ide.mcu.externaltools.gnu-tools-for-stm32.10.3-2021.10.linux64_1.0.0.202111181127/tools/bin/../lib/gcc/arm-none-eabi/10.3.1/thumb/v7e-m+fp/hard/crtbegin.o
LOAD /home/aristizabal/st/stm32cubeide_1.10.1/plugins/com.st.stm32cube.ide.mcu.externaltools.gnu-tools-for-stm32.10.3-2021.10.linux64_1.0.0.202111181127/tools/bin/../lib/gcc/arm-none-eabi/10.3.1/../../../../arm-none-eabi/lib/thumb/v7e-m+fp/hard/crt0.o
LOAD ./Src/main.o
LOAD ./Src/syscalls.o
LOAD ./Startup/startup_stm32f411retx.o
LOAD ./ThirdParty/FreeRTOS/croutine.o
LOAD ./ThirdParty/FreeRTOS/event_groups.o
LOAD ./ThirdParty/FreeRTOS/list.o
LOAD ./ThirdParty/FreeRTOS/queue.o
LOAD ./ThirdParty/FreeRTOS/stream_buffer.o
LOAD ./ThirdParty/FreeRTOS/tasks.o
LOAD ./ThirdParty/FreeRTOS/timers.o
LOAD ./ThirdParty/FreeRTOS/portable/GCC/ARM_CM4F/port.o
LOAD ./ThirdParty/FreeRTOS/portable/MemMang/heap_4.o
LOAD ./ThirdParty/SEGGER/Config/SEGGER_SYSVIEW_Config_FreeRTOS.o
LOAD ./ThirdParty/SEGGER/OS/SEGGER_SYSVIEW_FreeRTOS.o
LOAD ./ThirdParty/SEGGER/Rec/segger_uart.o
LOAD ./ThirdParty/SEGGER/SEGGER/SEGGER_RTT.o
LOAD ./ThirdParty/SEGGER/SEGGER/SEGGER_RTT_ASM_ARMv7M.o
LOAD ./ThirdParty/SEGGER/SEGGER/SEGGER_RTT_printf.o
LOAD ./ThirdParty/SEGGER/SEGGER/SEGGER_SYSVIEW.o
LOAD ./ThirdParty/SEGGER/SEGGER/Syscalls/SEGGER_RTT_Syscalls_GCC.o
START GROUP
LOAD /home/aristizabal/st/stm32cubeide_1.10.1/plugins/com.st.stm32cube.ide.mcu.externaltools.gnu-tools-for-stm32.10.3-2021.10.linux64_1.0.0.202111181127/tools/bin/../lib/gcc/arm-none-eabi/10.3.1/../../../../arm-none-eabi/lib/thumb/v7e-m+fp/hard/libc_nano.a
LOAD /home/aristizabal/st/stm32cubeide_1.10.1/plugins/com.st.stm32cube.ide.mcu.externaltools.gnu-tools-for-stm32.10.3-2021.10.linux64_1.0.0.202111181127/tools/bin/../lib/gcc/arm-none-eabi/10.3.1/../../../../arm-none-eabi/lib/thumb/v7e-m+fp/hard/libm.a
END GROUP
START GROUP
LOAD /home/aristizabal/st/stm32cubeide_1.10.1/plugins/com.st.stm32cube.ide.mcu.externaltools.gnu-tools-for-stm32.10.3-2021.10.linux64_1.0.0.202111181127/tools/bin/../lib/gcc/arm-none-eabi/10.3.1/thumb/v7e-m+fp/hard/libgcc.a
LOAD /home/aristizabal/st/stm32cubeide_1.10.1/plugins/com.st.stm32cube.ide.mcu.externaltools.gnu-tools-for-stm32.10.3-2021.10.linux64_1.0.0.202111181127/tools/bin/../lib/gcc/arm-none-eabi/10.3.1/../../../../arm-none-eabi/lib/thumb/v7e-m+fp/hard/libc_nano.a
END GROUP
START GROUP
LOAD /home/aristizabal/st/stm32cubeide_1.10.1/plugins/com.st.stm32cube.ide.mcu.externaltools.gnu-tools-for-stm32.10.3-2021.10.linux64_1.0.0.202111181127/tools/bin/../lib/gcc/arm-none-eabi/10.3.1/thumb/v7e-m+fp/hard/libgcc.a
LOAD /home/aristizabal/st/stm32cubeide_1.10.1/plugins/com.st.stm32cube.ide.mcu.externaltools.gnu-tools-for-stm32.10.3-2021.10.linux64_1.0.0.202111181127/tools/bin/../lib/gcc/arm-none-eabi/10.3.1/../../../../arm-none-eabi/lib/thumb/v7e-m+fp/hard/libc_nano.a
LOAD /home/aristizabal/st/stm32cubeide_1.10.1/plugins/com.st.stm32cube.ide.mcu.externaltools.gnu-tools-for-stm32.10.3-2021.10.linux64_1.0.0.202111181127/tools/bin/../lib/gcc/arm-none-eabi/10.3.1/../../../../arm-none-eabi/lib/thumb/v7e-m+fp/hard/libnosys.a
END GROUP
START GROUP
LOAD /home/aristizabal/st/stm32cubeide_1.10.1/plugins/com.st.stm32cube.ide.mcu.externaltools.gnu-tools-for-stm32.10.3-2021.10.linux64_1.0.0.202111181127/tools/bin/../lib/gcc/arm-none-eabi/10.3.1/thumb/v7e-m+fp/hard/libgcc.a
LOAD /home/aristizabal/st/stm32cubeide_1.10.1/plugins/com.st.stm32cube.ide.mcu.externaltools.gnu-tools-for-stm32.10.3-2021.10.linux64_1.0.0.202111181127/tools/bin/../lib/gcc/arm-none-eabi/10.3.1/../../../../arm-none-eabi/lib/thumb/v7e-m+fp/hard/libc_nano.a
LOAD /home/aristizabal/st/stm32cubeide_1.10.1/plugins/com.st.stm32cube.ide.mcu.externaltools.gnu-tools-for-stm32.10.3-2021.10.linux64_1.0.0.202111181127/tools/bin/../lib/gcc/arm-none-eabi/10.3.1/../../../../arm-none-eabi/lib/thumb/v7e-m+fp/hard/libnosys.a
END GROUP
LOAD /home/aristizabal/st/stm32cubeide_1.10.1/plugins/com.st.stm32cube.ide.mcu.externaltools.gnu-tools-for-stm32.10.3-2021.10.linux64_1.0.0.202111181127/tools/bin/../lib/gcc/arm-none-eabi/10.3.1/thumb/v7e-m+fp/hard/crtend.o
LOAD /home/aristizabal/st/stm32cubeide_1.10.1/plugins/com.st.stm32cube.ide.mcu.externaltools.gnu-tools-for-stm32.10.3-2021.10.linux64_1.0.0.202111181127/tools/bin/../lib/gcc/arm-none-eabi/10.3.1/thumb/v7e-m+fp/hard/crtn.o
                0x0000000020020000                _estack = (ORIGIN (RAM) + LENGTH (RAM))
                0x0000000000000200                _Min_Heap_Size = 0x200
                0x0000000000000400                _Min_Stack_Size = 0x400

.isr_vector     0x0000000008000000      0x198
                0x0000000008000000                . = ALIGN (0x4)
 *(.isr_vector)
 .isr_vector    0x0000000008000000      0x198 ./Startup/startup_stm32f411retx.o
                0x0000000008000000                g_pfnVectors
                0x0000000008000198                . = ALIGN (0x4)

.text           0x00000000080001a0     0x5714
                0x00000000080001a0                . = ALIGN (0x4)
 *(.text)
 .text          0x00000000080001a0       0x40 /home/aristizabal/st/stm32cubeide_1.10.1/plugins/com.st.stm32cube.ide.mcu.externaltools.gnu-tools-for-stm32.10.3-2021.10.linux64_1.0.0.202111181127/tools/bin/../lib/gcc/arm-none-eabi/10.3.1/thumb/v7e-m+fp/hard/crtbegin.o
 .text          0x00000000080001e0       0x94 ./ThirdParty/SEGGER/SEGGER/SEGGER_RTT_ASM_ARMv7M.o
                0x00000000080001e0                SEGGER_RTT_ASM_WriteSkipNoLock
 *fill*         0x0000000008000274        0xc 
 .text          0x0000000008000280       0xa0 /home/aristizabal/st/stm32cubeide_1.10.1/plugins/com.st.stm32cube.ide.mcu.externaltools.gnu-tools-for-stm32.10.3-2021.10.linux64_1.0.0.202111181127/tools/bin/../lib/gcc/arm-none-eabi/10.3.1/../../../../arm-none-eabi/lib/thumb/v7e-m+fp/hard/libc_nano.a(lib_a-memchr.o)
                0x0000000008000280                memchr
 *(.text*)
 .text.main     0x0000000008000320       0x9c ./Src/main.o
                0x0000000008000320                main
 .text.vTaskOne
                0x00000000080003bc       0x38 ./Src/main.o
                0x00000000080003bc                vTaskOne
 .text.vTaskTwo
                0x00000000080003f4       0x38 ./Src/main.o
                0x00000000080003f4                vTaskTwo
 .text.Reset_Handler
                0x000000000800042c       0x50 ./Startup/startup_stm32f411retx.o
                0x000000000800042c                Reset_Handler
 .text.Default_Handler
                0x000000000800047c        0x2 ./Startup/startup_stm32f411retx.o
                0x000000000800047c                RTC_Alarm_IRQHandler
                0x000000000800047c                EXTI2_IRQHandler
                0x000000000800047c                DebugMon_Handler
                0x000000000800047c                SPI4_IRQHandler
                0x000000000800047c                TIM1_CC_IRQHandler
                0x000000000800047c                DMA2_Stream5_IRQHandler
                0x000000000800047c                HardFault_Handler
                0x000000000800047c                DMA1_Stream5_IRQHandler
                0x000000000800047c                PVD_IRQHandler
                0x000000000800047c                SDIO_IRQHandler
                0x000000000800047c                TAMP_STAMP_IRQHandler
                0x000000000800047c                NMI_Handler
                0x000000000800047c                EXTI3_IRQHandler
                0x000000000800047c                TIM1_UP_TIM10_IRQHandler
                0x000000000800047c                I2C3_ER_IRQHandler
                0x000000000800047c                EXTI0_IRQHandler
                0x000000000800047c                I2C2_EV_IRQHandler
                0x000000000800047c                DMA1_Stream2_IRQHandler
                0x000000000800047c                FPU_IRQHandler
                0x000000000800047c                UsageFault_Handler
                0x000000000800047c                DMA2_Stream2_IRQHandler
                0x000000000800047c                SPI1_IRQHandler
                0x000000000800047c                TIM1_BRK_TIM9_IRQHandler
                0x000000000800047c                DMA2_Stream3_IRQHandler
                0x000000000800047c                USART6_IRQHandler
                0x000000000800047c                DMA2_Stream0_IRQHandler
                0x000000000800047c                TIM4_IRQHandler
                0x000000000800047c                I2C1_EV_IRQHandler
                0x000000000800047c                DMA1_Stream6_IRQHandler
                0x000000000800047c                DMA1_Stream1_IRQHandler
                0x000000000800047c                TIM3_IRQHandler
                0x000000000800047c                RCC_IRQHandler
                0x000000000800047c                Default_Handler
                0x000000000800047c                EXTI15_10_IRQHandler
                0x000000000800047c                ADC_IRQHandler
                0x000000000800047c                DMA1_Stream7_IRQHandler
                0x000000000800047c                SPI5_IRQHandler
                0x000000000800047c                TIM5_IRQHandler
                0x000000000800047c                DMA2_Stream7_IRQHandler
                0x000000000800047c                I2C3_EV_IRQHandler
                0x000000000800047c                EXTI9_5_IRQHandler
                0x000000000800047c                RTC_WKUP_IRQHandler
                0x000000000800047c                SPI2_IRQHandler
                0x000000000800047c                MemManage_Handler
                0x000000000800047c                DMA1_Stream0_IRQHandler
                0x000000000800047c                EXTI4_IRQHandler
                0x000000000800047c                WWDG_IRQHandler
                0x000000000800047c                TIM2_IRQHandler
                0x000000000800047c                OTG_FS_WKUP_IRQHandler
                0x000000000800047c                TIM1_TRG_COM_TIM11_IRQHandler
                0x000000000800047c                EXTI1_IRQHandler
                0x000000000800047c                I2C2_ER_IRQHandler
                0x000000000800047c                DMA2_Stream1_IRQHandler
                0x000000000800047c                FLASH_IRQHandler
                0x000000000800047c                DMA2_Stream4_IRQHandler
                0x000000000800047c                BusFault_Handler
                0x000000000800047c                USART1_IRQHandler
                0x000000000800047c                OTG_FS_IRQHandler
                0x000000000800047c                SPI3_IRQHandler
                0x000000000800047c                DMA1_Stream4_IRQHandler
                0x000000000800047c                I2C1_ER_IRQHandler
                0x000000000800047c                DMA2_Stream6_IRQHandler
                0x000000000800047c                DMA1_Stream3_IRQHandler
 .text.vListInitialise
                0x000000000800047e       0x40 ./ThirdParty/FreeRTOS/list.o
                0x000000000800047e                vListInitialise
 .text.vListInitialiseItem
                0x00000000080004be       0x1a ./ThirdParty/FreeRTOS/list.o
                0x00000000080004be                vListInitialiseItem
 .text.vListInsertEnd
                0x00000000080004d8       0x48 ./ThirdParty/FreeRTOS/list.o
                0x00000000080004d8                vListInsertEnd
 .text.vListInsert
                0x0000000008000520       0x72 ./ThirdParty/FreeRTOS/list.o
                0x0000000008000520                vListInsert
 .text.uxListRemove
                0x0000000008000592       0x54 ./ThirdParty/FreeRTOS/list.o
                0x0000000008000592                uxListRemove
 *fill*         0x00000000080005e6        0x2 
 .text.xQueueGenericReset
                0x00000000080005e8       0xd0 ./ThirdParty/FreeRTOS/queue.o
                0x00000000080005e8                xQueueGenericReset
 .text.xQueueGenericCreate
                0x00000000080006b8       0xbe ./ThirdParty/FreeRTOS/queue.o
                0x00000000080006b8                xQueueGenericCreate
 .text.prvInitialiseNewQueue
                0x0000000008000776       0x52 ./ThirdParty/FreeRTOS/queue.o
 .text.xQueueGenericSend
                0x00000000080007c8      0x24c ./ThirdParty/FreeRTOS/queue.o
                0x00000000080007c8                xQueueGenericSend
 .text.xQueueGenericSendFromISR
                0x0000000008000a14      0x17c ./ThirdParty/FreeRTOS/queue.o
                0x0000000008000a14                xQueueGenericSendFromISR
 .text.xQueueReceive
                0x0000000008000b90      0x220 ./ThirdParty/FreeRTOS/queue.o
                0x0000000008000b90                xQueueReceive
 .text.prvCopyDataToQueue
                0x0000000008000db0       0xd4 ./ThirdParty/FreeRTOS/queue.o
 .text.prvCopyDataFromQueue
                0x0000000008000e84       0x4c ./ThirdParty/FreeRTOS/queue.o
 .text.prvUnlockQueue
                0x0000000008000ed0       0xa4 ./ThirdParty/FreeRTOS/queue.o
 .text.prvIsQueueEmpty
                0x0000000008000f74       0x2c ./ThirdParty/FreeRTOS/queue.o
 .text.prvIsQueueFull
                0x0000000008000fa0       0x30 ./ThirdParty/FreeRTOS/queue.o
 .text.vQueueAddToRegistry
                0x0000000008000fd0       0x64 ./ThirdParty/FreeRTOS/queue.o
                0x0000000008000fd0                vQueueAddToRegistry
 .text.vQueueWaitForMessageRestricted
                0x0000000008001034       0x68 ./ThirdParty/FreeRTOS/queue.o
                0x0000000008001034                vQueueWaitForMessageRestricted
 .text.xTaskCreate
                0x000000000800109c       0x82 ./ThirdParty/FreeRTOS/tasks.o
                0x000000000800109c                xTaskCreate
 .text.prvInitialiseNewTask
                0x000000000800111e      0x12c ./ThirdParty/FreeRTOS/tasks.o
 *fill*         0x000000000800124a        0x2 
 .text.prvAddNewTaskToReadyList
                0x000000000800124c      0x118 ./ThirdParty/FreeRTOS/tasks.o
 .text.vTaskStartScheduler
                0x0000000008001364       0xc4 ./ThirdParty/FreeRTOS/tasks.o
                0x0000000008001364                vTaskStartScheduler
 .text.vTaskSuspendAll
                0x0000000008001428       0x1c ./ThirdParty/FreeRTOS/tasks.o
                0x0000000008001428                vTaskSuspendAll
 .text.xTaskResumeAll
                0x0000000008001444      0x140 ./ThirdParty/FreeRTOS/tasks.o
                0x0000000008001444                xTaskResumeAll
 .text.xTaskGetTickCount
                0x0000000008001584       0x20 ./ThirdParty/FreeRTOS/tasks.o
                0x0000000008001584                xTaskGetTickCount
 .text.xTaskGetTickCountFromISR
                0x00000000080015a4       0x24 ./ThirdParty/FreeRTOS/tasks.o
                0x00000000080015a4                xTaskGetTickCountFromISR
 .text.xTaskIncrementTick
                0x00000000080015c8      0x178 ./ThirdParty/FreeRTOS/tasks.o
                0x00000000080015c8                xTaskIncrementTick
 .text.vTaskSwitchContext
                0x0000000008001740       0xd4 ./ThirdParty/FreeRTOS/tasks.o
                0x0000000008001740                vTaskSwitchContext
 .text.vTaskPlaceOnEventList
                0x0000000008001814       0x48 ./ThirdParty/FreeRTOS/tasks.o
                0x0000000008001814                vTaskPlaceOnEventList
 .text.vTaskPlaceOnEventListRestricted
                0x000000000800185c       0x5c ./ThirdParty/FreeRTOS/tasks.o
                0x000000000800185c                vTaskPlaceOnEventListRestricted
 .text.xTaskRemoveFromEventList
                0x00000000080018b8       0xcc ./ThirdParty/FreeRTOS/tasks.o
                0x00000000080018b8                xTaskRemoveFromEventList
 .text.vTaskInternalSetTimeOutState
                0x0000000008001984       0x2c ./ThirdParty/FreeRTOS/tasks.o
                0x0000000008001984                vTaskInternalSetTimeOutState
 .text.xTaskCheckForTimeOut
                0x00000000080019b0       0xcc ./ThirdParty/FreeRTOS/tasks.o
                0x00000000080019b0                xTaskCheckForTimeOut
 .text.vTaskMissedYield
                0x0000000008001a7c       0x18 ./ThirdParty/FreeRTOS/tasks.o
                0x0000000008001a7c                vTaskMissedYield
 .text.prvIdleTask
                0x0000000008001a94       0x30 ./ThirdParty/FreeRTOS/tasks.o
 .text.prvInitialiseTaskLists
                0x0000000008001ac4       0x80 ./ThirdParty/FreeRTOS/tasks.o
 .text.prvCheckTasksWaitingTermination
                0x0000000008001b44       0x5c ./ThirdParty/FreeRTOS/tasks.o
 .text.prvDeleteTCB
                0x0000000008001ba0       0x20 ./ThirdParty/FreeRTOS/tasks.o
 .text.prvResetNextTaskUnblockTime
                0x0000000008001bc0       0x38 ./ThirdParty/FreeRTOS/tasks.o
 .text.xTaskGetSchedulerState
                0x0000000008001bf8       0x3c ./ThirdParty/FreeRTOS/tasks.o
                0x0000000008001bf8                xTaskGetSchedulerState
 .text.xTaskPriorityDisinherit
                0x0000000008001c34      0x100 ./ThirdParty/FreeRTOS/tasks.o
                0x0000000008001c34                xTaskPriorityDisinherit
 .text.prvAddCurrentTaskToDelayedList
                0x0000000008001d34       0xf0 ./ThirdParty/FreeRTOS/tasks.o
 .text.xTimerCreateTimerTask
                0x0000000008001e24       0x64 ./ThirdParty/FreeRTOS/timers.o
                0x0000000008001e24                xTimerCreateTimerTask
 .text.xTimerGenericCommand
                0x0000000008001e88       0x9c ./ThirdParty/FreeRTOS/timers.o
                0x0000000008001e88                xTimerGenericCommand
 .text.prvProcessExpiredTimer
                0x0000000008001f24       0x98 ./ThirdParty/FreeRTOS/timers.o
 .text.prvTimerTask
                0x0000000008001fbc       0x24 ./ThirdParty/FreeRTOS/timers.o
 .text.prvProcessTimerOrBlockTask
                0x0000000008001fe0       0x9c ./ThirdParty/FreeRTOS/timers.o
 .text.prvGetNextExpireTime
                0x000000000800207c       0x48 ./ThirdParty/FreeRTOS/timers.o
 .text.prvSampleTimeNow
                0x00000000080020c4       0x40 ./ThirdParty/FreeRTOS/timers.o
 .text.prvInsertTimerInActiveList
                0x0000000008002104       0x84 ./ThirdParty/FreeRTOS/timers.o
 .text.prvProcessReceivedCommands
                0x0000000008002188      0x18c ./ThirdParty/FreeRTOS/timers.o
 .text.prvSwitchTimerLists
                0x0000000008002314       0xc8 ./ThirdParty/FreeRTOS/timers.o
 .text.prvCheckForValidListAndQueue
                0x00000000080023dc       0x6c ./ThirdParty/FreeRTOS/timers.o
 .text.pxPortInitialiseStack
                0x0000000008002448       0x68 ./ThirdParty/FreeRTOS/portable/GCC/ARM_CM4F/port.o
                0x0000000008002448                pxPortInitialiseStack
 .text.prvTaskExitError
                0x00000000080024b0       0x58 ./ThirdParty/FreeRTOS/portable/GCC/ARM_CM4F/port.o
 *fill*         0x0000000008002508        0x8 
 .text.SVC_Handler
                0x0000000008002510       0x28 ./ThirdParty/FreeRTOS/portable/GCC/ARM_CM4F/port.o
                0x0000000008002510                SVC_Handler
 .text.prvPortStartFirstTask
                0x0000000008002538       0x2c ./ThirdParty/FreeRTOS/portable/GCC/ARM_CM4F/port.o
 .text.xPortStartScheduler
                0x0000000008002564      0x144 ./ThirdParty/FreeRTOS/portable/GCC/ARM_CM4F/port.o
                0x0000000008002564                xPortStartScheduler
 .text.vPortEnterCritical
                0x00000000080026a8       0x60 ./ThirdParty/FreeRTOS/portable/GCC/ARM_CM4F/port.o
                0x00000000080026a8                vPortEnterCritical
 .text.vPortExitCritical
                0x0000000008002708       0x54 ./ThirdParty/FreeRTOS/portable/GCC/ARM_CM4F/port.o
                0x0000000008002708                vPortExitCritical
 *fill*         0x000000000800275c        0x4 
 .text.PendSV_Handler
                0x0000000008002760       0x68 ./ThirdParty/FreeRTOS/portable/GCC/ARM_CM4F/port.o
                0x0000000008002760                PendSV_Handler
 .text.SysTick_Handler
                0x00000000080027c8       0x54 ./ThirdParty/FreeRTOS/portable/GCC/ARM_CM4F/port.o
                0x00000000080027c8                SysTick_Handler
 .text.vPortSetupTimerInterrupt
                0x000000000800281c       0x48 ./ThirdParty/FreeRTOS/portable/GCC/ARM_CM4F/port.o
                0x000000000800281c                vPortSetupTimerInterrupt
 .text.vPortEnableVFP
                0x0000000008002864       0x18 ./ThirdParty/FreeRTOS/portable/GCC/ARM_CM4F/port.o
 .text.vPortValidateInterruptPriority
                0x000000000800287c       0x80 ./ThirdParty/FreeRTOS/portable/GCC/ARM_CM4F/port.o
                0x000000000800287c                vPortValidateInterruptPriority
 .text.pvPortMalloc
                0x00000000080028fc      0x1c0 ./ThirdParty/FreeRTOS/portable/MemMang/heap_4.o
                0x00000000080028fc                pvPortMalloc
 .text.vPortFree
                0x0000000008002abc       0xc4 ./ThirdParty/FreeRTOS/portable/MemMang/heap_4.o
                0x0000000008002abc                vPortFree
 .text.prvHeapInit
                0x0000000008002b80       0xc4 ./ThirdParty/FreeRTOS/portable/MemMang/heap_4.o
 .text.prvInsertBlockIntoFreeList
                0x0000000008002c44       0xb4 ./ThirdParty/FreeRTOS/portable/MemMang/heap_4.o
 .text._cbSendSystemDesc
                0x0000000008002cf8       0x1c ./ThirdParty/SEGGER/Config/SEGGER_SYSVIEW_Config_FreeRTOS.o
 .text.SEGGER_SYSVIEW_Conf
                0x0000000008002d14       0x2c ./ThirdParty/SEGGER/Config/SEGGER_SYSVIEW_Config_FreeRTOS.o
                0x0000000008002d14                SEGGER_SYSVIEW_Conf
 .text._cbSendTaskList
                0x0000000008002d40       0x90 ./ThirdParty/SEGGER/OS/SEGGER_SYSVIEW_FreeRTOS.o
 .text._cbGetTime
                0x0000000008002dd0       0x86 ./ThirdParty/SEGGER/OS/SEGGER_SYSVIEW_FreeRTOS.o
 *fill*         0x0000000008002e56        0x2 
 .text.SYSVIEW_AddTask
                0x0000000008002e58       0xd0 ./ThirdParty/SEGGER/OS/SEGGER_SYSVIEW_FreeRTOS.o
                0x0000000008002e58                SYSVIEW_AddTask
 .text.SYSVIEW_SendTaskInfo
                0x0000000008002f28       0x42 ./ThirdParty/SEGGER/OS/SEGGER_SYSVIEW_FreeRTOS.o
                0x0000000008002f28                SYSVIEW_SendTaskInfo
 *fill*         0x0000000008002f6a        0x2 
 .text.USART2_IRQHandler
                0x0000000008002f6c       0x94 ./ThirdParty/SEGGER/Rec/segger_uart.o
                0x0000000008002f6c                USART2_IRQHandler
 .text.HIF_UART_EnableTXEInterrupt
                0x0000000008003000       0x20 ./ThirdParty/SEGGER/Rec/segger_uart.o
                0x0000000008003000                HIF_UART_EnableTXEInterrupt
 .text._DoInit  0x0000000008003020       0xb0 ./ThirdParty/SEGGER/SEGGER/SEGGER_RTT.o
 .text.SEGGER_RTT_ReadNoLock
                0x00000000080030d0      0x10c ./ThirdParty/SEGGER/SEGGER/SEGGER_RTT.o
                0x00000000080030d0                SEGGER_RTT_ReadNoLock
 .text.SEGGER_RTT_AllocUpBuffer
                0x00000000080031dc      0x108 ./ThirdParty/SEGGER/SEGGER/SEGGER_RTT.o
                0x00000000080031dc                SEGGER_RTT_AllocUpBuffer
 .text.SEGGER_RTT_ConfigDownBuffer
                0x00000000080032e4       0xe0 ./ThirdParty/SEGGER/SEGGER/SEGGER_RTT.o
                0x00000000080032e4                SEGGER_RTT_ConfigDownBuffer
 .text._EncodeStr
                0x00000000080033c4       0x9a ./ThirdParty/SEGGER/SEGGER/SEGGER_SYSVIEW.o
 .text._PreparePacket
                0x000000000800345e       0x18 ./ThirdParty/SEGGER/SEGGER/SEGGER_SYSVIEW.o
 *fill*         0x0000000008003476        0x2 
 .text._HandleIncomingPacket
                0x0000000008003478       0xe4 ./ThirdParty/SEGGER/SEGGER/SEGGER_SYSVIEW.o
 .text._TrySendOverflowPacket
                0x000000000800355c       0xe8 ./ThirdParty/SEGGER/SEGGER/SEGGER_SYSVIEW.o
 .text._SendPacket
                0x0000000008003644      0x1d0 ./ThirdParty/SEGGER/SEGGER/SEGGER_SYSVIEW.o
 .text._StoreChar
                0x0000000008003814       0xf6 ./ThirdParty/SEGGER/SEGGER/SEGGER_SYSVIEW.o
 *fill*         0x000000000800390a        0x2 
 .text._PrintUnsigned
                0x000000000800390c      0x12c ./ThirdParty/SEGGER/SEGGER/SEGGER_SYSVIEW.o
 .text._PrintInt
                0x0000000008003a38      0x11e ./ThirdParty/SEGGER/SEGGER/SEGGER_SYSVIEW.o
 *fill*         0x0000000008003b56        0x2 
 .text._VPrintTarget
                0x0000000008003b58      0x3f0 ./ThirdParty/SEGGER/SEGGER/SEGGER_SYSVIEW.o
 .text.SEGGER_SYSVIEW_Init
                0x0000000008003f48       0x88 ./ThirdParty/SEGGER/SEGGER/SEGGER_SYSVIEW.o
                0x0000000008003f48                SEGGER_SYSVIEW_Init
 .text.SEGGER_SYSVIEW_SetRAMBase
                0x0000000008003fd0       0x20 ./ThirdParty/SEGGER/SEGGER/SEGGER_SYSVIEW.o
                0x0000000008003fd0                SEGGER_SYSVIEW_SetRAMBase
 .text.SEGGER_SYSVIEW_RecordVoid
                0x0000000008003ff0       0x3c ./ThirdParty/SEGGER/SEGGER/SEGGER_SYSVIEW.o
                0x0000000008003ff0                SEGGER_SYSVIEW_RecordVoid
 .text.SEGGER_SYSVIEW_RecordU32
                0x000000000800402c       0x78 ./ThirdParty/SEGGER/SEGGER/SEGGER_SYSVIEW.o
                0x000000000800402c                SEGGER_SYSVIEW_RecordU32
 .text.SEGGER_SYSVIEW_RecordU32x2
                0x00000000080040a4       0xb4 ./ThirdParty/SEGGER/SEGGER/SEGGER_SYSVIEW.o
                0x00000000080040a4                SEGGER_SYSVIEW_RecordU32x2
 .text.SEGGER_SYSVIEW_RecordU32x3
                0x0000000008004158       0xec ./ThirdParty/SEGGER/SEGGER/SEGGER_SYSVIEW.o
                0x0000000008004158                SEGGER_SYSVIEW_RecordU32x3
 .text.SEGGER_SYSVIEW_RecordU32x4
                0x0000000008004244      0x124 ./ThirdParty/SEGGER/SEGGER/SEGGER_SYSVIEW.o
                0x0000000008004244                SEGGER_SYSVIEW_RecordU32x4
 .text.SEGGER_SYSVIEW_Start
                0x0000000008004368      0x178 ./ThirdParty/SEGGER/SEGGER/SEGGER_SYSVIEW.o
                0x0000000008004368                SEGGER_SYSVIEW_Start
 .text.SEGGER_SYSVIEW_Stop
                0x00000000080044e0       0x4c ./ThirdParty/SEGGER/SEGGER/SEGGER_SYSVIEW.o
                0x00000000080044e0                SEGGER_SYSVIEW_Stop
 .text.SEGGER_SYSVIEW_GetSysDesc
                0x000000000800452c      0x134 ./ThirdParty/SEGGER/SEGGER/SEGGER_SYSVIEW.o
                0x000000000800452c                SEGGER_SYSVIEW_GetSysDesc
 .text.SEGGER_SYSVIEW_SendTaskInfo
                0x0000000008004660      0x1c8 ./ThirdParty/SEGGER/SEGGER/SEGGER_SYSVIEW.o
                0x0000000008004660                SEGGER_SYSVIEW_SendTaskInfo
 .text.SEGGER_SYSVIEW_SendTaskList
                0x0000000008004828       0x28 ./ThirdParty/SEGGER/SEGGER/SEGGER_SYSVIEW.o
                0x0000000008004828                SEGGER_SYSVIEW_SendTaskList
 .text.SEGGER_SYSVIEW_SendSysDesc
                0x0000000008004850       0x48 ./ThirdParty/SEGGER/SEGGER/SEGGER_SYSVIEW.o
                0x0000000008004850                SEGGER_SYSVIEW_SendSysDesc
 .text.SEGGER_SYSVIEW_RecordSystime
                0x0000000008004898       0x64 ./ThirdParty/SEGGER/SEGGER/SEGGER_SYSVIEW.o
                0x0000000008004898                SEGGER_SYSVIEW_RecordSystime
 .text.SEGGER_SYSVIEW_RecordEnterISR
                0x00000000080048fc       0x84 ./ThirdParty/SEGGER/SEGGER/SEGGER_SYSVIEW.o
                0x00000000080048fc                SEGGER_SYSVIEW_RecordEnterISR
 .text.SEGGER_SYSVIEW_RecordExitISR
                0x0000000008004980       0x38 ./ThirdParty/SEGGER/SEGGER/SEGGER_SYSVIEW.o
                0x0000000008004980                SEGGER_SYSVIEW_RecordExitISR
 .text.SEGGER_SYSVIEW_RecordExitISRToScheduler
                0x00000000080049b8       0x38 ./ThirdParty/SEGGER/SEGGER/SEGGER_SYSVIEW.o
                0x00000000080049b8                SEGGER_SYSVIEW_RecordExitISRToScheduler
 .text.SEGGER_SYSVIEW_OnIdle
                0x00000000080049f0       0x38 ./ThirdParty/SEGGER/SEGGER/SEGGER_SYSVIEW.o
                0x00000000080049f0                SEGGER_SYSVIEW_OnIdle
 .text.SEGGER_SYSVIEW_OnTaskCreate
                0x0000000008004a28       0x84 ./ThirdParty/SEGGER/SEGGER/SEGGER_SYSVIEW.o
                0x0000000008004a28                SEGGER_SYSVIEW_OnTaskCreate
 .text.SEGGER_SYSVIEW_OnTaskStartExec
                0x0000000008004aac       0x84 ./ThirdParty/SEGGER/SEGGER/SEGGER_SYSVIEW.o
                0x0000000008004aac                SEGGER_SYSVIEW_OnTaskStartExec
 .text.SEGGER_SYSVIEW_OnTaskStartReady
                0x0000000008004b30       0x84 ./ThirdParty/SEGGER/SEGGER/SEGGER_SYSVIEW.o
                0x0000000008004b30                SEGGER_SYSVIEW_OnTaskStartReady
 .text.SEGGER_SYSVIEW_OnTaskStopReady
                0x0000000008004bb4       0xc0 ./ThirdParty/SEGGER/SEGGER/SEGGER_SYSVIEW.o
                0x0000000008004bb4                SEGGER_SYSVIEW_OnTaskStopReady
 .text.SEGGER_SYSVIEW_ShrinkId
                0x0000000008004c74       0x20 ./ThirdParty/SEGGER/SEGGER/SEGGER_SYSVIEW.o
                0x0000000008004c74                SEGGER_SYSVIEW_ShrinkId
 .text.SEGGER_SYSVIEW_SendModule
                0x0000000008004c94      0x100 ./ThirdParty/SEGGER/SEGGER/SEGGER_SYSVIEW.o
                0x0000000008004c94                SEGGER_SYSVIEW_SendModule
 .text.SEGGER_SYSVIEW_SendModuleDescription
                0x0000000008004d94       0x3c ./ThirdParty/SEGGER/SEGGER/SEGGER_SYSVIEW.o
                0x0000000008004d94                SEGGER_SYSVIEW_SendModuleDescription
 .text.SEGGER_SYSVIEW_SendNumModules
                0x0000000008004dd0       0x7c ./ThirdParty/SEGGER/SEGGER/SEGGER_SYSVIEW.o
                0x0000000008004dd0                SEGGER_SYSVIEW_SendNumModules
 .text.SEGGER_SYSVIEW_PrintfTarget
                0x0000000008004e4c       0x28 ./ThirdParty/SEGGER/SEGGER/SEGGER_SYSVIEW.o
                0x0000000008004e4c                SEGGER_SYSVIEW_PrintfTarget
 .text.SEGGER_SYSVIEW_Warn
                0x0000000008004e74       0xb8 ./ThirdParty/SEGGER/SEGGER/SEGGER_SYSVIEW.o
                0x0000000008004e74                SEGGER_SYSVIEW_Warn
 .text.__libc_init_array
                0x0000000008004f2c       0x48 /home/aristizabal/st/stm32cubeide_1.10.1/plugins/com.st.stm32cube.ide.mcu.externaltools.gnu-tools-for-stm32.10.3-2021.10.linux64_1.0.0.202111181127/tools/bin/../lib/gcc/arm-none-eabi/10.3.1/../../../../arm-none-eabi/lib/thumb/v7e-m+fp/hard/libc_nano.a(lib_a-init.o)
                0x0000000008004f2c                __libc_init_array
 .text.memcmp   0x0000000008004f74       0x20 /home/aristizabal/st/stm32cubeide_1.10.1/plugins/com.st.stm32cube.ide.mcu.externaltools.gnu-tools-for-stm32.10.3-2021.10.linux64_1.0.0.202111181127/tools/bin/../lib/gcc/arm-none-eabi/10.3.1/../../../../arm-none-eabi/lib/thumb/v7e-m+fp/hard/libc_nano.a(lib_a-memcmp.o)
                0x0000000008004f74                memcmp
 .text.memcpy   0x0000000008004f94       0x1c /home/aristizabal/st/stm32cubeide_1.10.1/plugins/com.st.stm32cube.ide.mcu.externaltools.gnu-tools-for-stm32.10.3-2021.10.linux64_1.0.0.202111181127/tools/bin/../lib/gcc/arm-none-eabi/10.3.1/../../../../arm-none-eabi/lib/thumb/v7e-m+fp/hard/libc_nano.a(lib_a-memcpy-stub.o)
                0x0000000008004f94                memcpy
 .text.memset   0x0000000008004fb0       0x10 /home/aristizabal/st/stm32cubeide_1.10.1/plugins/com.st.stm32cube.ide.mcu.externaltools.gnu-tools-for-stm32.10.3-2021.10.linux64_1.0.0.202111181127/tools/bin/../lib/gcc/arm-none-eabi/10.3.1/../../../../arm-none-eabi/lib/thumb/v7e-m+fp/hard/libc_nano.a(lib_a-memset.o)
                0x0000000008004fb0                memset
 .text.sprintf  0x0000000008004fc0       0x40 /home/aristizabal/st/stm32cubeide_1.10.1/plugins/com.st.stm32cube.ide.mcu.externaltools.gnu-tools-for-stm32.10.3-2021.10.linux64_1.0.0.202111181127/tools/bin/../lib/gcc/arm-none-eabi/10.3.1/../../../../arm-none-eabi/lib/thumb/v7e-m+fp/hard/libc_nano.a(lib_a-sprintf.o)
                0x0000000008004fc0                sprintf
                0x0000000008004fc0                siprintf
 .text.__ssputs_r
                0x0000000008005000       0xb6 /home/aristizabal/st/stm32cubeide_1.10.1/plugins/com.st.stm32cube.ide.mcu.externaltools.gnu-tools-for-stm32.10.3-2021.10.linux64_1.0.0.202111181127/tools/bin/../lib/gcc/arm-none-eabi/10.3.1/../../../../arm-none-eabi/lib/thumb/v7e-m+fp/hard/libc_nano.a(lib_a-nano-svfprintf.o)
                0x0000000008005000                __ssputs_r
 *fill*         0x00000000080050b6        0x2 
 .text._svfprintf_r
                0x00000000080050b8      0x200 /home/aristizabal/st/stm32cubeide_1.10.1/plugins/com.st.stm32cube.ide.mcu.externaltools.gnu-tools-for-stm32.10.3-2021.10.linux64_1.0.0.202111181127/tools/bin/../lib/gcc/arm-none-eabi/10.3.1/../../../../arm-none-eabi/lib/thumb/v7e-m+fp/hard/libc_nano.a(lib_a-nano-svfprintf.o)
                0x00000000080050b8                _svfprintf_r
                0x00000000080050b8                _svfiprintf_r
 .text._printf_common
                0x00000000080052b8       0xda /home/aristizabal/st/stm32cubeide_1.10.1/plugins/com.st.stm32cube.ide.mcu.externaltools.gnu-tools-for-stm32.10.3-2021.10.linux64_1.0.0.202111181127/tools/bin/../lib/gcc/arm-none-eabi/10.3.1/../../../../arm-none-eabi/lib/thumb/v7e-m+fp/hard/libc_nano.a(lib_a-nano-vfprintf_i.o)
                0x00000000080052b8                _printf_common
 *fill*         0x0000000008005392        0x2 
 .text._printf_i
                0x0000000008005394      0x24c /home/aristizabal/st/stm32cubeide_1.10.1/plugins/com.st.stm32cube.ide.mcu.externaltools.gnu-tools-for-stm32.10.3-2021.10.linux64_1.0.0.202111181127/tools/bin/../lib/gcc/arm-none-eabi/10.3.1/../../../../arm-none-eabi/lib/thumb/v7e-m+fp/hard/libc_nano.a(lib_a-nano-vfprintf_i.o)
                0x0000000008005394                _printf_i
 .text.memmove  0x00000000080055e0       0x34 /home/aristizabal/st/stm32cubeide_1.10.1/plugins/com.st.stm32cube.ide.mcu.externaltools.gnu-tools-for-stm32.10.3-2021.10.linux64_1.0.0.202111181127/tools/bin/../lib/gcc/arm-none-eabi/10.3.1/../../../../arm-none-eabi/lib/thumb/v7e-m+fp/hard/libc_nano.a(lib_a-memmove.o)
                0x00000000080055e0                memmove
 .text._free_r  0x0000000008005614       0x98 /home/aristizabal/st/stm32cubeide_1.10.1/plugins/com.st.stm32cube.ide.mcu.externaltools.gnu-tools-for-stm32.10.3-2021.10.linux64_1.0.0.202111181127/tools/bin/../lib/gcc/arm-none-eabi/10.3.1/../../../../arm-none-eabi/lib/thumb/v7e-m+fp/hard/libc_nano.a(lib_a-nano-freer.o)
                0x0000000008005614                _free_r
 .text.sbrk_aligned
                0x00000000080056ac       0x40 /home/aristizabal/st/stm32cubeide_1.10.1/plugins/com.st.stm32cube.ide.mcu.externaltools.gnu-tools-for-stm32.10.3-2021.10.linux64_1.0.0.202111181127/tools/bin/../lib/gcc/arm-none-eabi/10.3.1/../../../../arm-none-eabi/lib/thumb/v7e-m+fp/hard/libc_nano.a(lib_a-nano-mallocr.o)
 .text._malloc_r
                0x00000000080056ec       0xe8 /home/aristizabal/st/stm32cubeide_1.10.1/plugins/com.st.stm32cube.ide.mcu.externaltools.gnu-tools-for-stm32.10.3-2021.10.linux64_1.0.0.202111181127/tools/bin/../lib/gcc/arm-none-eabi/10.3.1/../../../../arm-none-eabi/lib/thumb/v7e-m+fp/hard/libc_nano.a(lib_a-nano-mallocr.o)
                0x00000000080056ec                _malloc_r
 .text._realloc_r
                0x00000000080057d4       0x5e /home/aristizabal/st/stm32cubeide_1.10.1/plugins/com.st.stm32cube.ide.mcu.externaltools.gnu-tools-for-stm32.10.3-2021.10.linux64_1.0.0.202111181127/tools/bin/../lib/gcc/arm-none-eabi/10.3.1/../../../../arm-none-eabi/lib/thumb/v7e-m+fp/hard/libc_nano.a(lib_a-nano-reallocr.o)
                0x00000000080057d4                _realloc_r
 *fill*         0x0000000008005832        0x2 
 .text._sbrk_r  0x0000000008005834       0x20 /home/aristizabal/st/stm32cubeide_1.10.1/plugins/com.st.stm32cube.ide.mcu.externaltools.gnu-tools-for-stm32.10.3-2021.10.linux64_1.0.0.202111181127/tools/bin/../lib/gcc/arm-none-eabi/10.3.1/../../../../arm-none-eabi/lib/thumb/v7e-m+fp/hard/libc_nano.a(lib_a-sbrkr.o)
                0x0000000008005834                _sbrk_r
 .text.__malloc_lock
                0x0000000008005854        0xc /home/aristizabal/st/stm32cubeide_1.10.1/plugins/com.st.stm32cube.ide.mcu.externaltools.gnu-tools-for-stm32.10.3-2021.10.linux64_1.0.0.202111181127/tools/bin/../lib/gcc/arm-none-eabi/10.3.1/../../../../arm-none-eabi/lib/thumb/v7e-m+fp/hard/libc_nano.a(lib_a-mlock.o)
                0x0000000008005854                __malloc_lock
 .text.__malloc_unlock
                0x0000000008005860        0xc /home/aristizabal/st/stm32cubeide_1.10.1/plugins/com.st.stm32cube.ide.mcu.externaltools.gnu-tools-for-stm32.10.3-2021.10.linux64_1.0.0.202111181127/tools/bin/../lib/gcc/arm-none-eabi/10.3.1/../../../../arm-none-eabi/lib/thumb/v7e-m+fp/hard/libc_nano.a(lib_a-mlock.o)
                0x0000000008005860                __malloc_unlock
 .text._malloc_usable_size_r
                0x000000000800586c       0x10 /home/aristizabal/st/stm32cubeide_1.10.1/plugins/com.st.stm32cube.ide.mcu.externaltools.gnu-tools-for-stm32.10.3-2021.10.linux64_1.0.0.202111181127/tools/bin/../lib/gcc/arm-none-eabi/10.3.1/../../../../arm-none-eabi/lib/thumb/v7e-m+fp/hard/libc_nano.a(lib_a-nano-msizer.o)
                0x000000000800586c                _malloc_usable_size_r
 .text.__retarget_lock_acquire_recursive
                0x000000000800587c        0x2 /home/aristizabal/st/stm32cubeide_1.10.1/plugins/com.st.stm32cube.ide.mcu.externaltools.gnu-tools-for-stm32.10.3-2021.10.linux64_1.0.0.202111181127/tools/bin/../lib/gcc/arm-none-eabi/10.3.1/../../../../arm-none-eabi/lib/thumb/v7e-m+fp/hard/libc_nano.a(lib_a-lock.o)
                0x000000000800587c                __retarget_lock_acquire_recursive
 .text.__retarget_lock_release_recursive
                0x000000000800587e        0x2 /home/aristizabal/st/stm32cubeide_1.10.1/plugins/com.st.stm32cube.ide.mcu.externaltools.gnu-tools-for-stm32.10.3-2021.10.linux64_1.0.0.202111181127/tools/bin/../lib/gcc/arm-none-eabi/10.3.1/../../../../arm-none-eabi/lib/thumb/v7e-m+fp/hard/libc_nano.a(lib_a-lock.o)
                0x000000000800587e                __retarget_lock_release_recursive
 .text._sbrk    0x0000000008005880       0x1c /home/aristizabal/st/stm32cubeide_1.10.1/plugins/com.st.stm32cube.ide.mcu.externaltools.gnu-tools-for-stm32.10.3-2021.10.linux64_1.0.0.202111181127/tools/bin/../lib/gcc/arm-none-eabi/10.3.1/../../../../arm-none-eabi/lib/thumb/v7e-m+fp/hard/libnosys.a(sbrk.o)
                0x0000000008005880                _sbrk
 *(.glue_7)
 .glue_7        0x000000000800589c        0x0 linker stubs
 *(.glue_7t)
 .glue_7t       0x000000000800589c        0x0 linker stubs
 *(.eh_frame)
 .eh_frame      0x000000000800589c        0x0 /home/aristizabal/st/stm32cubeide_1.10.1/plugins/com.st.stm32cube.ide.mcu.externaltools.gnu-tools-for-stm32.10.3-2021.10.linux64_1.0.0.202111181127/tools/bin/../lib/gcc/arm-none-eabi/10.3.1/thumb/v7e-m+fp/hard/crtbegin.o
 *(.init)
 .init          0x000000000800589c        0x4 /home/aristizabal/st/stm32cubeide_1.10.1/plugins/com.st.stm32cube.ide.mcu.externaltools.gnu-tools-for-stm32.10.3-2021.10.linux64_1.0.0.202111181127/tools/bin/../lib/gcc/arm-none-eabi/10.3.1/thumb/v7e-m+fp/hard/crti.o
                0x000000000800589c                _init
 .init          0x00000000080058a0        0x8 /home/aristizabal/st/stm32cubeide_1.10.1/plugins/com.st.stm32cube.ide.mcu.externaltools.gnu-tools-for-stm32.10.3-2021.10.linux64_1.0.0.202111181127/tools/bin/../lib/gcc/arm-none-eabi/10.3.1/thumb/v7e-m+fp/hard/crtn.o
 *(.fini)
 .fini          0x00000000080058a8        0x4 /home/aristizabal/st/stm32cubeide_1.10.1/plugins/com.st.stm32cube.ide.mcu.externaltools.gnu-tools-for-stm32.10.3-2021.10.linux64_1.0.0.202111181127/tools/bin/../lib/gcc/arm-none-eabi/10.3.1/thumb/v7e-m+fp/hard/crti.o
                0x00000000080058a8                _fini
 .fini          0x00000000080058ac        0x8 /home/aristizabal/st/stm32cubeide_1.10.1/plugins/com.st.stm32cube.ide.mcu.externaltools.gnu-tools-for-stm32.10.3-2021.10.linux64_1.0.0.202111181127/tools/bin/../lib/gcc/arm-none-eabi/10.3.1/thumb/v7e-m+fp/hard/crtn.o
                0x00000000080058b4                . = ALIGN (0x4)
                0x00000000080058b4                _etext = .

.vfp11_veneer   0x00000000080058b4        0x0
 .vfp11_veneer  0x00000000080058b4        0x0 linker stubs

.v4_bx          0x00000000080058b4        0x0
 .v4_bx         0x00000000080058b4        0x0 linker stubs

.iplt           0x00000000080058b4        0x0
 .iplt          0x00000000080058b4        0x0 /home/aristizabal/st/stm32cubeide_1.10.1/plugins/com.st.stm32cube.ide.mcu.externaltools.gnu-tools-for-stm32.10.3-2021.10.linux64_1.0.0.202111181127/tools/bin/../lib/gcc/arm-none-eabi/10.3.1/thumb/v7e-m+fp/hard/crtbegin.o

.rodata         0x00000000080058b4      0x16c
                0x00000000080058b4                . = ALIGN (0x4)
 *(.rodata)
 .rodata        0x00000000080058b4       0x4c ./Src/main.o
 .rodata        0x0000000008005900        0x5 ./ThirdParty/FreeRTOS/tasks.o
 *fill*         0x0000000008005905        0x3 
 .rodata        0x0000000008005908        0xd ./ThirdParty/FreeRTOS/timers.o
 *fill*         0x0000000008005915        0x3 
 .rodata        0x0000000008005918       0x35 ./ThirdParty/SEGGER/Config/SEGGER_SYSVIEW_Config_FreeRTOS.o
 *fill*         0x000000000800594d        0x3 
 .rodata        0x0000000008005950       0x58 ./ThirdParty/SEGGER/OS/SEGGER_SYSVIEW_FreeRTOS.o
 .rodata        0x00000000080059a8       0x17 ./ThirdParty/SEGGER/SEGGER/SEGGER_RTT.o
 *fill*         0x00000000080059bf        0x1 
 .rodata        0x00000000080059c0        0x8 ./ThirdParty/SEGGER/SEGGER/SEGGER_SYSVIEW.o
 *(.rodata*)
 .rodata.SYSVIEW_X_OS_TraceAPI
                0x00000000080059c8        0x8 ./ThirdParty/SEGGER/OS/SEGGER_SYSVIEW_FreeRTOS.o
                0x00000000080059c8                SYSVIEW_X_OS_TraceAPI
 .rodata._abSync
                0x00000000080059d0        0xa ./ThirdParty/SEGGER/SEGGER/SEGGER_SYSVIEW.o
 *fill*         0x00000000080059da        0x2 
 .rodata._aV2C.0
                0x00000000080059dc       0x10 ./ThirdParty/SEGGER/SEGGER/SEGGER_SYSVIEW.o
 .rodata._svfprintf_r.str1.1
                0x00000000080059ec       0x11 /home/aristizabal/st/stm32cubeide_1.10.1/plugins/com.st.stm32cube.ide.mcu.externaltools.gnu-tools-for-stm32.10.3-2021.10.linux64_1.0.0.202111181127/tools/bin/../lib/gcc/arm-none-eabi/10.3.1/../../../../arm-none-eabi/lib/thumb/v7e-m+fp/hard/libc_nano.a(lib_a-nano-svfprintf.o)
 .rodata._printf_i.str1.1
                0x00000000080059fd       0x22 /home/aristizabal/st/stm32cubeide_1.10.1/plugins/com.st.stm32cube.ide.mcu.externaltools.gnu-tools-for-stm32.10.3-2021.10.linux64_1.0.0.202111181127/tools/bin/../lib/gcc/arm-none-eabi/10.3.1/../../../../arm-none-eabi/lib/thumb/v7e-m+fp/hard/libc_nano.a(lib_a-nano-vfprintf_i.o)
                0x0000000008005a20                . = ALIGN (0x4)
 *fill*         0x0000000008005a1f        0x1 

.rel.dyn        0x0000000008005a20        0x0
 .rel.iplt      0x0000000008005a20        0x0 /home/aristizabal/st/stm32cubeide_1.10.1/plugins/com.st.stm32cube.ide.mcu.externaltools.gnu-tools-for-stm32.10.3-2021.10.linux64_1.0.0.202111181127/tools/bin/../lib/gcc/arm-none-eabi/10.3.1/thumb/v7e-m+fp/hard/crtbegin.o

.ARM.extab      0x0000000008005a20        0x0
                0x0000000008005a20                . = ALIGN (0x4)
 *(.ARM.extab* .gnu.linkonce.armextab.*)
                0x0000000008005a20                . = ALIGN (0x4)

.ARM            0x0000000008005a20        0x0
                0x0000000008005a20                . = ALIGN (0x4)
                0x0000000008005a20                __exidx_start = .
 *(.ARM.exidx*)
                0x0000000008005a20                __exidx_end = .
                0x0000000008005a20                . = ALIGN (0x4)

.preinit_array  0x0000000008005a20        0x0
                0x0000000008005a20                . = ALIGN (0x4)
                0x0000000008005a20                PROVIDE (__preinit_array_start = .)
 *(.preinit_array*)
                0x0000000008005a20                PROVIDE (__preinit_array_end = .)
                0x0000000008005a20                . = ALIGN (0x4)

.init_array     0x0000000008005a20        0x4
                0x0000000008005a20                . = ALIGN (0x4)
                0x0000000008005a20                PROVIDE (__init_array_start = .)
 *(SORT_BY_NAME(.init_array.*))
 *(.init_array*)
 .init_array    0x0000000008005a20        0x4 /home/aristizabal/st/stm32cubeide_1.10.1/plugins/com.st.stm32cube.ide.mcu.externaltools.gnu-tools-for-stm32.10.3-2021.10.linux64_1.0.0.202111181127/tools/bin/../lib/gcc/arm-none-eabi/10.3.1/thumb/v7e-m+fp/hard/crtbegin.o
                0x0000000008005a24                PROVIDE (__init_array_end = .)
                0x0000000008005a24                . = ALIGN (0x4)

.fini_array     0x0000000008005a24        0x4
                0x0000000008005a24                . = ALIGN (0x4)
                [!provide]                        PROVIDE (__fini_array_start = .)
 *(SORT_BY_NAME(.fini_array.*))
 *(.fini_array*)
 .fini_array    0x0000000008005a24        0x4 /home/aristizabal/st/stm32cubeide_1.10.1/plugins/com.st.stm32cube.ide.mcu.externaltools.gnu-tools-for-stm32.10.3-2021.10.linux64_1.0.0.202111181127/tools/bin/../lib/gcc/arm-none-eabi/10.3.1/thumb/v7e-m+fp/hard/crtbegin.o
                [!provide]                        PROVIDE (__fini_array_end = .)
                0x0000000008005a28                . = ALIGN (0x4)
                0x0000000008005a28                _sidata = LOADADDR (.data)

.data           0x0000000020000000       0x70 load address 0x0000000008005a28
                0x0000000020000000                . = ALIGN (0x4)
                0x0000000020000000                _sdata = .
 *(.data)
 *(.data*)
 .data.SystemCoreClock
                0x0000000020000000        0x4 ./Src/main.o
                0x0000000020000000                SystemCoreClock
 .data.uxTopUsedPriority
                0x0000000020000004        0x4 ./ThirdParty/FreeRTOS/tasks.o
                0x0000000020000004                uxTopUsedPriority
 .data.uxCriticalNesting
                0x0000000020000008        0x4 ./ThirdParty/FreeRTOS/portable/GCC/ARM_CM4F/port.o
 .data._impure_ptr
                0x000000002000000c        0x4 /home/aristizabal/st/stm32cubeide_1.10.1/plugins/com.st.stm32cube.ide.mcu.externaltools.gnu-tools-for-stm32.10.3-2021.10.linux64_1.0.0.202111181127/tools/bin/../lib/gcc/arm-none-eabi/10.3.1/../../../../arm-none-eabi/lib/thumb/v7e-m+fp/hard/libc_nano.a(lib_a-impure.o)
                0x000000002000000c                _impure_ptr
 .data.impure_data
                0x0000000020000010       0x60 /home/aristizabal/st/stm32cubeide_1.10.1/plugins/com.st.stm32cube.ide.mcu.externaltools.gnu-tools-for-stm32.10.3-2021.10.linux64_1.0.0.202111181127/tools/bin/../lib/gcc/arm-none-eabi/10.3.1/../../../../arm-none-eabi/lib/thumb/v7e-m+fp/hard/libc_nano.a(lib_a-impure.o)
 *(.RamFunc)
 *(.RamFunc*)
                0x0000000020000070                . = ALIGN (0x4)
                0x0000000020000070                _edata = .

.igot.plt       0x0000000020000070        0x0 load address 0x0000000008005a98
 .igot.plt      0x0000000020000070        0x0 /home/aristizabal/st/stm32cubeide_1.10.1/plugins/com.st.stm32cube.ide.mcu.externaltools.gnu-tools-for-stm32.10.3-2021.10.linux64_1.0.0.202111181127/tools/bin/../lib/gcc/arm-none-eabi/10.3.1/thumb/v7e-m+fp/hard/crtbegin.o
                0x0000000020000070                . = ALIGN (0x4)

.bss            0x0000000020000070    0x14498 load address 0x0000000008005a98
                0x0000000020000070                _sbss = .
                0x0000000020000070                __bss_start__ = _sbss
 *(.bss)
 .bss           0x0000000020000070       0x1c /home/aristizabal/st/stm32cubeide_1.10.1/plugins/com.st.stm32cube.ide.mcu.externaltools.gnu-tools-for-stm32.10.3-2021.10.linux64_1.0.0.202111181127/tools/bin/../lib/gcc/arm-none-eabi/10.3.1/thumb/v7e-m+fp/hard/crtbegin.o
 *(.bss*)
 .bss.bufferMsg
                0x000000002000008c       0x40 ./Src/main.o
                0x000000002000008c                bufferMsg
 .bss.xQueueRegistry
                0x00000000200000cc       0x40 ./ThirdParty/FreeRTOS/queue.o
                0x00000000200000cc                xQueueRegistry
 .bss.pxCurrentTCB
                0x000000002000010c        0x4 ./ThirdParty/FreeRTOS/tasks.o
                0x000000002000010c                pxCurrentTCB
 .bss.pxReadyTasksLists
                0x0000000020000110       0x64 ./ThirdParty/FreeRTOS/tasks.o
 .bss.xDelayedTaskList1
                0x0000000020000174       0x14 ./ThirdParty/FreeRTOS/tasks.o
 .bss.xDelayedTaskList2
                0x0000000020000188       0x14 ./ThirdParty/FreeRTOS/tasks.o
 .bss.pxDelayedTaskList
                0x000000002000019c        0x4 ./ThirdParty/FreeRTOS/tasks.o
 .bss.pxOverflowDelayedTaskList
                0x00000000200001a0        0x4 ./ThirdParty/FreeRTOS/tasks.o
 .bss.xPendingReadyList
                0x00000000200001a4       0x14 ./ThirdParty/FreeRTOS/tasks.o
 .bss.xTasksWaitingTermination
                0x00000000200001b8       0x14 ./ThirdParty/FreeRTOS/tasks.o
 .bss.uxDeletedTasksWaitingCleanUp
                0x00000000200001cc        0x4 ./ThirdParty/FreeRTOS/tasks.o
 .bss.xSuspendedTaskList
                0x00000000200001d0       0x14 ./ThirdParty/FreeRTOS/tasks.o
 .bss.uxCurrentNumberOfTasks
                0x00000000200001e4        0x4 ./ThirdParty/FreeRTOS/tasks.o
 .bss.xTickCount
                0x00000000200001e8        0x4 ./ThirdParty/FreeRTOS/tasks.o
 .bss.uxTopReadyPriority
                0x00000000200001ec        0x4 ./ThirdParty/FreeRTOS/tasks.o
 .bss.xSchedulerRunning
                0x00000000200001f0        0x4 ./ThirdParty/FreeRTOS/tasks.o
 .bss.xPendedTicks
                0x00000000200001f4        0x4 ./ThirdParty/FreeRTOS/tasks.o
 .bss.xYieldPending
                0x00000000200001f8        0x4 ./ThirdParty/FreeRTOS/tasks.o
 .bss.xNumOfOverflows
                0x00000000200001fc        0x4 ./ThirdParty/FreeRTOS/tasks.o
 .bss.uxTaskNumber
                0x0000000020000200        0x4 ./ThirdParty/FreeRTOS/tasks.o
 .bss.xNextTaskUnblockTime
                0x0000000020000204        0x4 ./ThirdParty/FreeRTOS/tasks.o
 .bss.xIdleTaskHandle
                0x0000000020000208        0x4 ./ThirdParty/FreeRTOS/tasks.o
 .bss.uxSchedulerSuspended
                0x000000002000020c        0x4 ./ThirdParty/FreeRTOS/tasks.o
 .bss.xActiveTimerList1
                0x0000000020000210       0x14 ./ThirdParty/FreeRTOS/timers.o
 .bss.xActiveTimerList2
                0x0000000020000224       0x14 ./ThirdParty/FreeRTOS/timers.o
 .bss.pxCurrentTimerList
                0x0000000020000238        0x4 ./ThirdParty/FreeRTOS/timers.o
 .bss.pxOverflowTimerList
                0x000000002000023c        0x4 ./ThirdParty/FreeRTOS/timers.o
 .bss.xTimerQueue
                0x0000000020000240        0x4 ./ThirdParty/FreeRTOS/timers.o
 .bss.xTimerTaskHandle
                0x0000000020000244        0x4 ./ThirdParty/FreeRTOS/timers.o
 .bss.xLastTime.0
                0x0000000020000248        0x4 ./ThirdParty/FreeRTOS/timers.o
 .bss.ucMaxSysCallPriority
                0x000000002000024c        0x1 ./ThirdParty/FreeRTOS/portable/GCC/ARM_CM4F/port.o
 *fill*         0x000000002000024d        0x3 
 .bss.ulMaxPRIGROUPValue
                0x0000000020000250        0x4 ./ThirdParty/FreeRTOS/portable/GCC/ARM_CM4F/port.o
 .bss.ucHeap    0x0000000020000254    0x12c00 ./ThirdParty/FreeRTOS/portable/MemMang/heap_4.o
 .bss.xStart    0x0000000020012e54        0x8 ./ThirdParty/FreeRTOS/portable/MemMang/heap_4.o
 .bss.pxEnd     0x0000000020012e5c        0x4 ./ThirdParty/FreeRTOS/portable/MemMang/heap_4.o
 .bss.xFreeBytesRemaining
                0x0000000020012e60        0x4 ./ThirdParty/FreeRTOS/portable/MemMang/heap_4.o
 .bss.xMinimumEverFreeBytesRemaining
                0x0000000020012e64        0x4 ./ThirdParty/FreeRTOS/portable/MemMang/heap_4.o
 .bss.xNumberOfSuccessfulAllocations
                0x0000000020012e68        0x4 ./ThirdParty/FreeRTOS/portable/MemMang/heap_4.o
 .bss.xNumberOfSuccessfulFrees
                0x0000000020012e6c        0x4 ./ThirdParty/FreeRTOS/portable/MemMang/heap_4.o
 .bss.xBlockAllocatedBit
                0x0000000020012e70        0x4 ./ThirdParty/FreeRTOS/portable/MemMang/heap_4.o
 .bss._aTasks   0x0000000020012e74       0xa0 ./ThirdParty/SEGGER/OS/SEGGER_SYSVIEW_FreeRTOS.o
 .bss._NumTasks
                0x0000000020012f14        0x4 ./ThirdParty/SEGGER/OS/SEGGER_SYSVIEW_FreeRTOS.o
 .bss._cbOnRx   0x0000000020012f18        0x4 ./ThirdParty/SEGGER/Rec/segger_uart.o
 .bss._cbOnTx   0x0000000020012f1c        0x4 ./ThirdParty/SEGGER/Rec/segger_uart.o
 .bss._SEGGER_RTT
                0x0000000020012f20       0xa8 ./ThirdParty/SEGGER/SEGGER/SEGGER_RTT.o
                0x0000000020012f20                _SEGGER_RTT
 .bss._acUpBuffer
                0x0000000020012fc8      0x400 ./ThirdParty/SEGGER/SEGGER/SEGGER_RTT.o
 .bss._acDownBuffer
                0x00000000200133c8       0x10 ./ThirdParty/SEGGER/SEGGER/SEGGER_RTT.o
 .bss._UpBuffer
                0x00000000200133d8     0x1000 ./ThirdParty/SEGGER/SEGGER/SEGGER_SYSVIEW.o
 .bss._DownBuffer
                0x00000000200143d8        0x8 ./ThirdParty/SEGGER/SEGGER/SEGGER_SYSVIEW.o
 .bss._SYSVIEW_Globals
                0x00000000200143e0       0x28 ./ThirdParty/SEGGER/SEGGER/SEGGER_SYSVIEW.o
 .bss._pFirstModule
                0x0000000020014408        0x4 ./ThirdParty/SEGGER/SEGGER/SEGGER_SYSVIEW.o
 .bss._NumModules
                0x000000002001440c        0x1 ./ThirdParty/SEGGER/SEGGER/SEGGER_SYSVIEW.o
 *fill*         0x000000002001440d        0x3 
 .bss._aPacket  0x0000000020014410       0xe3 ./ThirdParty/SEGGER/SEGGER/SEGGER_SYSVIEW.o
 *fill*         0x00000000200144f3        0x1 
 .bss.__malloc_free_list
                0x00000000200144f4        0x4 /home/aristizabal/st/stm32cubeide_1.10.1/plugins/com.st.stm32cube.ide.mcu.externaltools.gnu-tools-for-stm32.10.3-2021.10.linux64_1.0.0.202111181127/tools/bin/../lib/gcc/arm-none-eabi/10.3.1/../../../../arm-none-eabi/lib/thumb/v7e-m+fp/hard/libc_nano.a(lib_a-nano-mallocr.o)
                0x00000000200144f4                __malloc_free_list
 .bss.__malloc_sbrk_start
                0x00000000200144f8        0x4 /home/aristizabal/st/stm32cubeide_1.10.1/plugins/com.st.stm32cube.ide.mcu.externaltools.gnu-tools-for-stm32.10.3-2021.10.linux64_1.0.0.202111181127/tools/bin/../lib/gcc/arm-none-eabi/10.3.1/../../../../arm-none-eabi/lib/thumb/v7e-m+fp/hard/libc_nano.a(lib_a-nano-mallocr.o)
                0x00000000200144f8                __malloc_sbrk_start
 .bss.errno     0x00000000200144fc        0x4 /home/aristizabal/st/stm32cubeide_1.10.1/plugins/com.st.stm32cube.ide.mcu.externaltools.gnu-tools-for-stm32.10.3-2021.10.linux64_1.0.0.202111181127/tools/bin/../lib/gcc/arm-none-eabi/10.3.1/../../../../arm-none-eabi/lib/thumb/v7e-m+fp/hard/libc_nano.a(lib_a-reent.o)
                0x00000000200144fc                errno
 .bss.__lock___malloc_recursive_mutex
                0x0000000020014500        0x1 /home/aristizabal/st/stm32cubeide_1.10.1/plugins/com.st.stm32cube.ide.mcu.externaltools.gnu-tools-for-stm32.10.3-2021.10.linux64_1.0.0.202111181127/tools/bin/../lib/gcc/arm-none-eabi/10.3.1/../../../../arm-none-eabi/lib/thumb/v7e-m+fp/hard/libc_nano.a(lib_a-lock.o)
                0x0000000020014500                __lock___malloc_recursive_mutex
 *fill*         0x0000000020014501        0x3 
 .bss.heap_end.0
                0x0000000020014504        0x4 /home/aristizabal/st/stm32cubeide_1.10.1/plugins/com.st.stm32cube.ide.mcu.externaltools.gnu-tools-for-stm32.10.3-2021.10.linux64_1.0.0.202111181127/tools/bin/../lib/gcc/arm-none-eabi/10.3.1/../../../../arm-none-eabi/lib/thumb/v7e-m+fp/hard/libnosys.a(sbrk.o)
 *(COMMON)
                0x0000000020014508                . = ALIGN (0x4)
                0x0000000020014508                _ebss = .
                0x0000000020014508                __bss_end__ = _ebss

._user_heap_stack
                0x0000000020014508      0x600 load address 0x0000000008005a98
                0x0000000020014508                . = ALIGN (0x8)
                0x0000000020014508                PROVIDE (end = .)
                [!provide]                        PROVIDE (_end = .)
                0x0000000020014708                . = (. + _Min_Heap_Size)
 *fill*         0x0000000020014508      0x200 
                0x0000000020014b08                . = (. + _Min_Stack_Size)
 *fill*         0x0000000020014708      0x400 
                0x0000000020014b08                . = ALIGN (0x8)

/DISCARD/
 libc.a(*)
 libm.a(*)
 libgcc.a(*)

.ARM.attributes
                0x0000000000000000       0x30
 *(.ARM.attributes)
 .ARM.attributes
                0x0000000000000000       0x1e /home/aristizabal/st/stm32cubeide_1.10.1/plugins/com.st.stm32cube.ide.mcu.externaltools.gnu-tools-for-stm32.10.3-2021.10.linux64_1.0.0.202111181127/tools/bin/../lib/gcc/arm-none-eabi/10.3.1/thumb/v7e-m+fp/hard/crti.o
 .ARM.attributes
                0x000000000000001e       0x34 /home/aristizabal/st/stm32cubeide_1.10.1/plugins/com.st.stm32cube.ide.mcu.externaltools.gnu-tools-for-stm32.10.3-2021.10.linux64_1.0.0.202111181127/tools/bin/../lib/gcc/arm-none-eabi/10.3.1/thumb/v7e-m+fp/hard/crtbegin.o
 .ARM.attributes
                0x0000000000000052       0x34 ./Src/main.o
 .ARM.attributes
                0x0000000000000086       0x21 ./Startup/startup_stm32f411retx.o
 .ARM.attributes
                0x00000000000000a7       0x34 ./ThirdParty/FreeRTOS/list.o
 .ARM.attributes
                0x00000000000000db       0x34 ./ThirdParty/FreeRTOS/queue.o
 .ARM.attributes
                0x000000000000010f       0x34 ./ThirdParty/FreeRTOS/tasks.o
 .ARM.attributes
                0x0000000000000143       0x34 ./ThirdParty/FreeRTOS/timers.o
 .ARM.attributes
                0x0000000000000177       0x34 ./ThirdParty/FreeRTOS/portable/GCC/ARM_CM4F/port.o
 .ARM.attributes
                0x00000000000001ab       0x34 ./ThirdParty/FreeRTOS/portable/MemMang/heap_4.o
 .ARM.attributes
                0x00000000000001df       0x34 ./ThirdParty/SEGGER/Config/SEGGER_SYSVIEW_Config_FreeRTOS.o
 .ARM.attributes
                0x0000000000000213       0x34 ./ThirdParty/SEGGER/OS/SEGGER_SYSVIEW_FreeRTOS.o
 .ARM.attributes
                0x0000000000000247       0x34 ./ThirdParty/SEGGER/Rec/segger_uart.o
 .ARM.attributes
                0x000000000000027b       0x34 ./ThirdParty/SEGGER/SEGGER/SEGGER_RTT.o
 .ARM.attributes
                0x00000000000002af       0x20 ./ThirdParty/SEGGER/SEGGER/SEGGER_RTT_ASM_ARMv7M.o
 .ARM.attributes
                0x00000000000002cf       0x34 ./ThirdParty/SEGGER/SEGGER/SEGGER_SYSVIEW.o
 .ARM.attributes
                0x0000000000000303       0x34 /home/aristizabal/st/stm32cubeide_1.10.1/plugins/com.st.stm32cube.ide.mcu.externaltools.gnu-tools-for-stm32.10.3-2021.10.linux64_1.0.0.202111181127/tools/bin/../lib/gcc/arm-none-eabi/10.3.1/../../../../arm-none-eabi/lib/thumb/v7e-m+fp/hard/libc_nano.a(lib_a-impure.o)
 .ARM.attributes
                0x0000000000000337       0x34 /home/aristizabal/st/stm32cubeide_1.10.1/plugins/com.st.stm32cube.ide.mcu.externaltools.gnu-tools-for-stm32.10.3-2021.10.linux64_1.0.0.202111181127/tools/bin/../lib/gcc/arm-none-eabi/10.3.1/../../../../arm-none-eabi/lib/thumb/v7e-m+fp/hard/libc_nano.a(lib_a-init.o)
 .ARM.attributes
                0x000000000000036b       0x34 /home/aristizabal/st/stm32cubeide_1.10.1/plugins/com.st.stm32cube.ide.mcu.externaltools.gnu-tools-for-stm32.10.3-2021.10.linux64_1.0.0.202111181127/tools/bin/../lib/gcc/arm-none-eabi/10.3.1/../../../../arm-none-eabi/lib/thumb/v7e-m+fp/hard/libc_nano.a(lib_a-memcmp.o)
 .ARM.attributes
                0x000000000000039f       0x34 /home/aristizabal/st/stm32cubeide_1.10.1/plugins/com.st.stm32cube.ide.mcu.externaltools.gnu-tools-for-stm32.10.3-2021.10.linux64_1.0.0.202111181127/tools/bin/../lib/gcc/arm-none-eabi/10.3.1/../../../../arm-none-eabi/lib/thumb/v7e-m+fp/hard/libc_nano.a(lib_a-memcpy-stub.o)
 .ARM.attributes
                0x00000000000003d3       0x34 /home/aristizabal/st/stm32cubeide_1.10.1/plugins/com.st.stm32cube.ide.mcu.externaltools.gnu-tools-for-stm32.10.3-2021.10.linux64_1.0.0.202111181127/tools/bin/../lib/gcc/arm-none-eabi/10.3.1/../../../../arm-none-eabi/lib/thumb/v7e-m+fp/hard/libc_nano.a(lib_a-memset.o)
 .ARM.attributes
                0x0000000000000407       0x34 /home/aristizabal/st/stm32cubeide_1.10.1/plugins/com.st.stm32cube.ide.mcu.externaltools.gnu-tools-for-stm32.10.3-2021.10.linux64_1.0.0.202111181127/tools/bin/../lib/gcc/arm-none-eabi/10.3.1/../../../../arm-none-eabi/lib/thumb/v7e-m+fp/hard/libc_nano.a(lib_a-sprintf.o)
 .ARM.attributes
                0x000000000000043b       0x34 /home/aristizabal/st/stm32cubeide_1.10.1/plugins/com.st.stm32cube.ide.mcu.externaltools.gnu-tools-for-stm32.10.3-2021.10.linux64_1.0.0.202111181127/tools/bin/../lib/gcc/arm-none-eabi/10.3.1/../../../../arm-none-eabi/lib/thumb/v7e-m+fp/hard/libc_nano.a(lib_a-nano-svfprintf.o)
 .ARM.attributes
                0x000000000000046f       0x34 /home/aristizabal/st/stm32cubeide_1.10.1/plugins/com.st.stm32cube.ide.mcu.externaltools.gnu-tools-for-stm32.10.3-2021.10.linux64_1.0.0.202111181127/tools/bin/../lib/gcc/arm-none-eabi/10.3.1/../../../../arm-none-eabi/lib/thumb/v7e-m+fp/hard/libc_nano.a(lib_a-nano-vfprintf_i.o)
 .ARM.attributes
                0x00000000000004a3       0x1c /home/aristizabal/st/stm32cubeide_1.10.1/plugins/com.st.stm32cube.ide.mcu.externaltools.gnu-tools-for-stm32.10.3-2021.10.linux64_1.0.0.202111181127/tools/bin/../lib/gcc/arm-none-eabi/10.3.1/../../../../arm-none-eabi/lib/thumb/v7e-m+fp/hard/libc_nano.a(lib_a-memchr.o)
 .ARM.attributes
                0x00000000000004bf       0x34 /home/aristizabal/st/stm32cubeide_1.10.1/plugins/com.st.stm32cube.ide.mcu.externaltools.gnu-tools-for-stm32.10.3-2021.10.linux64_1.0.0.202111181127/tools/bin/../lib/gcc/arm-none-eabi/10.3.1/../../../../arm-none-eabi/lib/thumb/v7e-m+fp/hard/libc_nano.a(lib_a-memmove.o)
 .ARM.attributes
                0x00000000000004f3       0x34 /home/aristizabal/st/stm32cubeide_1.10.1/plugins/com.st.stm32cube.ide.mcu.externaltools.gnu-tools-for-stm32.10.3-2021.10.linux64_1.0.0.202111181127/tools/bin/../lib/gcc/arm-none-eabi/10.3.1/../../../../arm-none-eabi/lib/thumb/v7e-m+fp/hard/libc_nano.a(lib_a-nano-freer.o)
 .ARM.attributes
                0x0000000000000527       0x34 /home/aristizabal/st/stm32cubeide_1.10.1/plugins/com.st.stm32cube.ide.mcu.externaltools.gnu-tools-for-stm32.10.3-2021.10.linux64_1.0.0.202111181127/tools/bin/../lib/gcc/arm-none-eabi/10.3.1/../../../../arm-none-eabi/lib/thumb/v7e-m+fp/hard/libc_nano.a(lib_a-nano-mallocr.o)
 .ARM.attributes
                0x000000000000055b       0x34 /home/aristizabal/st/stm32cubeide_1.10.1/plugins/com.st.stm32cube.ide.mcu.externaltools.gnu-tools-for-stm32.10.3-2021.10.linux64_1.0.0.202111181127/tools/bin/../lib/gcc/arm-none-eabi/10.3.1/../../../../arm-none-eabi/lib/thumb/v7e-m+fp/hard/libc_nano.a(lib_a-nano-reallocr.o)
 .ARM.attributes
                0x000000000000058f       0x34 /home/aristizabal/st/stm32cubeide_1.10.1/plugins/com.st.stm32cube.ide.mcu.externaltools.gnu-tools-for-stm32.10.3-2021.10.linux64_1.0.0.202111181127/tools/bin/../lib/gcc/arm-none-eabi/10.3.1/../../../../arm-none-eabi/lib/thumb/v7e-m+fp/hard/libc_nano.a(lib_a-sbrkr.o)
 .ARM.attributes
                0x00000000000005c3       0x34 /home/aristizabal/st/stm32cubeide_1.10.1/plugins/com.st.stm32cube.ide.mcu.externaltools.gnu-tools-for-stm32.10.3-2021.10.linux64_1.0.0.202111181127/tools/bin/../lib/gcc/arm-none-eabi/10.3.1/../../../../arm-none-eabi/lib/thumb/v7e-m+fp/hard/libc_nano.a(lib_a-mlock.o)
 .ARM.attributes
                0x00000000000005f7       0x34 /home/aristizabal/st/stm32cubeide_1.10.1/plugins/com.st.stm32cube.ide.mcu.externaltools.gnu-tools-for-stm32.10.3-2021.10.linux64_1.0.0.202111181127/tools/bin/../lib/gcc/arm-none-eabi/10.3.1/../../../../arm-none-eabi/lib/thumb/v7e-m+fp/hard/libc_nano.a(lib_a-nano-msizer.o)
 .ARM.attributes
                0x000000000000062b       0x34 /home/aristizabal/st/stm32cubeide_1.10.1/plugins/com.st.stm32cube.ide.mcu.externaltools.gnu-tools-for-stm32.10.3-2021.10.linux64_1.0.0.202111181127/tools/bin/../lib/gcc/arm-none-eabi/10.3.1/../../../../arm-none-eabi/lib/thumb/v7e-m+fp/hard/libc_nano.a(lib_a-reent.o)
 .ARM.attributes
                0x000000000000065f       0x34 /home/aristizabal/st/stm32cubeide_1.10.1/plugins/com.st.stm32cube.ide.mcu.externaltools.gnu-tools-for-stm32.10.3-2021.10.linux64_1.0.0.202111181127/tools/bin/../lib/gcc/arm-none-eabi/10.3.1/../../../../arm-none-eabi/lib/thumb/v7e-m+fp/hard/libc_nano.a(lib_a-lock.o)
 .ARM.attributes
                0x0000000000000693       0x34 /home/aristizabal/st/stm32cubeide_1.10.1/plugins/com.st.stm32cube.ide.mcu.externaltools.gnu-tools-for-stm32.10.3-2021.10.linux64_1.0.0.202111181127/tools/bin/../lib/gcc/arm-none-eabi/10.3.1/../../../../arm-none-eabi/lib/thumb/v7e-m+fp/hard/libnosys.a(sbrk.o)
 .ARM.attributes
                0x00000000000006c7       0x1e /home/aristizabal/st/stm32cubeide_1.10.1/plugins/com.st.stm32cube.ide.mcu.externaltools.gnu-tools-for-stm32.10.3-2021.10.linux64_1.0.0.202111181127/tools/bin/../lib/gcc/arm-none-eabi/10.3.1/thumb/v7e-m+fp/hard/crtn.o
OUTPUT(Base_FreeRTOS.elf elf32-littlearm)
LOAD linker stubs
LOAD /home/aristizabal/st/stm32cubeide_1.10.1/plugins/com.st.stm32cube.ide.mcu.externaltools.gnu-tools-for-stm32.10.3-2021.10.linux64_1.0.0.202111181127/tools/bin/../lib/gcc/arm-none-eabi/10.3.1/../../../../arm-none-eabi/lib/thumb/v7e-m+fp/hard/libc.a
LOAD /home/aristizabal/st/stm32cubeide_1.10.1/plugins/com.st.stm32cube.ide.mcu.externaltools.gnu-tools-for-stm32.10.3-2021.10.linux64_1.0.0.202111181127/tools/bin/../lib/gcc/arm-none-eabi/10.3.1/../../../../arm-none-eabi/lib/thumb/v7e-m+fp/hard/libm.a
LOAD /home/aristizabal/st/stm32cubeide_1.10.1/plugins/com.st.stm32cube.ide.mcu.externaltools.gnu-tools-for-stm32.10.3-2021.10.linux64_1.0.0.202111181127/tools/bin/../lib/gcc/arm-none-eabi/10.3.1/thumb/v7e-m+fp/hard/libgcc.a

.debug_info     0x0000000000000000     0xb854
 .debug_info    0x0000000000000000      0x2bd ./Src/main.o
 .debug_info    0x00000000000002bd       0x22 ./Startup/startup_stm32f411retx.o
 .debug_info    0x00000000000002df      0x2d1 ./ThirdParty/FreeRTOS/list.o
 .debug_info    0x00000000000005b0     0x1988 ./ThirdParty/FreeRTOS/queue.o
 .debug_info    0x0000000000001f38     0x23e7 ./ThirdParty/FreeRTOS/tasks.o
 .debug_info    0x000000000000431f      0xedd ./ThirdParty/FreeRTOS/timers.o
 .debug_info    0x00000000000051fc      0x5ca ./ThirdParty/FreeRTOS/portable/GCC/ARM_CM4F/port.o
 .debug_info    0x00000000000057c6      0x50d ./ThirdParty/FreeRTOS/portable/MemMang/heap_4.o
 .debug_info    0x0000000000005cd3      0x181 ./ThirdParty/SEGGER/Config/SEGGER_SYSVIEW_Config_FreeRTOS.o
 .debug_info    0x0000000000005e54      0x43d ./ThirdParty/SEGGER/OS/SEGGER_SYSVIEW_FreeRTOS.o
 .debug_info    0x0000000000006291      0x88c ./ThirdParty/SEGGER/Rec/segger_uart.o
 .debug_info    0x0000000000006b1d     0x14ff ./ThirdParty/SEGGER/SEGGER/SEGGER_RTT.o
 .debug_info    0x000000000000801c       0x26 ./ThirdParty/SEGGER/SEGGER/SEGGER_RTT_ASM_ARMv7M.o
 .debug_info    0x0000000000008042     0x3812 ./ThirdParty/SEGGER/SEGGER/SEGGER_SYSVIEW.o

.debug_abbrev   0x0000000000000000     0x1b53
 .debug_abbrev  0x0000000000000000      0x1ca ./Src/main.o
 .debug_abbrev  0x00000000000001ca       0x12 ./Startup/startup_stm32f411retx.o
 .debug_abbrev  0x00000000000001dc       0xf2 ./ThirdParty/FreeRTOS/list.o
 .debug_abbrev  0x00000000000002ce      0x312 ./ThirdParty/FreeRTOS/queue.o
 .debug_abbrev  0x00000000000005e0      0x39f ./ThirdParty/FreeRTOS/tasks.o
 .debug_abbrev  0x000000000000097f      0x2d8 ./ThirdParty/FreeRTOS/timers.o
 .debug_abbrev  0x0000000000000c57      0x259 ./ThirdParty/FreeRTOS/portable/GCC/ARM_CM4F/port.o
 .debug_abbrev  0x0000000000000eb0      0x212 ./ThirdParty/FreeRTOS/portable/MemMang/heap_4.o
 .debug_abbrev  0x00000000000010c2       0xdd ./ThirdParty/SEGGER/Config/SEGGER_SYSVIEW_Config_FreeRTOS.o
 .debug_abbrev  0x000000000000119f      0x19e ./ThirdParty/SEGGER/OS/SEGGER_SYSVIEW_FreeRTOS.o
 .debug_abbrev  0x000000000000133d      0x27b ./ThirdParty/SEGGER/Rec/segger_uart.o
 .debug_abbrev  0x00000000000015b8      0x24e ./ThirdParty/SEGGER/SEGGER/SEGGER_RTT.o
 .debug_abbrev  0x0000000000001806       0x14 ./ThirdParty/SEGGER/SEGGER/SEGGER_RTT_ASM_ARMv7M.o
 .debug_abbrev  0x000000000000181a      0x339 ./ThirdParty/SEGGER/SEGGER/SEGGER_SYSVIEW.o

.debug_aranges  0x0000000000000000      0xa38
 .debug_aranges
                0x0000000000000000       0x30 ./Src/main.o
 .debug_aranges
                0x0000000000000030       0x28 ./Startup/startup_stm32f411retx.o
 .debug_aranges
                0x0000000000000058       0x40 ./ThirdParty/FreeRTOS/list.o
 .debug_aranges
                0x0000000000000098      0x130 ./ThirdParty/FreeRTOS/queue.o
 .debug_aranges
                0x00000000000001c8      0x208 ./ThirdParty/FreeRTOS/tasks.o
 .debug_aranges
                0x00000000000003d0       0xd8 ./ThirdParty/FreeRTOS/timers.o
 .debug_aranges
                0x00000000000004a8       0x88 ./ThirdParty/FreeRTOS/portable/GCC/ARM_CM4F/port.o
 .debug_aranges
                0x0000000000000530       0x58 ./ThirdParty/FreeRTOS/portable/MemMang/heap_4.o
 .debug_aranges
                0x0000000000000588       0x28 ./ThirdParty/SEGGER/Config/SEGGER_SYSVIEW_Config_FreeRTOS.o
 .debug_aranges
                0x00000000000005b0       0x48 ./ThirdParty/SEGGER/OS/SEGGER_SYSVIEW_FreeRTOS.o
 .debug_aranges
                0x00000000000005f8       0x68 ./ThirdParty/SEGGER/Rec/segger_uart.o
 .debug_aranges
                0x0000000000000660      0x138 ./ThirdParty/SEGGER/SEGGER/SEGGER_RTT.o
 .debug_aranges
                0x0000000000000798       0x20 ./ThirdParty/SEGGER/SEGGER/SEGGER_RTT_ASM_ARMv7M.o
 .debug_aranges
                0x00000000000007b8      0x280 ./ThirdParty/SEGGER/SEGGER/SEGGER_SYSVIEW.o

.debug_ranges   0x0000000000000000      0x950
 .debug_ranges  0x0000000000000000       0x20 ./Src/main.o
 .debug_ranges  0x0000000000000020       0x20 ./Startup/startup_stm32f411retx.o
 .debug_ranges  0x0000000000000040       0x30 ./ThirdParty/FreeRTOS/list.o
 .debug_ranges  0x0000000000000070      0x120 ./ThirdParty/FreeRTOS/queue.o
 .debug_ranges  0x0000000000000190      0x1f8 ./ThirdParty/FreeRTOS/tasks.o
 .debug_ranges  0x0000000000000388       0xc8 ./ThirdParty/FreeRTOS/timers.o
 .debug_ranges  0x0000000000000450       0x78 ./ThirdParty/FreeRTOS/portable/GCC/ARM_CM4F/port.o
 .debug_ranges  0x00000000000004c8       0x48 ./ThirdParty/FreeRTOS/portable/MemMang/heap_4.o
 .debug_ranges  0x0000000000000510       0x18 ./ThirdParty/SEGGER/Config/SEGGER_SYSVIEW_Config_FreeRTOS.o
 .debug_ranges  0x0000000000000528       0x38 ./ThirdParty/SEGGER/OS/SEGGER_SYSVIEW_FreeRTOS.o
 .debug_ranges  0x0000000000000560       0x58 ./ThirdParty/SEGGER/Rec/segger_uart.o
 .debug_ranges  0x00000000000005b8      0x128 ./ThirdParty/SEGGER/SEGGER/SEGGER_RTT.o
 .debug_ranges  0x00000000000006e0      0x270 ./ThirdParty/SEGGER/SEGGER/SEGGER_SYSVIEW.o

.debug_macro    0x0000000000000000    0x119fe
 .debug_macro   0x0000000000000000      0x2b7 ./Src/main.o
 .debug_macro   0x00000000000002b7      0xa84 ./Src/main.o
 .debug_macro   0x0000000000000d3b      0x174 ./Src/main.o
 .debug_macro   0x0000000000000eaf       0x22 ./Src/main.o
 .debug_macro   0x0000000000000ed1       0x8e ./Src/main.o
 .debug_macro   0x0000000000000f5f       0x51 ./Src/main.o
 .debug_macro   0x0000000000000fb0      0x103 ./Src/main.o
 .debug_macro   0x00000000000010b3       0x6a ./Src/main.o
 .debug_macro   0x000000000000111d      0x1df ./Src/main.o
 .debug_macro   0x00000000000012fc      0x112 ./Src/main.o
 .debug_macro   0x000000000000140e       0x58 ./Src/main.o
 .debug_macro   0x0000000000001466       0x46 ./Src/main.o
 .debug_macro   0x00000000000014ac       0x64 ./Src/main.o
 .debug_macro   0x0000000000001510       0x16 ./Src/main.o
 .debug_macro   0x0000000000001526       0x49 ./Src/main.o
 .debug_macro   0x000000000000156f       0xbc ./Src/main.o
 .debug_macro   0x000000000000162b      0x204 ./Src/main.o
 .debug_macro   0x000000000000182f      0x450 ./Src/main.o
 .debug_macro   0x0000000000001c7f      0x15a ./Src/main.o
 .debug_macro   0x0000000000001dd9       0xea ./Src/main.o
 .debug_macro   0x0000000000001ec3       0x1c ./Src/main.o
 .debug_macro   0x0000000000001edf       0x26 ./Src/main.o
 .debug_macro   0x0000000000001f05      0x3d0 ./Src/main.o
 .debug_macro   0x00000000000022d5       0xb5 ./Src/main.o
 .debug_macro   0x000000000000238a      0x120 ./Src/main.o
 .debug_macro   0x00000000000024aa       0x52 ./Src/main.o
 .debug_macro   0x00000000000024fc       0x1e ./Src/main.o
 .debug_macro   0x000000000000251a       0x3c ./Src/main.o
 .debug_macro   0x0000000000002556       0x34 ./Src/main.o
 .debug_macro   0x000000000000258a       0x16 ./Src/main.o
 .debug_macro   0x00000000000025a0       0x35 ./Src/main.o
 .debug_macro   0x00000000000025d5      0x341 ./Src/main.o
 .debug_macro   0x0000000000002916       0x16 ./Src/main.o
 .debug_macro   0x000000000000292c       0x43 ./Src/main.o
 .debug_macro   0x000000000000296f       0x34 ./Src/main.o
 .debug_macro   0x00000000000029a3       0x10 ./Src/main.o
 .debug_macro   0x00000000000029b3       0x58 ./Src/main.o
 .debug_macro   0x0000000000002a0b       0x71 ./Src/main.o
 .debug_macro   0x0000000000002a7c       0x1c ./Src/main.o
 .debug_macro   0x0000000000002a98      0x12a ./Src/main.o
 .debug_macro   0x0000000000002bc2       0x10 ./Src/main.o
 .debug_macro   0x0000000000002bd2       0x1c ./Src/main.o
 .debug_macro   0x0000000000002bee       0x52 ./Src/main.o
 .debug_macro   0x0000000000002c40       0x22 ./Src/main.o
 .debug_macro   0x0000000000002c62       0x10 ./Src/main.o
 .debug_macro   0x0000000000002c72       0x52 ./Src/main.o
 .debug_macro   0x0000000000002cc4       0xd5 ./Src/main.o
 .debug_macro   0x0000000000002d99       0x1c ./Src/main.o
 .debug_macro   0x0000000000002db5       0x3d ./Src/main.o
 .debug_macro   0x0000000000002df2       0x16 ./Src/main.o
 .debug_macro   0x0000000000002e08      0x145 ./Src/main.o
 .debug_macro   0x0000000000002f4d       0x16 ./Src/main.o
 .debug_macro   0x0000000000002f63       0x20 ./Src/main.o
 .debug_macro   0x0000000000002f83      0x1f4 ./ThirdParty/FreeRTOS/list.o
 .debug_macro   0x0000000000003177      0x27d ./ThirdParty/FreeRTOS/queue.o
 .debug_macro   0x00000000000033f4       0x80 ./ThirdParty/FreeRTOS/queue.o
 .debug_macro   0x0000000000003474      0x2e1 ./ThirdParty/FreeRTOS/tasks.o
 .debug_macro   0x0000000000003755       0x10 ./ThirdParty/FreeRTOS/tasks.o
 .debug_macro   0x0000000000003765      0x23d ./ThirdParty/FreeRTOS/timers.o
 .debug_macro   0x00000000000039a2       0x97 ./ThirdParty/FreeRTOS/timers.o
 .debug_macro   0x0000000000003a39      0x1f7 ./ThirdParty/FreeRTOS/portable/GCC/ARM_CM4F/port.o
 .debug_macro   0x0000000000003c30      0x20f ./ThirdParty/FreeRTOS/portable/MemMang/heap_4.o
 .debug_macro   0x0000000000003e3f      0x137 ./ThirdParty/SEGGER/Config/SEGGER_SYSVIEW_Config_FreeRTOS.o
 .debug_macro   0x0000000000003f76      0x203 ./ThirdParty/SEGGER/OS/SEGGER_SYSVIEW_FreeRTOS.o
 .debug_macro   0x0000000000004179      0x32b ./ThirdParty/SEGGER/Rec/segger_uart.o
 .debug_macro   0x00000000000044a4       0x3a ./ThirdParty/SEGGER/Rec/segger_uart.o
 .debug_macro   0x00000000000044de      0x138 ./ThirdParty/SEGGER/Rec/segger_uart.o
 .debug_macro   0x0000000000004616       0x28 ./ThirdParty/SEGGER/Rec/segger_uart.o
 .debug_macro   0x000000000000463e       0x28 ./ThirdParty/SEGGER/Rec/segger_uart.o
 .debug_macro   0x0000000000004666       0x1c ./ThirdParty/SEGGER/Rec/segger_uart.o
 .debug_macro   0x0000000000004682       0x22 ./ThirdParty/SEGGER/Rec/segger_uart.o
 .debug_macro   0x00000000000046a4       0xd9 ./ThirdParty/SEGGER/Rec/segger_uart.o
 .debug_macro   0x000000000000477d     0x102d ./ThirdParty/SEGGER/Rec/segger_uart.o
 .debug_macro   0x00000000000057aa      0x11f ./ThirdParty/SEGGER/Rec/segger_uart.o
 .debug_macro   0x00000000000058c9     0xb953 ./ThirdParty/SEGGER/Rec/segger_uart.o
 .debug_macro   0x000000000001121c       0x6d ./ThirdParty/SEGGER/Rec/segger_uart.o
 .debug_macro   0x0000000000011289      0x1bd ./ThirdParty/SEGGER/SEGGER/SEGGER_RTT.o
 .debug_macro   0x0000000000011446       0x34 ./ThirdParty/SEGGER/SEGGER/SEGGER_RTT.o
 .debug_macro   0x000000000001147a      0x212 ./ThirdParty/SEGGER/SEGGER/SEGGER_SYSVIEW.o
 .debug_macro   0x000000000001168c      0x204 ./ThirdParty/SEGGER/SEGGER/SEGGER_SYSVIEW.o
 .debug_macro   0x0000000000011890      0x16e ./ThirdParty/SEGGER/SEGGER/SEGGER_SYSVIEW.o

.debug_line     0x0000000000000000     0xb8e7
 .debug_line    0x0000000000000000      0x960 ./Src/main.o
 .debug_line    0x0000000000000960       0x84 ./Startup/startup_stm32f411retx.o
 .debug_line    0x00000000000009e4      0x921 ./ThirdParty/FreeRTOS/list.o
 .debug_line    0x0000000000001305     0x17fa ./ThirdParty/FreeRTOS/queue.o
 .debug_line    0x0000000000002aff     0x1f46 ./ThirdParty/FreeRTOS/tasks.o
 .debug_line    0x0000000000004a45      0xe80 ./ThirdParty/FreeRTOS/timers.o
 .debug_line    0x00000000000058c5      0xa9e ./ThirdParty/FreeRTOS/portable/GCC/ARM_CM4F/port.o
 .debug_line    0x0000000000006363      0xb6c ./ThirdParty/FreeRTOS/portable/MemMang/heap_4.o
 .debug_line    0x0000000000006ecf      0x6fa ./ThirdParty/SEGGER/Config/SEGGER_SYSVIEW_Config_FreeRTOS.o
 .debug_line    0x00000000000075c9      0xa0b ./ThirdParty/SEGGER/OS/SEGGER_SYSVIEW_FreeRTOS.o
 .debug_line    0x0000000000007fd4      0xa1a ./ThirdParty/SEGGER/Rec/segger_uart.o
 .debug_line    0x00000000000089ee      0xeb9 ./ThirdParty/SEGGER/SEGGER/SEGGER_RTT.o
 .debug_line    0x00000000000098a7       0xa0 ./ThirdParty/SEGGER/SEGGER/SEGGER_RTT_ASM_ARMv7M.o
 .debug_line    0x0000000000009947     0x1fa0 ./ThirdParty/SEGGER/SEGGER/SEGGER_SYSVIEW.o

.debug_str      0x0000000000000000    0x63174
 .debug_str     0x0000000000000000    0x106d8 ./Src/main.o
                                      0x10932 (size before relaxing)
 .debug_str     0x00000000000106d8       0x31 ./Startup/startup_stm32f411retx.o
                                         0x7f (size before relaxing)
 .debug_str     0x0000000000010709      0x253 ./ThirdParty/FreeRTOS/list.o
                                       0xe819 (size before relaxing)
 .debug_str     0x000000000001095c     0x120e ./ThirdParty/FreeRTOS/queue.o
                                      0x10d26 (size before relaxing)
 .debug_str     0x0000000000011b6a     0x1cde ./ThirdParty/FreeRTOS/tasks.o
                                      0x11b93 (size before relaxing)
 .debug_str     0x0000000000013848      0x507 ./ThirdParty/FreeRTOS/timers.o
                                      0x11038 (size before relaxing)
 .debug_str     0x0000000000013d4f      0x7de ./ThirdParty/FreeRTOS/portable/GCC/ARM_CM4F/port.o
                                       0xd37c (size before relaxing)
 .debug_str     0x000000000001452d      0x310 ./ThirdParty/FreeRTOS/portable/MemMang/heap_4.o
                                       0xfce2 (size before relaxing)
 .debug_str     0x000000000001483d      0x1ac ./ThirdParty/SEGGER/Config/SEGGER_SYSVIEW_Config_FreeRTOS.o
                                       0xb1f0 (size before relaxing)
 .debug_str     0x00000000000149e9       0xfb ./ThirdParty/SEGGER/OS/SEGGER_SYSVIEW_FreeRTOS.o
                                       0xfa5a (size before relaxing)
 .debug_str     0x0000000000014ae4    0x4d231 ./ThirdParty/SEGGER/Rec/segger_uart.o
                                      0x55a9e (size before relaxing)
 .debug_str     0x0000000000061d15      0x734 ./ThirdParty/SEGGER/SEGGER/SEGGER_RTT.o
                                       0x77ab (size before relaxing)
 .debug_str     0x0000000000062449       0x34 ./ThirdParty/SEGGER/SEGGER/SEGGER_RTT_ASM_ARMv7M.o
                                         0x90 (size before relaxing)
 .debug_str     0x000000000006247d      0xcf7 ./ThirdParty/SEGGER/SEGGER/SEGGER_SYSVIEW.o
                                       0x97ff (size before relaxing)

.comment        0x0000000000000000       0x50
 .comment       0x0000000000000000       0x50 ./Src/main.o
                                         0x51 (size before relaxing)
 .comment       0x0000000000000050       0x51 ./ThirdParty/FreeRTOS/list.o
 .comment       0x0000000000000050       0x51 ./ThirdParty/FreeRTOS/queue.o
 .comment       0x0000000000000050       0x51 ./ThirdParty/FreeRTOS/tasks.o
 .comment       0x0000000000000050       0x51 ./ThirdParty/FreeRTOS/timers.o
 .comment       0x0000000000000050       0x51 ./ThirdParty/FreeRTOS/portable/GCC/ARM_CM4F/port.o
 .comment       0x0000000000000050       0x51 ./ThirdParty/FreeRTOS/portable/MemMang/heap_4.o
 .comment       0x0000000000000050       0x51 ./ThirdParty/SEGGER/Config/SEGGER_SYSVIEW_Config_FreeRTOS.o
 .comment       0x0000000000000050       0x51 ./ThirdParty/SEGGER/OS/SEGGER_SYSVIEW_FreeRTOS.o
 .comment       0x0000000000000050       0x51 ./ThirdParty/SEGGER/Rec/segger_uart.o
 .comment       0x0000000000000050       0x51 ./ThirdParty/SEGGER/SEGGER/SEGGER_RTT.o
 .comment       0x0000000000000050       0x51 ./ThirdParty/SEGGER/SEGGER/SEGGER_SYSVIEW.o

.debug_frame    0x0000000000000000     0x2e50
 .debug_frame   0x0000000000000000       0x70 ./Src/main.o
 .debug_frame   0x0000000000000070       0xd8 ./ThirdParty/FreeRTOS/list.o
 .debug_frame   0x0000000000000148      0x544 ./ThirdParty/FreeRTOS/queue.o
 .debug_frame   0x000000000000068c      0x8fc ./ThirdParty/FreeRTOS/tasks.o
 .debug_frame   0x0000000000000f88      0x38c ./ThirdParty/FreeRTOS/timers.o
 .debug_frame   0x0000000000001314      0x1d0 ./ThirdParty/FreeRTOS/portable/GCC/ARM_CM4F/port.o
 .debug_frame   0x00000000000014e4      0x12c ./ThirdParty/FreeRTOS/portable/MemMang/heap_4.o
 .debug_frame   0x0000000000001610       0x48 ./ThirdParty/SEGGER/Config/SEGGER_SYSVIEW_Config_FreeRTOS.o
 .debug_frame   0x0000000000001658      0x104 ./ThirdParty/SEGGER/OS/SEGGER_SYSVIEW_FreeRTOS.o
 .debug_frame   0x000000000000175c      0x178 ./ThirdParty/SEGGER/Rec/segger_uart.o
 .debug_frame   0x00000000000018d4      0x530 ./ThirdParty/SEGGER/SEGGER/SEGGER_RTT.o
 .debug_frame   0x0000000000001e04      0xbc4 ./ThirdParty/SEGGER/SEGGER/SEGGER_SYSVIEW.o
 .debug_frame   0x00000000000029c8       0x2c /home/aristizabal/st/stm32cubeide_1.10.1/plugins/com.st.stm32cube.ide.mcu.externaltools.gnu-tools-for-stm32.10.3-2021.10.linux64_1.0.0.202111181127/tools/bin/../lib/gcc/arm-none-eabi/10.3.1/../../../../arm-none-eabi/lib/thumb/v7e-m+fp/hard/libc_nano.a(lib_a-init.o)
 .debug_frame   0x00000000000029f4       0x28 /home/aristizabal/st/stm32cubeide_1.10.1/plugins/com.st.stm32cube.ide.mcu.externaltools.gnu-tools-for-stm32.10.3-2021.10.linux64_1.0.0.202111181127/tools/bin/../lib/gcc/arm-none-eabi/10.3.1/../../../../arm-none-eabi/lib/thumb/v7e-m+fp/hard/libc_nano.a(lib_a-memcmp.o)
 .debug_frame   0x0000000000002a1c       0x28 /home/aristizabal/st/stm32cubeide_1.10.1/plugins/com.st.stm32cube.ide.mcu.externaltools.gnu-tools-for-stm32.10.3-2021.10.linux64_1.0.0.202111181127/tools/bin/../lib/gcc/arm-none-eabi/10.3.1/../../../../arm-none-eabi/lib/thumb/v7e-m+fp/hard/libc_nano.a(lib_a-memcpy-stub.o)
 .debug_frame   0x0000000000002a44       0x20 /home/aristizabal/st/stm32cubeide_1.10.1/plugins/com.st.stm32cube.ide.mcu.externaltools.gnu-tools-for-stm32.10.3-2021.10.linux64_1.0.0.202111181127/tools/bin/../lib/gcc/arm-none-eabi/10.3.1/../../../../arm-none-eabi/lib/thumb/v7e-m+fp/hard/libc_nano.a(lib_a-memset.o)
 .debug_frame   0x0000000000002a64       0x6c /home/aristizabal/st/stm32cubeide_1.10.1/plugins/com.st.stm32cube.ide.mcu.externaltools.gnu-tools-for-stm32.10.3-2021.10.linux64_1.0.0.202111181127/tools/bin/../lib/gcc/arm-none-eabi/10.3.1/../../../../arm-none-eabi/lib/thumb/v7e-m+fp/hard/libc_nano.a(lib_a-sprintf.o)
 .debug_frame   0x0000000000002ad0       0x90 /home/aristizabal/st/stm32cubeide_1.10.1/plugins/com.st.stm32cube.ide.mcu.externaltools.gnu-tools-for-stm32.10.3-2021.10.linux64_1.0.0.202111181127/tools/bin/../lib/gcc/arm-none-eabi/10.3.1/../../../../arm-none-eabi/lib/thumb/v7e-m+fp/hard/libc_nano.a(lib_a-nano-svfprintf.o)
 .debug_frame   0x0000000000002b60       0x60 /home/aristizabal/st/stm32cubeide_1.10.1/plugins/com.st.stm32cube.ide.mcu.externaltools.gnu-tools-for-stm32.10.3-2021.10.linux64_1.0.0.202111181127/tools/bin/../lib/gcc/arm-none-eabi/10.3.1/../../../../arm-none-eabi/lib/thumb/v7e-m+fp/hard/libc_nano.a(lib_a-nano-vfprintf_i.o)
 .debug_frame   0x0000000000002bc0       0x28 /home/aristizabal/st/stm32cubeide_1.10.1/plugins/com.st.stm32cube.ide.mcu.externaltools.gnu-tools-for-stm32.10.3-2021.10.linux64_1.0.0.202111181127/tools/bin/../lib/gcc/arm-none-eabi/10.3.1/../../../../arm-none-eabi/lib/thumb/v7e-m+fp/hard/libc_nano.a(lib_a-memmove.o)
 .debug_frame   0x0000000000002be8       0x38 /home/aristizabal/st/stm32cubeide_1.10.1/plugins/com.st.stm32cube.ide.mcu.externaltools.gnu-tools-for-stm32.10.3-2021.10.linux64_1.0.0.202111181127/tools/bin/../lib/gcc/arm-none-eabi/10.3.1/../../../../arm-none-eabi/lib/thumb/v7e-m+fp/hard/libc_nano.a(lib_a-nano-freer.o)
 .debug_frame   0x0000000000002c20       0x4c /home/aristizabal/st/stm32cubeide_1.10.1/plugins/com.st.stm32cube.ide.mcu.externaltools.gnu-tools-for-stm32.10.3-2021.10.linux64_1.0.0.202111181127/tools/bin/../lib/gcc/arm-none-eabi/10.3.1/../../../../arm-none-eabi/lib/thumb/v7e-m+fp/hard/libc_nano.a(lib_a-nano-mallocr.o)
 .debug_frame   0x0000000000002c6c       0x3c /home/aristizabal/st/stm32cubeide_1.10.1/plugins/com.st.stm32cube.ide.mcu.externaltools.gnu-tools-for-stm32.10.3-2021.10.linux64_1.0.0.202111181127/tools/bin/../lib/gcc/arm-none-eabi/10.3.1/../../../../arm-none-eabi/lib/thumb/v7e-m+fp/hard/libc_nano.a(lib_a-nano-reallocr.o)
 .debug_frame   0x0000000000002ca8       0x2c /home/aristizabal/st/stm32cubeide_1.10.1/plugins/com.st.stm32cube.ide.mcu.externaltools.gnu-tools-for-stm32.10.3-2021.10.linux64_1.0.0.202111181127/tools/bin/../lib/gcc/arm-none-eabi/10.3.1/../../../../arm-none-eabi/lib/thumb/v7e-m+fp/hard/libc_nano.a(lib_a-sbrkr.o)
 .debug_frame   0x0000000000002cd4       0x30 /home/aristizabal/st/stm32cubeide_1.10.1/plugins/com.st.stm32cube.ide.mcu.externaltools.gnu-tools-for-stm32.10.3-2021.10.linux64_1.0.0.202111181127/tools/bin/../lib/gcc/arm-none-eabi/10.3.1/../../../../arm-none-eabi/lib/thumb/v7e-m+fp/hard/libc_nano.a(lib_a-mlock.o)
 .debug_frame   0x0000000000002d04       0x20 /home/aristizabal/st/stm32cubeide_1.10.1/plugins/com.st.stm32cube.ide.mcu.externaltools.gnu-tools-for-stm32.10.3-2021.10.linux64_1.0.0.202111181127/tools/bin/../lib/gcc/arm-none-eabi/10.3.1/../../../../arm-none-eabi/lib/thumb/v7e-m+fp/hard/libc_nano.a(lib_a-nano-msizer.o)
 .debug_frame   0x0000000000002d24       0x5c /home/aristizabal/st/stm32cubeide_1.10.1/plugins/com.st.stm32cube.ide.mcu.externaltools.gnu-tools-for-stm32.10.3-2021.10.linux64_1.0.0.202111181127/tools/bin/../lib/gcc/arm-none-eabi/10.3.1/../../../../arm-none-eabi/lib/thumb/v7e-m+fp/hard/libc_nano.a(lib_a-reent.o)
 .debug_frame   0x0000000000002d80       0xb0 /home/aristizabal/st/stm32cubeide_1.10.1/plugins/com.st.stm32cube.ide.mcu.externaltools.gnu-tools-for-stm32.10.3-2021.10.linux64_1.0.0.202111181127/tools/bin/../lib/gcc/arm-none-eabi/10.3.1/../../../../arm-none-eabi/lib/thumb/v7e-m+fp/hard/libc_nano.a(lib_a-lock.o)
 .debug_frame   0x0000000000002e30       0x20 /home/aristizabal/st/stm32cubeide_1.10.1/plugins/com.st.stm32cube.ide.mcu.externaltools.gnu-tools-for-stm32.10.3-2021.10.linux64_1.0.0.202111181127/tools/bin/../lib/gcc/arm-none-eabi/10.3.1/../../../../arm-none-eabi/lib/thumb/v7e-m+fp/hard/libnosys.a(sbrk.o)
