16:52:12 **** Incremental Build of configuration Debug for project Wheels_Test ****
make clean all 
rm -rf ./Startup/startup_stm32f411retx.d ./Startup/startup_stm32f411retx.o
rm -rf ./Src/main1.d ./Src/main1.o ./Src/main1.su ./Src/syscalls.d ./Src/syscalls.o ./Src/syscalls.su ./Src/sysmem.d ./Src/sysmem.o ./Src/sysmem.su
rm -rf Wheels_Test.elf Wheels_Test.list Wheels_Test.map default.size.stdout
 
arm-none-eabi-gcc -mcpu=cortex-m4 -g3 -DDEBUG -c -x assembler-with-cpp -MMD -MP -MF"Startup/startup_stm32f411retx.d" -MT"Startup/startup_stm32f411retx.o" --specs=nano.specs -mfpu=fpv4-sp-d16 -mfloat-abi=hard -mthumb -o "Startup/startup_stm32f411retx.o" "../Startup/startup_stm32f411retx.s"
arm-none-eabi-gcc "../Src/main1.c" -mcpu=cortex-m4 -std=gnu11 -g3 -DDEBUG -DSTM32 -DSTM32F4 -DSTM32F411RETx -DSTM32F411xE -c -I"/home/aristizabal/Documents/Repositories/Robotica_2024_01/Software_Toolchain/STM32Cube_FW_F4_V1.27.0/Drivers/CMSIS/Device/ST/STM32F4xx/Include" -I"/home/aristizabal/Documents/Repositories/Robotica_2024_01/Software_Toolchain/STM32Cube_FW_F4_V1.27.0/Drivers/CMSIS/Include" -I"/home/aristizabal/Documents/Repositories/Robotica_2024_01/PeripheralsDrivers/Inc" -O0 -ffunction-sections -fdata-sections -Wall -fstack-usage -MMD -MP -MF"Src/main1.d" -MT"Src/main1.o" --specs=nano.specs -mfpu=fpv4-sp-d16 -mfloat-abi=hard -mthumb -o "Src/main1.o"
arm-none-eabi-gcc "../Src/syscalls.c" -mcpu=cortex-m4 -std=gnu11 -g3 -DDEBUG -DSTM32 -DSTM32F4 -DSTM32F411RETx -DSTM32F411xE -c -I"/home/aristizabal/Documents/Repositories/Robotica_2024_01/Software_Toolchain/STM32Cube_FW_F4_V1.27.0/Drivers/CMSIS/Device/ST/STM32F4xx/Include" -I"/home/aristizabal/Documents/Repositories/Robotica_2024_01/Software_Toolchain/STM32Cube_FW_F4_V1.27.0/Drivers/CMSIS/Include" -I"/home/aristizabal/Documents/Repositories/Robotica_2024_01/PeripheralsDrivers/Inc" -O0 -ffunction-sections -fdata-sections -Wall -fstack-usage -MMD -MP -MF"Src/syscalls.d" -MT"Src/syscalls.o" --specs=nano.specs -mfpu=fpv4-sp-d16 -mfloat-abi=hard -mthumb -o "Src/syscalls.o"
arm-none-eabi-gcc "../Src/sysmem.c" -mcpu=cortex-m4 -std=gnu11 -g3 -DDEBUG -DSTM32 -DSTM32F4 -DSTM32F411RETx -DSTM32F411xE -c -I"/home/aristizabal/Documents/Repositories/Robotica_2024_01/Software_Toolchain/STM32Cube_FW_F4_V1.27.0/Drivers/CMSIS/Device/ST/STM32F4xx/Include" -I"/home/aristizabal/Documents/Repositories/Robotica_2024_01/Software_Toolchain/STM32Cube_FW_F4_V1.27.0/Drivers/CMSIS/Include" -I"/home/aristizabal/Documents/Repositories/Robotica_2024_01/PeripheralsDrivers/Inc" -O0 -ffunction-sections -fdata-sections -Wall -fstack-usage -MMD -MP -MF"Src/sysmem.d" -MT"Src/sysmem.o" --specs=nano.specs -mfpu=fpv4-sp-d16 -mfloat-abi=hard -mthumb -o "Src/sysmem.o"
arm-none-eabi-gcc -o "Wheels_Test.elf" @"objects.list"  -lPeripheralsDrivers -mcpu=cortex-m4 -T"/home/aristizabal/Documents/Repositories/Robotica_2024_01/Wheels_Test/STM32F411RETX_FLASH.ld" --specs=nosys.specs -Wl,-Map="Wheels_Test.map" -Wl,--gc-sections -static -L"/home/aristizabal/Documents/Repositories/Robotica_2024_01/PeripheralsDrivers/Debug" --specs=nano.specs -mfpu=fpv4-sp-d16 -mfloat-abi=hard -mthumb -u _printf_float -u _scanf_float -Wl,--start-group -lc -lm -Wl,--end-group
Finished building target: Wheels_Test.elf
 
arm-none-eabi-size   Wheels_Test.elf 
   text	   data	    bss	    dec	    hex	filename
  41504	    476	   2364	  44344	   ad38	Wheels_Test.elf
Finished building: default.size.stdout
 
arm-none-eabi-objdump -h -S  Wheels_Test.elf  > "Wheels_Test.list"
Finished building: Wheels_Test.list
 
